<?xml version="1.0" encoding="utf-8"?>
<TestRun id="13c5f2b6-6d02-42db-9fc7-f6066e6c35c0" name="luo@DESKTOP-4J13TH0 2026-08-10 02:11:21" runUser="DESKTOP-4J13TH0\luo" xmlns="http://microsoft.com/schemas/VisualStudio/TeamTest/2010">
  <Times creation="2026-08-10T02:11:21.1637473+08:00" queuing="2026-08-10T02:11:21.1637476+08:00" start="2026-08-10T02:11:19.1156588+08:00" finish="2026-08-10T02:11:21.2319125+08:00" />
  <TestSettings name="default" id="52c7153c-6616-4cdf-a389-681f56727dfa">
    <Deployment runDeploymentRoot="luo_DESKTOP-4J13TH0_2026-08-10_02_11_21" />
  </TestSettings>
  <Results>
    <UnitTestResult executionId="3b7b24ef-1727-42a1-9269-4236cd614f03" testId="9cf9f59b-3223-5cec-9053-a72eea093514" testName="Base05.Tests.SqlPersistenceRoundTripTests.Sqlite_round_trips_account_character_inventory_storage_and_mail" computerName="DESKTOP-4J13TH0" duration="00:00:00.7605404" startTime="2026-08-10T02:11:20.3050708+08:00" endTime="2026-08-10T02:11:21.0655599+08:00" testType="13cdc9d9-ddb5-4fa4-a97d-d965ccfc6d4b" outcome="Passed" testListId="8c84fa94-04c1-424b-9868-57a2d4851a1d" relativeResultsDirectory="3b7b24ef-1727-42a1-9269-4236cd614f03" />
    <UnitTestResult executionId="8ecc415e-50ec-4c71-b8ce-f1469aa1dac2" testId="b38567ab-3502-affc-4a96-8e2534f1581c" testName="Base05.Tests.SqlPersistenceRoundTripTests.Sql_save_failure_records_full_call_and_failure_segment" computerName="DESKTOP-4J13TH0" duration="00:00:00.0052192" startTime="2026-08-10T02:11:20.2997552+08:00" endTime="2026-08-10T02:11:20.3048794+08:00" testType="13cdc9d9-ddb5-4fa4-a97d-d965ccfc6d4b" outcome="Passed" testListId="8c84fa94-04c1-424b-9868-57a2d4851a1d" relativeResultsDirectory="8ecc415e-50ec-4c71-b8ce-f1469aa1dac2" />
    <UnitTestResult executionId="82d8c22d-591e-4d9b-b523-bf854d73fec4" testId="6e0fff1a-894b-3ee9-eebf-ed67831d1893" testName="Base05.Tests.SqlPersistenceRoundTripTests.Sql_retry_exhaustion_counts_one_final_failure_after_attempts" computerName="DESKTOP-4J13TH0" duration="00:00:00.0403127" startTime="2026-08-10T02:11:20.2494065+08:00" endTime="2026-08-10T02:11:20.2897773+08:00" testType="13cdc9d9-ddb5-4fa4-a97d-d965ccfc6d4b" outcome="Passed" testListId="8c84fa94-04c1-424b-9868-57a2d4851a1d" relativeResultsDirectory="82d8c22d-591e-4d9b-b523-bf854d73fec4" />
    <UnitTestResult executionId="5b6c3f26-0bad-4bc2-8cef-5b9fefe7d903" testId="e5dca11a-29c8-9b9c-77f3-660666093833" testName="Base05.Tests.SqliteSingleWriterTests.Sqlite连接启用Wal和五秒忙等待" computerName="DESKTOP-4J13TH0" duration="00:00:00.0546917" startTime="2026-08-10T02:11:20.0562968+08:00" endTime="2026-08-10T02:11:20.0982055+08:00" testType="13cdc9d9-ddb5-4fa4-a97d-d965ccfc6d4b" outcome="Passed" testListId="8c84fa94-04c1-424b-9868-57a2d4851a1d" relativeResultsDirectory="5b6c3f26-0bad-4bc2-8cef-5b9fefe7d903" />
    <UnitTestResult executionId="064ee19f-a2dc-451e-b634-da80c359b10c" testId="e0f5f252-0db0-9a8b-d5a9-4dd34a1f4116" testName="Base05.Tests.SqliteSingleWriterTests.Wal模式下单写事务进行时并发读取不死锁" computerName="DESKTOP-4J13TH0" duration="00:00:00.0377481" startTime="2026-08-10T02:11:20.0989903+08:00" endTime="2026-08-10T02:11:20.1392886+08:00" testType="13cdc9d9-ddb5-4fa4-a97d-d965ccfc6d4b" outcome="Passed" testListId="8c84fa94-04c1-424b-9868-57a2d4851a1d" relativeResultsDirectory="064ee19f-a2dc-451e-b634-da80c359b10c" />
    <UnitTestResult executionId="7a0c87b3-4a7b-41ee-a0e9-66305d33faa3" testId="fca6e1fe-0d22-f6a0-d620-861de219e87f" testName="Base05.Tests.SqliteSingleWriterTests.单写线程串行提交并把同域待处理请求合并为最新一次" computerName="DESKTOP-4J13TH0" duration="00:00:00.0273995" startTime="2026-08-10T02:11:20.0051252+08:00" endTime="2026-08-10T02:11:20.0428604+08:00" testType="13cdc9d9-ddb5-4fa4-a97d-d965ccfc6d4b" outcome="Passed" testListId="8c84fa94-04c1-424b-9868-57a2d4851a1d" relativeResultsDirectory="7a0c87b3-4a7b-41ee-a0e9-66305d33faa3" />
    <UnitTestResult executionId="33e559ef-7e75-4695-a51b-6425b3fe8fc0" testId="77ade749-cbbc-4a3f-176b-24f396cf406f" testName="Base05.Tests.ServerLifecycleSmokeTests.Sqlite最终保存连续失败时取消关服恢复成功后允许重试" computerName="DESKTOP-4J13TH0" duration="00:00:00.0063886" startTime="2026-08-10T02:11:21.1312162+08:00" endTime="2026-08-10T02:11:21.1313680+08:00" testType="13cdc9d9-ddb5-4fa4-a97d-d965ccfc6d4b" outcome="Passed" testListId="8c84fa94-04c1-424b-9868-57a2d4851a1d" relativeResultsDirectory="33e559ef-7e75-4695-a51b-6425b3fe8fc0" />
    <UnitTestResult executionId="40c710a4-2cd2-4a8f-bcba-653556508c04" testId="13c736ea-ef99-4959-3e96-1b9703f979a7" testName="Base05.Tests.ServerLifecycleSmokeTests.Sqlite关服先在主线程捕获四个最终快照并排空写队列" computerName="DESKTOP-4J13TH0" duration="00:00:00.0258953" startTime="2026-08-10T02:11:21.0660678+08:00" endTime="2026-08-10T02:11:21.0924122+08:00" testType="13cdc9d9-ddb5-4fa4-a97d-d965ccfc6d4b" outcome="Passed" testListId="8c84fa94-04c1-424b-9868-57a2d4851a1d" relativeResultsDirectory="40c710a4-2cd2-4a8f-bcba-653556508c04" />
    <UnitTestResult executionId="f1aba11d-9d36-470d-a0b6-65b993c2bc5a" testId="2141fe34-414e-d511-d1ce-d04ff30c4c08" testName="Base05.Tests.SqliteSingleWriterTests.Drain等待正在执行和排队的最后一次提交" computerName="DESKTOP-4J13TH0" duration="00:00:00.1031526" startTime="2026-08-10T02:11:20.1407372+08:00" endTime="2026-08-10T02:11:20.2442379+08:00" testType="13cdc9d9-ddb5-4fa4-a97d-d965ccfc6d4b" outcome="Passed" testListId="8c84fa94-04c1-424b-9868-57a2d4851a1d" relativeResultsDirectory="f1aba11d-9d36-470d-a0b6-65b993c2bc5a" />
    <UnitTestResult executionId="454bdd4c-c791-4a80-81f7-5782d25da2d9" testId="b40151a1-974c-f772-c96b-e74750faa80d" testName="Base05.Tests.SqlPersistenceRoundTripTests.Sql_retry_success_counts_attempt_failure_without_final_failure" computerName="DESKTOP-4J13TH0" duration="00:00:00.0097026" startTime="2026-08-10T02:11:20.2899643+08:00" endTime="2026-08-10T02:11:20.2995514+08:00" testType="13cdc9d9-ddb5-4fa4-a97d-d965ccfc6d4b" outcome="Passed" testListId="8c84fa94-04c1-424b-9868-57a2d4851a1d" relativeResultsDirectory="454bdd4c-c791-4a80-81f7-5782d25da2d9" />
  </Results>
  <TestDefinitions>
    <UnitTest name="Base05.Tests.SqlPersistenceRoundTripTests.Sql_save_failure_records_full_call_and_failure_segment" storage="c:\users\luo\.codex\worktrees\p3-db01-sqlite-writer-20260810\tests\base05.tests\bin\release\net10.0\base05.tests.dll" id="b38567ab-3502-affc-4a96-8e2534f1581c">
      <Execution id="8ecc415e-50ec-4c71-b8ce-f1469aa1dac2" />
      <TestMethod codeBase="C:\Users\luo\.codex\worktrees\p3-db01-sqlite-writer-20260810\Tests\Base05.Tests\bin\Release\net10.0\Base05.Tests.dll" adapterTypeName="executor://xunit/VsTestRunner3/netcore/" className="Base05.Tests.SqlPersistenceRoundTripTests" name="Sql_save_failure_records_full_call_and_failure_segment" />
    </UnitTest>
    <UnitTest name="Base05.Tests.SqlPersistenceRoundTripTests.Sql_retry_success_counts_attempt_failure_without_final_failure" storage="c:\users\luo\.codex\worktrees\p3-db01-sqlite-writer-20260810\tests\base05.tests\bin\release\net10.0\base05.tests.dll" id="b40151a1-974c-f772-c96b-e74750faa80d">
      <Execution id="454bdd4c-c791-4a80-81f7-5782d25da2d9" />
      <TestMethod codeBase="C:\Users\luo\.codex\worktrees\p3-db01-sqlite-writer-20260810\Tests\Base05.Tests\bin\Release\net10.0\Base05.Tests.dll" adapterTypeName="executor://xunit/VsTestRunner3/netcore/" className="Base05.Tests.SqlPersistenceRoundTripTests" name="Sql_retry_success_counts_attempt_failure_without_final_failure" />
    </UnitTest>
    <UnitTest name="Base05.Tests.SqliteSingleWriterTests.Drain等待正在执行和排队的最后一次提交" storage="c:\users\luo\.codex\worktrees\p3-db01-sqlite-writer-20260810\tests\base05.tests\bin\release\net10.0\base05.tests.dll" id="2141fe34-414e-d511-d1ce-d04ff30c4c08">
      <Execution id="f1aba11d-9d36-470d-a0b6-65b993c2bc5a" />
      <TestMethod codeBase="C:\Users\luo\.codex\worktrees\p3-db01-sqlite-writer-20260810\Tests\Base05.Tests\bin\Release\net10.0\Base05.Tests.dll" adapterTypeName="executor://xunit/VsTestRunner3/netcore/" className="Base05.Tests.SqliteSingleWriterTests" name="Drain等待正在执行和排队的最后一次提交" />
    </UnitTest>
    <UnitTest name="Base05.Tests.ServerLifecycleSmokeTests.Sqlite关服先在主线程捕获四个最终快照并排空写队列" storage="c:\users\luo\.codex\worktrees\p3-db01-sqlite-writer-20260810\tests\base05.tests\bin\release\net10.0\base05.tests.dll" id="13c736ea-ef99-4959-3e96-1b9703f979a7">
      <Execution id="40c710a4-2cd2-4a8f-bcba-653556508c04" />
      <TestMethod codeBase="C:\Users\luo\.codex\worktrees\p3-db01-sqlite-writer-20260810\Tests\Base05.Tests\bin\Release\net10.0\Base05.Tests.dll" adapterTypeName="executor://xunit/VsTestRunner3/netcore/" className="Base05.Tests.ServerLifecycleSmokeTests" name="Sqlite关服先在主线程捕获四个最终快照并排空写队列" />
    </UnitTest>
    <UnitTest name="Base05.Tests.SqlPersistenceRoundTripTests.Sql_retry_exhaustion_counts_one_final_failure_after_attempts" storage="c:\users\luo\.codex\worktrees\p3-db01-sqlite-writer-20260810\tests\base05.tests\bin\release\net10.0\base05.tests.dll" id="6e0fff1a-894b-3ee9-eebf-ed67831d1893">
      <Execution id="82d8c22d-591e-4d9b-b523-bf854d73fec4" />
      <TestMethod codeBase="C:\Users\luo\.codex\worktrees\p3-db01-sqlite-writer-20260810\Tests\Base05.Tests\bin\Release\net10.0\Base05.Tests.dll" adapterTypeName="executor://xunit/VsTestRunner3/netcore/" className="Base05.Tests.SqlPersistenceRoundTripTests" name="Sql_retry_exhaustion_counts_one_final_failure_after_attempts" />
    </UnitTest>
    <UnitTest name="Base05.Tests.SqliteSingleWriterTests.单写线程串行提交并把同域待处理请求合并为最新一次" storage="c:\users\luo\.codex\worktrees\p3-db01-sqlite-writer-20260810\tests\base05.tests\bin\release\net10.0\base05.tests.dll" id="fca6e1fe-0d22-f6a0-d620-861de219e87f">
      <Execution id="7a0c87b3-4a7b-41ee-a0e9-66305d33faa3" />
      <TestMethod codeBase="C:\Users\luo\.codex\worktrees\p3-db01-sqlite-writer-20260810\Tests\Base05.Tests\bin\Release\net10.0\Base05.Tests.dll" adapterTypeName="executor://xunit/VsTestRunner3/netcore/" className="Base05.Tests.SqliteSingleWriterTests" name="单写线程串行提交并把同域待处理请求合并为最新一次" />
    </UnitTest>
    <UnitTest name="Base05.Tests.ServerLifecycleSmokeTests.Sqlite最终保存连续失败时取消关服恢复成功后允许重试" storage="c:\users\luo\.codex\worktrees\p3-db01-sqlite-writer-20260810\tests\base05.tests\bin\release\net10.0\base05.tests.dll" id="77ade749-cbbc-4a3f-176b-24f396cf406f">
      <Execution id="33e559ef-7e75-4695-a51b-6425b3fe8fc0" />
      <TestMethod codeBase="C:\Users\luo\.codex\worktrees\p3-db01-sqlite-writer-20260810\Tests\Base05.Tests\bin\Release\net10.0\Base05.Tests.dll" adapterTypeName="executor://xunit/VsTestRunner3/netcore/" className="Base05.Tests.ServerLifecycleSmokeTests" name="Sqlite最终保存连续失败时取消关服恢复成功后允许重试" />
    </UnitTest>
    <UnitTest name="Base05.Tests.SqliteSingleWriterTests.Sqlite连接启用Wal和五秒忙等待" storage="c:\users\luo\.codex\worktrees\p3-db01-sqlite-writer-20260810\tests\base05.tests\bin\release\net10.0\base05.tests.dll" id="e5dca11a-29c8-9b9c-77f3-660666093833">
      <Execution id="5b6c3f26-0bad-4bc2-8cef-5b9fefe7d903" />
      <TestMethod codeBase="C:\Users\luo\.codex\worktrees\p3-db01-sqlite-writer-20260810\Tests\Base05.Tests\bin\Release\net10.0\Base05.Tests.dll" adapterTypeName="executor://xunit/VsTestRunner3/netcore/" className="Base05.Tests.SqliteSingleWriterTests" name="Sqlite连接启用Wal和五秒忙等待" />
    </UnitTest>
    <UnitTest name="Base05.Tests.SqliteSingleWriterTests.Wal模式下单写事务进行时并发读取不死锁" storage="c:\users\luo\.codex\worktrees\p3-db01-sqlite-writer-20260810\tests\base05.tests\bin\release\net10.0\base05.tests.dll" id="e0f5f252-0db0-9a8b-d5a9-4dd34a1f4116">
      <Execution id="064ee19f-a2dc-451e-b634-da80c359b10c" />
      <TestMethod codeBase="C:\Users\luo\.codex\worktrees\p3-db01-sqlite-writer-20260810\Tests\Base05.Tests\bin\Release\net10.0\Base05.Tests.dll" adapterTypeName="executor://xunit/VsTestRunner3/netcore/" className="Base05.Tests.SqliteSingleWriterTests" name="Wal模式下单写事务进行时并发读取不死锁" />
    </UnitTest>
    <UnitTest name="Base05.Tests.SqlPersistenceRoundTripTests.Sqlite_round_trips_account_character_inventory_storage_and_mail" storage="c:\users\luo\.codex\worktrees\p3-db01-sqlite-writer-20260810\tests\base05.tests\bin\release\net10.0\base05.tests.dll" id="9cf9f59b-3223-5cec-9053-a72eea093514">
      <Execution id="3b7b24ef-1727-42a1-9269-4236cd614f03" />
      <TestMethod codeBase="C:\Users\luo\.codex\worktrees\p3-db01-sqlite-writer-20260810\Tests\Base05.Tests\bin\Release\net10.0\Base05.Tests.dll" adapterTypeName="executor://xunit/VsTestRunner3/netcore/" className="Base05.Tests.SqlPersistenceRoundTripTests" name="Sqlite_round_trips_account_character_inventory_storage_and_mail" />
    </UnitTest>
  </TestDefinitions>
  <TestEntries>
    <TestEntry testId="9cf9f59b-3223-5cec-9053-a72eea093514" executionId="3b7b24ef-1727-42a1-9269-4236cd614f03" testListId="8c84fa94-04c1-424b-9868-57a2d4851a1d" />
    <TestEntry testId="b38567ab-3502-affc-4a96-8e2534f1581c" executionId="8ecc415e-50ec-4c71-b8ce-f1469aa1dac2" testListId="8c84fa94-04c1-424b-9868-57a2d4851a1d" />
    <TestEntry testId="6e0fff1a-894b-3ee9-eebf-ed67831d1893" executionId="82d8c22d-591e-4d9b-b523-bf854d73fec4" testListId="8c84fa94-04c1-424b-9868-57a2d4851a1d" />
    <TestEntry testId="e5dca11a-29c8-9b9c-77f3-660666093833" executionId="5b6c3f26-0bad-4bc2-8cef-5b9fefe7d903" testListId="8c84fa94-04c1-424b-9868-57a2d4851a1d" />
    <TestEntry testId="e0f5f252-0db0-9a8b-d5a9-4dd34a1f4116" executionId="064ee19f-a2dc-451e-b634-da80c359b10c" testListId="8c84fa94-04c1-424b-9868-57a2d4851a1d" />
    <TestEntry testId="fca6e1fe-0d22-f6a0-d620-861de219e87f" executionId="7a0c87b3-4a7b-41ee-a0e9-66305d33faa3" testListId="8c84fa94-04c1-424b-9868-57a2d4851a1d" />
    <TestEntry testId="77ade749-cbbc-4a3f-176b-24f396cf406f" executionId="33e559ef-7e75-4695-a51b-6425b3fe8fc0" testListId="8c84fa94-04c1-424b-9868-57a2d4851a1d" />
    <TestEntry testId="13c736ea-ef99-4959-3e96-1b9703f979a7" executionId="40c710a4-2cd2-4a8f-bcba-653556508c04" testListId="8c84fa94-04c1-424b-9868-57a2d4851a1d" />
    <TestEntry testId="2141fe34-414e-d511-d1ce-d04ff30c4c08" executionId="f1aba11d-9d36-470d-a0b6-65b993c2bc5a" testListId="8c84fa94-04c1-424b-9868-57a2d4851a1d" />
    <TestEntry testId="b40151a1-974c-f772-c96b-e74750faa80d" executionId="454bdd4c-c791-4a80-81f7-5782d25da2d9" testListId="8c84fa94-04c1-424b-9868-57a2d4851a1d" />
  </TestEntries>
  <TestLists>
    <TestList name="列表中未列出的结果" id="8c84fa94-04c1-424b-9868-57a2d4851a1d" />
    <TestList name="所有已加载的结果" id="19431567-8539-422a-85d7-44ee4e166bda" />
  </TestLists>
  <ResultSummary outcome="Completed">
    <Counters total="10" executed="10" passed="10" failed="0" error="0" timeout="0" aborted="0" inconclusive="0" passedButRunAborted="0" notRunnable="0" notExecuted="0" disconnected="0" warning="0" completed="0" inProgress="0" pending="0" />
    <Output>
      <StdOut>[xUnit.net 00:00:00.00] xUnit.net VSTest Adapter v3.0.2+dd36e86129 (64-bit .NET 10.0.4)&#xD;
[xUnit.net 00:00:00.13]   Discovering: Base05.Tests&#xD;
[xUnit.net 00:00:00.22]   Discovered:  Base05.Tests&#xD;
[xUnit.net 00:00:00.25]   Starting:    Base05.Tests&#xD;
[xUnit.net 00:00:01.41]   Finished:    Base05.Tests&#xD;
</StdOut>
    </Output>
  </ResultSummary>
</TestRun>