;;Movement
10001:  1.wav
10002:  2.wav
10003:  3.wav
10004:  4.wav
10005:  5.wav
10006:  6.wav
10007:  7.wav
10008:  8.wav
10009:  9.wav
10010:  10.wav
10011:  11.wav
10012:  12.wav
10013:  13.wav
10014:  14.wav
10015:  15.wav
10016:  16.wav
10017:  17.wav
10018:  18.wav
10019:  19.wav
10020:  20.wav
10021:  21.wav
10022:  22.wav
10023:  23.wav
10024:  24.wav
10025:  25.wav
10026:  26.wav
10027:  27.wav
10028:  28.wav
10029:  29.wav
10030:  30.wav
10031:  31.wav
10032:  32.wav
10048:  M42-2.wav
10049:  game-over2.wav
;;Swing
10050:  50.wav
10051:  51.wav
10052:  52.wav
10053:  53.wav
10054:  54.wav
10055:  55.wav
10056:  56.wav
10057:  57.wav
;;Struck
10060:  60.wav
10061:  61.wav
10062:  62.wav
10063:  63.wav
10064:  64.wav
10065:  65.wav
10070:  70.wav
10071:  71.wav
10072:  72.wav
10073:  73.wav
10080:  80.wav
10081:  81.wav
10082:  82.wav
10083:  83.wav
10091:  91.wav
10092:  92.wav
10100:  100.wav
10101:  101.wav
10102:  102.wav
10103:  103.wav
10104:  104.wav
10105:  105.wav
10106:  106.wav
10107:  107.wav
10108:  108.wav
10109:  109.wav
10110:  110.wav
10111:  111.wav
10112:  112.wav
10113:  113.wav
10114:  114.wav
10115:  115.wav
10116:  116.wav
10117:  117.wav
10118:  118.wav
10125:  125.wav
10126:  126.wav
10130:  M7-1.wav
10131:  M7-2.wav
10132:  M12-1.wav
10133:  M25-1.wav
10134:  M27-L.wav
10135:  M27-R.wav
10136:  M26-1.wav
10137:  M26-3.wav
10138:  138.wav
10139:  139.wav
10140:  M34-1.wav   
10141:  M38-0.wav    
10142:  M38-1.wav
10144:  144.wav
10145:  145.wav
10146:  Log-in-long2.wav
10147:  sellect-loop2.wav
10148:  carol-song03.wav
10149:  carol-song04.wav
10150:  carol-song05.wav
10151:  carol-song06.wav
10152:  carol-song07.wav
10153:  maemi.wav
10154:  love01.wav
10155:  love02.wav
10156:  levelup.wav
10157:  2530-att1.wav
10158:  birthday.wav
10159:  2440-att5.wav
10160:  cherish.wav
10161:  worldcup.wav
10162:  armoreffect.wav
10163:  2780-att2-3.wav
10164:  killerMan-struck.wav
10165:  killerWo-struck.wav
10166:  killerMan-die.wav
10167:  killerWo-die.wav
10168:  killerMan-att3.wav
10169:  killerWo-att3.wav
10170:  killerWeapon-att1.wav
10171:  killerWeapon-att2.wav
10172:  killerWeapon-att3.wav
10173:  killerWeapon-struck1.wav
10174:  killerWeapon-struck2.wav
10175:  killerWeapon-struck3.wav
;;Mounts
10176:  ride_walk_l.wav
10177:  ride_walk_r.wav
10178:  ride_run.wav
10179:  tiger_struck_1.wav
10180:  tiger_struck_2.wav
10181:  tiger_attack_1.wav
10182:  tiger_attack_2.wav
10183:  tiger_attack_3.wav

;;Fishing
10184:	fishing_throw.wav
10185:	fishing_pull.wav
10186:	fishing.wav
10187:  HumUp.wav
;;Mounts
10188:  wolf_ride01.wav
10189:  wolf_ride02.wav
10190:  wolf_attack1.wav
10191:  wolf_attack2.wav
10192:  wolf_attack3.wav
10193:  wolf_struck1.wav
10194:  wolf_struck1.wav
10195:  HeroBothAttack.wav
10196:  Chimera_att5.wav
10197:  Chimera_att5_2.wav
10198:  Chimera_att5_3.wav
10217:  tiger_target_struck.wav
10218:  tiger_ride_1.wav
10219:  tiger_ride_2.wav
;;Pets
10500:  pet_pig.wav
10501:  pet_chick.wav
10502:  pet_kitty.wav
10503:  pet_skeleton.wav
10504:  pet_pigman.wav
10505:  pet_weman.wav
10506:  pet_kitty.wav
10507:  pet_blackdragon.wav
10508:  pet_olympicmascot.wav
10509:  pet_wintersnow.wav
10510:  pet_frog.wav
10511:  pet_monkey.wav
10512:  Pet_hen.wav
10513:  pet_Husky.wav
10514:  pet_rat.wav
10515:  pet_weman.wav
10520:  pet_pickup.wav

;;MON -> 卫士--------MON1-----------OK 
0002:  M91-0.wav
;;MON -> 森林雪人
0011:  210-1.wav
0012:  210-2.wav
0014:  210-4.wav
0015:  210-5.wav
;;MON -> 带刀侍卫 
0022:  M4-0.wav
;;MON -> 卫兵 
0042:  M91-0.wav

;;MON -> 食人花--------MON2-----------OK 
0100:  300-1.wav
0101:  300-1.wav
0102:  300-2.wav
0104:  300-4.wav
0105:  300-5.wav
;;MON -> 南瓜女巫
0122:  M76-0.wav
;;MON -> 大面团
0134:  struck_2.wav
;;MON -> 狼
0141:  900-1.wav
0142:  900-2.wav
0144:  900-4.wav
0145:  900-5.wav
;;MON -> 土狼
0151:  900-1.wav
0152:  900-2.wav
0154:  900-4.wav
0155:  900-5.wav
;;MON -> 牛
0172:  370-2.wav
0174:  370-4.wav
0175:  370-5.wav

;;MON -> Skeleton--------MON3-----------OK
0200:  
0201:  400-1.wav
0202:  400-2.wav
0203:  400-3.wav
0204:  400-4.wav
0205:  400-5.wav

;;MON -> AxeSkeleton
0210:  
0211:  410-1.wav
0212:  410-2.wav
0213:  
0214:  410-4.wav
0215:  410-5.wav

;;MON -> BoneFighter
0220:  
0221:  420-1.wav
0222:  420-2.wav
0223:  
0224:  420-4.wav
0225:  420-5.wav

;;MON -> BoneWarrior
0230:  
0231:  430-1.wav
0232:  430-2.wav
0233:  430-3.wav
0234:  430-4.wav
0235:  430-5.wav

;;MON -> CaveMaggot
0240:  
0241:  440-1.wav
0242:  440-2.wav
0243:  
0244:  440-4.wav
0245:  440-5.wav

;;MON -> HookingCat
0250:  
0251:  450-1.wav
0252:  450-2.wav
0253:  450-3.wav
0254:  450-4.wav
0255:  450-5.wav

;;RakingCat -> RakingCat
0260:  
0261:  460-1.wav
0262:  460-2.wav
0263:  460-3.wav
0264:  460-4.wav
0265:  460-5.wav

;;MON -> Scarecrow
0270:  
0271:  470-1.wav
0272:  470-2.wav
0274:  470-4.wav
0275:  470-5.wav

;;MON -> Dark
0280:  
0281:  480-1.wav
0282:  480-2.wav
0284:  480-4.wav
0285:  480-5.wav

;;MON -> Dung
0290:  
0291:  490-1.wav
0292:  490-2.wav
0294:  490-4.wav
0295:  490-5.wav

;;MON -> WoomaSoldier
0300:  
0301:  500-1.wav
0302:  500-2.wav
0303: 
0304:  500-4.wav
0305:  500-5.wav 

;;MON -> FlamingWooma
0310:  
0311:  510-1.wav
0312:  510-2.wav
0313: 
0314:  510-4.wav
0315:  510-5.wav

;;MON -> WoomaFighter
0320:  
0321:  520-1.wav
0322:  520-2.wav
0323: 
0324:  520-4.wav
0325:  520-5.wav

;;MON -> WoomaWarrior
0330:  
0331:  530-1.wav
0332:  530-2.wav
0333: 
0334:  530-4.wav
0335:  530-5.wav

;;MON -> WoomaTaurus
0340:  
0341:  540-1.wav
0342:  540-2.wav
0343:  540-3.wav
0344:  540-4.wav
0345:  540-5.wav

;;MON -> RedSnake
0360:  
0361:  560-1.wav
0362:  560-2.wav
0333: 
0364:  560-4.wav
0365:  530-5.wav

;;MON -> BoneFamiliar
0370:  M17-3.wav
0371:  
0372:  54.wav
0373:  64.wav
0374:  
0375:  570-5.wav

;;MON -> TigerSnake
0380:  
0381:  580-1.wav
0382:  580-2.wav
0383: 
0384:  580-4.wav
0385:  580-5.wav

;;MON -> WedgeMoth
0390:  
0391:  590-1.wav
0392:  590-2.wav
0393: 
0394:  590-4.wav
0395:  590-5.wav

;;MON -> ShamanZombie
0401:	600-1.wav
0402:	600-2.wav
0404:	600-4.wav
0405:	600-5.wav

;;MON -> BugBatMaggot
0410:  
0411:  610-1.wav
0412:  610-2.wav
0413: 
0414:  610-4.wav
0415:  610-5.wav

;;MON -> BugBat
0420:  
0421:  620-1.wav
0422:  620-2.wav
0423: 
0424:  620-4.wav
0425:  620-5.wav

;;MON -> Sheep
0430:  
0431:  630-1.wav
0432:  630-2.wav
0433: 
0434:  630-4.wav
0435:  630-5.wav

;;MON -> SkyStinger
0440:  
0441:  640-1.wav
0442:  640-2.wav
0443: 
0444:  640-4.wav
0445:  640-5.wav

;;MON -> ShellNipper
0450:  
0451:  650-1.wav
0452:  650-2.wav
0453: 
0454:  650-4.wav
0455:  650-5.wav

;;MON -> BigRat
0460:  
0461:  660-1.wav
0462:  660-2.wav
0463: 
0464:  660-4.wav
0465:  660-5.wav

;;MON -> ZumaArcher
0470:  
0471:  670-1.wav
0472:  670-2.wav
0473:  
0474:  670-4.wav
0475:  670-5.wav

;;MON -> VisceralWorm
0480:  
0481:  680-1.wav
0482:  680-2.wav
0483:  
0484:  680-4.wav
0485:  680-5.wav

;;MON -> SandWorm
0490:  
0491:  690-1.wav
0492:  690-2.wav
0493:  
0494:  690-4.wav
0495:  690-5.wav

;;MON -> DigOutZombie 
0500:	700-0.wav
0501:	700-1.wav
0502:	700-2.wav
0503:	
0504:	700-4.wav
0505:	700-5.wav

;;MON -> ClZombie
0510:	
0511:	710-1.wav
0512:	710-2.wav
0513:	
0514:	710-4.wav
0515:	710-5.wav

;;MON -> NdZombie
0520:	720-0.wav
0521:	720-1.wav
0522:	720-2.wav
0523:	
0524:	720-4.wav
0525:	720-5.wav

;;MON -> CrawlerZombie
0531:	730-1.wav
0532:	730-2.wav
0534:	730-4.wav
0535:	730-5.wav

;;MON -> DarkDevourer
0547:   747-attack2.wav

;;MON -> PoisonHugger
0551:  751.wav
0552:  752.wav
0554:  754.wav
0555:  755.wav
0557:  757-foot-r.wav
0558:  758-foot-l.wav
0559:  759-move.wav

;;MON -> Hugger
0561:  761.wav
0562:  762.wav
0564:  764.wav
0565:  765.wav
0566:  766-effect2.wav
0567:  767-effect3.wav
0568:  768-effect4.wav
0569:  769-effect5.wav

;;MON -> Behemoth 怨恶
0570:	
0571:	771.wav
0572:	772.wav
0573:	
0574:	774.wav
0575:	775.wav
0576:	776-attack2.wav
0577:	777-attack3.wav
0578:	778-attack4.wav
0579:	779-attack5.wav

;;MON -> ZumaStatue
0611:  810-1.wav
0612:  810-2.wav
0614:  810-4.wav
0615:  810-5.wav

;;MON -> ZumaGuardian
0621:  820-1.wav
0622:  820-2.wav
0624:  820-4.wav
0625:  820-5.wav

;;MON -> ZumaTaurus
0630:  830-0.wav
0631:  830-1.wav
0632:  830-2.wav
0633:  830-3.wav
0634:  830-4.wav
0635:  830-5.wav

;;MON -> GreyWolf
0701:  900-1.wav
0702:  900-2.wav
0704:  900-4.wav
0705:  900-5.wav

;;MON -> ArcherGuard
0710:  
0711:  
0712:  
0713:  2150-3.wav
0714:  
0715:  wlidwoodwork_die.wav

;;MON -> KatanaGuard
0720:
0721:
0722:
0723:
0724:
0725:

;;MON -> Centipede
0731:  930-1.wav
0732:  930-2.wav
0734:  930-4.wav
0735:  930-5.wav

;;MON -> BlackMaggot
0740:  940-0.wav
0741:  940-1.wav
0742:  940-2.wav
0744:  940-4.wav
0745:  940-5.wav

;;MON -> CaveBat
0802:  1000-2.wav
0805:  1000-5.wav
0806:  1000-6.wav

;;MON -> WhimperingBee
0811:  1010-1.wav
0812:  1010-2.wav
0815:  1010-5.wav

;;MON -> GiantWorm
0821:  1020-1.wav
0822:  1020-2.wav
0824:  1020-4.wav
0825:  1020-5.wav

;;MON -> Scorpion
0832:  1030-2.wav
0835:  1030-5.wav

;;MON -> Keratoid
0901:  1100-1.wav
0902:  1100-2.wav
0904:  1100-4.wav
0905:  1100-5.wav

;;MON -> GiantKeratoid
0911:  1110-1.wav
0912:  1110-2.wav
0914:  1110-4.wav
0915:  1110-5.wav

;;MON -> RedEvilApe
0921:  1360-1.wav
0922:  1360-2.wav
0923:  1360-3.wav
0924:  1360-4.wav
0925:  1360-5.wav

;;MON -> GrayEvilApe
0931:  1360-1.wav
0932:  1360-2.wav
0933:  1360-3.wav
0934:  1360-4.wav
0935:  1360-5.wav

;;MON -> Oma
1000:
1001:   1200-1.wav
1002:   1200-2.wav
1003:
1004:   1200-4.wav
1005:   1200-5.wav

;;MON -> OmaFighter
1010:
1011:   1210-1.wav
1012:   1210-2.wav
1013:   1220-3.wav
1014:   1210-4.wav
1015:   1210-5.wav

;;MON -> OmaWarrior
1020:
1021:   1220-1.wav
1022:   1220-2.wav
1023:   1220-3.wav
1024:   1220-4.wav
1025:   1220-5.wav

;;MON -> SpiderFrog
1030:
1031:   1230-1.wav
1032:   1230-2.wav
1033:   
1034:   1230-4.wav
1035:   1230-5.wav

;;MON -> HoroBlaster
1040:
1041:   1240-1.wav
1042:   1240-2.wav
1043:   
1044:   1240-4.wav
1045:   1240-5.wav

;;MON -> BlueHoroBlaster
1050:
1051:   1240-1.wav
1052:   1240-2.wav
1053:   
1054:   1240-4.wav
1055:   1240-5.wav

;;MON -> KekTal
1060:
1061:   1260-1.wav
1062:   1260-2.wav
1063:   1260-3.wav
1064:   1260-4.wav
1065:   1260-5.wav

;;MON -> VioletKekTal
1070:
1071:   1260-1.wav
1072:   1260-2.wav
1073:   
1074:   1260-4.wav
1075:   1260-5.wav

;;MON -> RedBoar
1101:   1310-1.wav
1102:   1310-2.wav
1104:   1310-4.wav
1105:   1310-5.wav

;;MON -> BlackBoar
1111:   1310-1.wav
1112:   1310-2.wav
1114:   1310-4.wav
1115:   1310-5.wav

;;MON -> BlackBoar
1121:   1320-1.wav
1123:   1320-3.wav
1124:   1320-4.wav
1125:   1320-5.wav

;;MON -> SpiderBat
1130:  
1131:  1330-1.wav
1132:  1330-2.wav
1133:  1330-3.wav
1134:  1330-4.wav
1135:  1330-5.wav

;;MON -> GangSpider
1141:  1340-1.wav
1142:  1340-2.wav
1143:  1340-3.wav
1144:  1340-4.wav
1145:  1340-5.wav

;;MON -> BigApe
1151:  1350-1.wav
1152:  1350-2.wav
1153:  
1154:  1350-4.wav
1155:  1350-5.wav

;;MON -> EvilApe
1161:  1360-1.wav
1162:  1360-2.wav
1163:  1360-3.wav
1164:  1360-4.wav
1165:  1360-5.wav

;;MON -> LureSpider
1171:  1370-1.wav
1172:  1370-2.wav
1173:  1370-3.wav
1174:  1370-4.wav
1175:  1370-5.wav

;;MON -> GreatSpider
1181:  1380-1.wav
1182:  1380-2.wav
1184:  1380-4.wav
1185:  1380-5.wav

;;MON -> VenomSpider
1191:  1390-1.wav
1192:  1390-2.wav
1193:  1390-3.wav
1194:  1390-4.wav
1195:  1390-5.wav

;;MON -> Tongs
1201:  1400-1.wav
1202:  1400-2.wav
1204:  1400-4.wav
1205:  1400-5.wav

;;MON -> EvilTongs
1211:  1410-1.wav
1212:  1410-2.wav
1214:  1410-4.wav
1215:  1410-5.wav

;;MON -> SnakeScorpion
1300:  
1301:  1500-1.wav
1302:  1500-2.wav
1303:  1500-3.wav
1304:  1500-4.wav
1305:  1500-5.wav

;;MON -> RedMoonEvil
1310:  
1311:  1510-1.wav
1312:  1510-2.wav
1313:  1510-3.wav
1314:  1510-4.wav
1315:  1510-5.wav

;;MON-> RootSpider
1321:  1520-1.wav
1322:  1520-2.wav
1324:  1520-4.wav
1325:  1520-5.wav

;;MON-> BombSpider
1331:  1530-1.wav
1332:  1530-2.wav
1334:  1530-4.wav
1335:  1530-5.wav

;;MON-> EvilCentipede
1340:  1600-0.wav
1342:  1600-2.wav
1343:  1600-3.wav
1344:  1600-4.wav
1345:  1600-5.wav

;;MON-> GhastlyLeecher
1351:  1551.wav
1352:  1552.wav
1354:  1554.wav
1355:  1555.wav
1357:  1557-foot-r.wav
1358:  1558-foot-l.wav

;;MON-> GhastlyLeecher
1361:  1551.wav
1362:  1552.wav
1364:  1554.wav
1365:  1555.wav
1367:  1567-boom.wav

;;MON-> MutatedManworm
1371:  1571.wav
1372:  1572.wav
1374:  1574.wav
1375:  1575.wav
1377:  1577-attack2.wav
1378:  1578-spacemove.wav

;;MON-> CrazyManworm
1381:  1571.wav
1382:  1572.wav
1384:  1574.wav
1385:  1575.wav
1387:  1587-attack2.wav

;;MON-> DreamDevourer
1391:  1591.wav
1392:  1592.wav
1394:  1594.wav
1395:  1595.wav
1397:  1597-attack2.wav
1398:  1598-foot-r.wav
1399:  1599-foot-l.wav

;;MON -> EvilCentipede1
1400:  1600-0.wav
1401:  
1402:  1600-2.wav
1403:  1600-3.wav
1404:  1600-4.wav
1405:  1600-5.wav

;;MON -> Snowman
1474:  1670-4.wav

;;MON -> BoneElite
1501:  1700-1.wav
1502:  1700-2.wav
1503:  1700-2.wav
1504:  1700-4.wav
1505:  1700-5.wav

;;MON -> WoomaGuardian
1511:  1710-1.wav
1512:  1710-2.wav
1514:  1710-4.wav
1515:  1710-5.wav

;;MON -> Ghoul
1521:  1720-1.wav
1522:  1720-2.wav
1524:  1720-4.wav
1525:  1720-5.wav

;;MON -> Hen
1601:  1800-1.wav
1602:  1800-2.wav
1604:  1800-4.wav
1605:  1800-5.wav

;;MON -> Deer
1610:
1611:  1810-1.wav
1612:  1810-2.wav
1613:  
1614:  1810-4.wav
1615:  1810-5.wav

;;MON -> Yob
1621:  1820-1.wav
1622:  1820-2.wav
1624:  1820-4.wav
1625:  1820-5.wav

;;MON -> SpittingSpider
1630:  
1631:  1830-1.wav
1632:  1830-2.wav
1634:  1830-4.wav
1635:  1830-5.wav

;;MON -> EvilSnake

;;MON -> Shinsu
1700:   M30-3.wav
1701:  1900-1.wav
1702:  
1704:  1900-4.wav
1705:  1900-5.wav

;;MON -> Shinsu1
1710:  1910-0.wav
1711:  1910-1.wav
1712:  1910-2.wav
1713:  1910-3.wav
1714:  1900-4.wav
1715:  1900-5.wav

;;MON -> HolyDeva
1720:  1920-0.wav
1721:  1920-1.wav
1722:  
1723:   M11-2.wav
1724:  1920-4.wav
1725:  1920-5.wav

;;MON -> KingScorpion
1800:   
1801:   2000-1.wav
1802:   2000-2.wav
1803:   2000-3.wav
1804:   2000-4.wav
1805:   2000-5.wav

;;MON -> KingHog
1810:   
1811:   2010-1.wav
1812:   2010-2.wav
1813:   2010-3.wav
1814:   2010-4.wav
1815:   2010-5.wav

;;MON -> DarkDevil
1820:   
1821:   2020-1.wav
1822:   2020-2.wav
1823:   2020-3.wav
1824:   2020-4.wav
1825:   2020-5.wav

;;MON -> Red Turtle
1830:
1831:  1310-1.wav
1832:  720-2.wav
1833:
1834:  480-4.wav
1835:  600-4.wav

;;MON -> GreenTurtle
1840:
1841:  1310-1.wav
1842:  720-2.wav
1843:
1844:  480-4.wav
1845:  600-4.wav

;;MON -> BlueTurtle
1850:
1851:  1310-1.wav
1852:  720-2.wav
1853:
1854:  480-4.wav
1855:  600-4.wav

;;MON -> Catapult
1864:   2060-4.wav
1865:   2060-5.wav
1866:   2060-make.wav
1867:   2060-att1-1.wav
1868:   2060-att1-2.wav

;;MON -> SabukWall
1884:   2080-4.wav
1885:   2080-5.wav
1886:   2080-break1.wav
1887:   2080-break2.wav

;;MON -> NammandWall
1894:   2080-4.wav
1895:   2080-5.wav
1800:
1801:   2100-1.wav
1802:   2100-2.wav

;;MON -> RoninGhoul
1903:   2100-3.wav 
1904:   2100-4.wav
1905:   2100-5.wav

;;MON -> ToxicGhoul
1910:
1911:   2110-1.wav
1912:   2110-2.wav
1913:   2110-3.wav
1914:   2110-4.wav
1915:   2110-5.wav

;;MON -> BoneCaptain
1920:
1921:   2120-1.wav
1922:   2120-2.wav
1923:   2120-3.wav
1924:   2120-4.wav
1925:   2120-5.wav

;;MON -> BoneSpearman
1930:
1931:   2130-1.wav
1932:   2130-2.wav
1933:   2130-3.wav
1934:   2130-4.wav
1935:   2130-5.wav

;;MON -> BoneBlademan
1940:
1941:   2140-1.wav
1942:   2130-2.wav
1943:   2140-3.wav
1944:   2130-4.wav
1945:   2130-5.wav

;;MON -> BoneArcher
1950:
1951:   2150-1.wav 
1952:   2130-2.wav
1953:   2150-3.wav
1954:   2130-4.wav
1955:   2130-5.wav

;;MON -> BoneLord
1960:   2160-0.wav
1961:   2160-1.wav
1962:   2160-2.wav
1963:   2160-3.wav
1964:   2160-4.wav
1965:   2160-5.wav

;;MON -> BlueSanta
1972:   2170-2.wav
1974:   2170-4.wav
1975:   2170-5.wav

;;MON -> BattleStandard
1984:   2180-4.wav
1985:   2180-5.wav

;;MON -> ArcherGuard2
1990:
1991:  
1992:  M99-5.wav
1993:  
1994:
1995:  wlidwoodwork_die.wav

;;MON -> Minotaur
2000:
2001:   2200-1.wav
2002:   2200-2.wav
2003:   2200-3.wav
2004:   2200-4.wav
2005:   2200-5.wav

;;MON -> IceMinotaur
2010:
2011:   2210-1.wav
2012:   2210-2.wav
2013:   2210-3.wav
2014:   2210-4.wav
2015:   2210-5.wav

;;MON -> ElectricMinotaur
2020:
2021:   2220-1.wav
2022:   2220-2.wav
2023:   2220-3.wav
2024:   2220-4.wav
2025:   2220-5.wav

;;MON -> WindMinotaur
2030:
2031:   2230-1.wav
2032:   2230-2.wav
2033:   2230-3.wav
2034:   2230-4.wav
2035:   2230-5.wav

;;MON -> FireMinotaur
2040:
2041:   2240-1.wav
2042:   2240-2.wav
2043:   2240-3.wav
2044:   2240-4.wav
2045:   2240-5.wav

;;MON -> RightGuard
2050:
2051:   2250-1.wav
2052:   2250-2.wav
2053:   2250-3.wav
2054:   2250-4.wav
2055:   2250-5.wav

;;MON -> LeftGuard
2060:
2061:   2260-1.wav
2062:   2260-2.wav
2063:   2260-3.wav
2064:   2260-4.wav
2065:   2260-5.wav

;;MON -> MinotaurKing
2070:
2071:   2270-1.wav
2072:   2270-2.wav
2073:   2270-3.wav
2074:   2270-4.wav
2075:   2270-5.wav
2076:   2270.wav

;;MON -> RedYimoogi

;;MON -> WingedOma
2100:
2101:   2300-1.wav
2102:   2300-2.wav
2103:   2300-3.wav
2104:   2300-4.wav
2105:   2300-5.wav
2106:   2300-6.wav

;;MON -> FlailOma
2110:
2111:   2310-1.wav
2112:
2113:   2310-3.wav
2114:   2310-4.wav
2115:   2310-5.wav
 
;;MON -> OmaGuard
2120:
2121:   2320-1.wav
2122:
2123:   2320-3.wav
2124:   2320-4.wav
2125:   2320-5.wav

;;MON -> SwordOma
2130:
2131:   2330-1.wav
2132:
2133:   2330-3.wav
2134:   2330-4.wav
2135:   2330-5.wav

2140:
2141:   2340-1.wav
2142:                 
2143:   2340-3.wav
2144:   2340-4.wav
2145:   2340-5.wav

2150:
2151:   2350-1.wav
2152:                 
2153:   2350-3.wav
2154:   2350-4.wav
2155:   2350-5.wav

2170:
2171:   2370-1.wav
2172:
2173:   2370-3.wav
2174:   2370-4.wav
2175:   2370-5.wav

2180:
2181:   2370-1.wav
2182:
2183:   2380-3.wav
2184:   2370-4.wav
2185:   2370-5.wav

2190:
2191:   2390-1.wav
2192:                 
2193:   2390-3.wav
2194:   2390-4.wav
2195:   2390-5.wav
2196:   2390-6.wav

2200:
2201:   2400-1.wav
2202:   2400-2.wav
2203:   
2204:   2400-4.wav
2205:   2400-5.wav
2206:   2400-6.wav

2210:
2211:   2410-1.wav
2212:   2410-2.wav
2213:   
2214:   2410-4.wav
2215:   2410-5.wav
2216:   2410-6.wav

2220:	
2221:	2420-1.wav
2222:	2420-2.wav
2223:
2224:	2420-4.wav
2225:	2420-5.wav
2226:	2420-6.wav

2230:	
2231:	2430-1.wav
2232:	2430-2.wav
2233:
2234:	2430-4.wav
2235:	2430-5.wav
2236:	2430-6.wav
2237:	2430-7.wav

2240:
2241:   2440-1.wav
2242:   2440-2.wav
2243:   
2244:   2440-4.wav
2245:   2440-5.wav
2246:   2440-att1.wav
2247:   2440-att2.wav
2248:   2440-att3.wav
2249:   2440-att4.wav

2250:
2251:  2450-1.wav
2252:  2450-2.wav
2253:
2254:  2450-4.wav
2255:  2450-5.wav

2260:
2261:  2460-1.wav
2262:  2460-2.wav
2263:
2264:  2460-4.wav
2265:  2460-5.wav

2270:
2271:  2470-1.wav
2272:  2470-2.wav
2273:
2274:  2470-4.wav
2275:  2470-5.wav

2280:	
2281:	2420-1.wav
2282:	2420-2.wav
2283:
2284:	2420-4.wav
2285:	2420-5.wav
2286:	2420-6.wav

2291:  2490-1.wav
2292:  2490-2.wav
2294:  2490-4.wav
2295:  2490-5.wav
2296:  2490-6walk.wav
2297:  2490-7att2.wav
2298:  2490-8att3.wav
2299:  2490-9att4.wav

2300:
2301:  900-1.wav
2302:  2500-2.wav
2303:
2304:  2500-4.wav
2305:  900-5.wav
2306:  2500-att1.wav

2310:
2311:  2510-1.wav
2312:  
2313:
2314:  2510-4.wav
2315:  900-5.wav
2316:  2510-att1.wav
2317:  2510-att2.wav

2320:
2321:  2520-1.wav
2322:  2520-2.wav
2323:
2324:  2520-4.wav
2325:  900-5.wav
2326:  2520-att1.wav
2327:  2520-att2.wav
2328:  2520-att3.wav

2330:  2530-0.wav
2331:  2530-1.wav
2332:  
2333:
2334:  2530-4.wav
2335:  2530-5.wav

2340:
2341:  M47-0.wav
2342:  
2343:
2344:  
2345:  
2346:  2540-att1.wav
2347:  2540-att2.wav

2350:
2351:  2550-1.wav
2352:  2550-2.wav
2353:
2354:  2550-4.wav
2355:  2550-5.wav

2360:
2361:  2560-1.wav
2362:  2560-2.wav
2363:
2364:  2560-4.wav
2365:  2560-5.wav

;;MON -> GreatFoxSpirit
2370:
2371:  2570-1.wav
2372:  
2373:   
2374:  2570-4.wav
2375:  2570-5.wav
2376:  2570-att1.wav
2377:  2570-att2.wav
2378:  2570-att3.wav
2379:  2570-att4.wav

;;MON -> HedgeKekTal
2380:
2381:  2580-1.wav
2382:  2580-2.wav
2383:
2384:  2580-4.wav
2385:  2580-5.wav

;;MON -> BigHedgeKekTal
2390:
2391:  2590-1.wav
2392:  2590-2.wav
2393:
2394:  2590-4.wav
2395:  2590-5.wav

;;MON -> RedFrogSpider
2400:
2401:  2600-1.wav
2402:  2600-2.wav
2403:
2404:  2600-4.wav
2405:  2600-5.wav

;;MON -> B
2410:
2411:  2610-1.wav
2412:  2610-2.wav
2413:
2414:  2610-4.wav
2415:  2610-5.wav

;;MON -> B
2420:
2421:  1310-1.wav
2422:  720-2.wav
2423:
2424:  480-4.wav
2425:  600-4.wav

;;MON -> B
2430:
2431:  1310-1.wav
2432:  
2433:
2434:  480-4.wav
2435:  600-4.wav

;;MON -> B
2440:  
2441:  810-1.wav
2442:  810-4.wav
2443:  
2444:  810-4.wav

2445:  M32-3
;;MON -> B
2450:
2451:  1310-1.wav
2452:  720-2.wav
2453:
2454:  480-4.wav
2455:  600-4.wav

;;MON -> B
2460:
2461:  1310-1.wav
2462:  
2463:
2464:  480-4.wav
2465:  600-4.wav

;;MON -> B
2470:
2471:   2330-1.wav
2472:
2473:   2330-3.wav
2474:   2330-4.wav
2475:   2330-5.wav

;;MON -> B
2480:
2481:   2340-1.wav
2482:                 
2483:   2340-3.wav
2484:   2340-4.wav
2485:   2340-5.wav

;;MON -> DarkCrossBowOma
2490:
2491:   2350-1.wav
2492:                 
2493:   2350-3.wav
2494:   2350-4.wav
2495:   2350-5.wav

;;MON -> DarkWingedOma
2500:
2501:   2300-1.wav
2502:   2300-2.wav
2503:   2300-3.wav
2504:   2300-4.wav
2505:   2300-5.wav
2506:   2300-6.wav

;;MON -> B
2510:
2511:   1700-1.wav
2512:   1700-2.wav
2513:   1700-2.wav
2514:   1700-4.wav
2515:   1700-5.wav

;;MON -> B
2520:
2521:   1830-1.wav
2522:   1830-2.wav
2523:
2524:   1830-4.wav
2525:   1830-5.wav

;;MON -> B
2530:    
2531:    680-1.wav
2532:    680-2.wav
2533:
2534:    680-4.wav
2535:    680-5.wav
;;MON -> B
2540:
2541:    490-1.wav
2542:    490-2.wav
2543:
2544:    490-4.wav
2545:    490-5.wav

;;MON -> B
2550:
2551:    440-1.wav
2552:    440-2.wav
2553:
2554:    440-4.wav
2555:    440-5.wav

;;MON -> B
2560:
2561:   1820-1.wav
2562:   1820-2.wav
2563:
2564:   1820-4.wav
2565:   1820-5.wav

;;MON -> B
2570:
2571:   2770-1.wav
2572:   
2573:
2574:   2770-4.wav
2575:   2770-5.wav
2576:   2770-att1-1.wav
2577:   2770-att1-2.wav
2578:   2770-att2-1.wav
2579:   2770-att2-2.wav

;;MON -> StoningStatue
2580:
2581:   2780-1.wav
2582:   
2583:
2584:   2780-4.wav
2585:   2780-5.wav
2586:   2780-att1-1.wav
2587:   2780-att1-2.wav
2588:   2780-att2-1.wav
2589:   2780-att2-2.wav

;;MON -> FlyingStatue
2590:
2591:   2790-1.wav
2592:   
2593:
2594:   2790-4.wav
2595:   2790-5.wav
2596:   2790-att1-1.wav
2597:   2790-att1-2.wav
2598:   2790-att2.wav
2599:   2790-att3.wav

;;MON -> B
2600:
2601:   1330-1.wav
2602:   1330-2.wav
2603:   1330-3.wav
2604:   1330-4.wav
2605:   1330-5.wav

;;MON -> B
2610:	
2611:	1340-1.wav
2612:	1340-2.wav
2613:	1340-3.wav
2614:	1340-4.wav
2615:	1340-5.wav

;;MON -> B
2620:
2621:	1390-1.wav
2622:	1390-2.wav
2623:	1390-3.wav
2624:	1390-4.wav
2625:	1390-5.wav

;;MON -> B
2630:
2631:	1380-1.wav
2632:	1380-2.wav
2633:
2634:	1380-4.wav
2635:	1380-5.wav

;;MON -> B
2640:
2641:	1370-1.wav
2642:	1370-2.wav
2643:	1370-3.wav
2644:	1370-4.wav
2645:	1370-5.wav

;;MON -> B
2650:	
2651:	2430-1.wav
2652:	2430-2.wav
2653:
2654:	2430-4.wav
2655:	2430-5.wav
2656:	2430-6.wav
2657:	2430-7.wav

;;MON -> B
2660:
2661:    810-1.wav
2662:    810-2.wav
2663:
2664:    810-4.wav
2665:    810-5.wav

;;MON -> B
2670:
2671:    820-1.wav
2672:    820-2.wav
2673:
2674:    820-4.wav
2675:

;;MON -> B
2680:
2681:   2410-1.wav
2682:   2410-2.wav
2683:   
2684:   2410-4.wav
2685:   2410-5.wav
2686:   2410-6.wav

;;MON -> B
2690:
2691:	1520-1.wav
2692:	1520-2.wav
2693:	
2694:	1520-4.wav
2695:	1520-5.wav

;;MON -> B
2700:
2701:   2770-1.wav
2702:   
2703:
2704:   2770-4.wav
2705:   2770-5.wav
;;MON -> B
2710:
2711:   2770-1.wav
2712:   
2713:
2714:   2770-4.wav
2715:   2770-5.wav
;;MON -> B
2720:
2721:	2920-1.wav
2722:	2010-3.wav
2723:	
2724:	2920-4.wav
2725:	2920-5.wav
2726:	2920-6.wav
;;MON -> B
2730:	
2731:	2930-1.wav
2732:	2930-2.wav
2733:	
2734:	2930-4.wav
2735:	2930-5.wav
2736:	2930-6.wav
;;MON -> B
2740:
2741:	2940-1.wav
2742:	2940-2.wav
2743:	
2744:	2940-4.wav
2745:	2940-5.wav
2746:	2940-6.wav
;;MON -> B
2750:	
2751:	2950-1.wav
2752:	2950-2.wav
2753:	
2754:	
2755:	2950-5.wav
2756:	2950-6.wav
;;MON -> B
2760:
2761:	2960-1.wav
2762:	2960-att2-1.wav
2763:	
2764:	2960-4.wav
2765:	2960-5.wav
2766:	2960-att1-1.wav
2767:	2960-att1-2.wav
2768:	2960-att2-1.wav
2769:	2960-att2-2.wav
;;MON -> B
2770:
2771:	2970-1.wav
2772:
2773:
//2774:	2970-4.wav
2775:	2970-5.wav
2776:	2510-att2.wav
2777:	2970-att1-2.wav
2778:	2530-att1.wav
2779:	2970-att3.wav
;;MON -> B
2780:	
2781:	2980-1.wav
2782:	460-3.wav
2783:	
2784:	2980-4.wav
2785:	2980-5.wav
2786:	
;;MON -> B
2790:	
2791:	2990-1.wav
2792:	2990-2.wav
2793:	
2794:	2990-4.wav
2795:	2990-5.wav
2796:	

;;MON -> B
2800:	
2801:	3000-1.wav
2802:	3000-2.wav
2803:	
2804:	3000-4.wav
2805:	3000-5.wav
2806:	3000-6.wav
;;MON -> B
2810:	
2811:	3010-1.wav
2812:	3010-2.wav
2813:	
2814:	3010-4.wav
2815:	3010-5.wav
2816:	3010-6.wav
;;MON -> B
2820:	
2821:	3020-1.wav
2822:	3020-2.wav
2823:	
2824:	3020-4.wav
2825:	3020-5.wav
;;MON -> B
2830:	
2831:	3020-1.wav
2832:	3020-2.wav
2833:	
2834:	3020-4.wav
2835:	3020-5.wav	
;;MON -> B
2840:	
2841:	3020-1.wav
2842:	3020-2.wav
2843:	
2844:	3020-4.wav
2845:	3020-5.wav	
;;MON -> B
2850:	
2851:	3050-1.wav
2852:	3050-2.wav
2853:	
2854:	3050-4.wav
2855:	3050-5.wav
2856:	3050-6.wav
2857:	3050-7.wav
;;MON -> B
2860:	
2861:	3060-1.wav
2862:	3060-2.wav
2863:	
2864:	3060-4.wav
2865:	3060-5.wav
2866:	3060-6.wav
2867:	3060-7.wav
;;MON -> B
2870:	
2871:	
2872:	
2873:	
2874:	3070-4.wav
2875:	3070-5.wav
;;MON -> B
2880:	
2881:	
2882:	3080-2.wav
2883:	
2884:	3080-4.wav
2885:	3080-5.wav
;;MON -> B
2891: 210-1.wav
2892: 210-2.wav
2894: 210-4.wav
2895: 210-5.wav

;;MON -> B		
2901:	57.wav
2902:	57.wav	
2904:	3100-4.wav
2905:	3100-5.wav
;;MON -> B	
2911:	3110-1.wav
2912:	2210-3.wav	
2914:	3110-4.wav
2915:	3110-5.wav
;;MON -> B	
2921:	3110-1.wav
2922:	3120-2.wav
2924:	3110-4.wav
2925:	3110-5.wav
;;MON -> B	
2931:	3110-1.wav
2932:	3120-2.wav
2934:	3110-4.wav
2935:	3110-5.wav
2936:	3130-6.wav
;;MON -> B		
2941:	3140-1.wav
2942:
2944:	2980-4.wav
2945:	3140-5.wav
2946:	2960-att2-1.wav
2947:	3140-7.wav
2948:	8220-2.wav
;;MON -> B	
2951:	3150-1.wav
2952:	2520.wav
2954:	3150-4.wav
2955:	3150-5.wav
2956:	2780-att2-2.wav
;;MON -> B	
2961:	3150-1.wav
2962:	3160-2.wav
2964:	3150-4.wav
2965:	3150-5.wav
2966:	2780-att2-2.wav
;;MON -> B	
2971:	3150-1.wav
2972:	56.wav
2974:	3150-4.wav
2975:	3150-5.wav
2976:	2780-att2-2.wav
;;MON -> B	
2981:	3150-1.wav
2982:	3180-2.wav
2984:	3150-4.wav
2985:	3150-5.wav
2986:	2780-att2-2.wav
;;MON -> B	
2991:	3190-1.wav
2992:	53.wav
2994:	3190-4.wav
2995:	3190-5.wav
2996:	2780-att2-2.wav
2997:	2780-att2-2.wav

;;MON -> B		
3001:	3190-1.wav
3002:	3050-2.wav
3004:	3200-4.wav
3005:	3200-5.wav
3006:	2560-1.wav
;;MON -> B		
3011:	3190-1.wav
3012:	3050-2.wav
3014:	3200-4.wav
3015:	3200-5.wav
3016:	2560-1.wav
;;MON -> B		
3021:	3190-1.wav
3022:	3050-2.wav
3024:	3200-4.wav
3025:	3200-5.wav
3026:	2560-1.wav
;;MON -> B		
3031:	3190-1.wav
3032:	3050-2.wav
3034:	3200-4.wav
3035:	3200-5.wav
3036:	2560-1.wav
;;MON -> B	
3041:	3190-1.wav
3042:	3240-2.wav
3044:	3200-4.wav
3045:	3200-5.wav
3046:	3240-6.wav
3047:	3060-7.wav
3048:	2510-att1.wav
3049:	2510-att2.wav
;;MON -> B
3051:	3250-1.wav
3052:	54.wav
3054:	3250-4.wav
3055:	3250-5.wav
3057:	210-2.wav
;;MON -> B
3061:	3250-1.wav
3062:	3260-2.wav
3064:	3260-4.wav
3065:	3260-5.wav
3067:	3260-att1.wav
3068:	3260-att2.wav
;;MON -> B
3071:	3250-1.wav
3072:	52.wav
3074:	3270-4.wav
3075:	3270-5.wav
3077:	3270-att1.wav
3078:	3270-att2.wav
;;MON -> B
3080:	3280-1.wav
3081:	3280-1.wav
3082:	3280-2.wav
3084:	3280-4.wav
3085:	3280-5.wav
;;MON -> B
3091:	3290-1.wav
3092:	3290-2.wav
3094:	3290-4.wav
3095:	3290-5.wav
3097:	3290-att1.wav
3098:	3290-att2.wav

;;MON -> B
3101:   2440-1.wav
3102:   2440-2.wav
3104:   2440-4.wav
3105:   2440-5.wav
;;MON -> B
3111:   2440-1.wav
3112:   2440-2.wav
3114:   2440-4.wav
3115:   2440-5.wav
;;MON -> B
3121:   2440-1.wav
3122:   2440-2.wav
3124:   2440-4.wav
3125:   2440-5.wav
;;MON -> B
3131:   2440-1.wav
3132:   2440-2.wav
3134:   2440-4.wav
3135:   2440-5.wav
;;MON -> B
3141:   2440-1.wav
3142:   2440-2.wav
3144:   2440-4.wav
3145:   2440-5.wav
;;MON -> B
3151:   2440-1.wav
3152:   2440-2.wav
3154:   2440-4.wav
3155:   2440-5.wav
;;MON -> B
3161:   2440-1.wav
3162:   2440-2.wav
3164:   2440-4.wav
3165:   2440-5.wav
;;MON -> B
3171:   2440-1.wav
3172:   2440-2.wav
3174:   2440-4.wav
3175:   2440-5.wav
;;MON -> B
3181:   3380-1.wav
3182:   3380-2.wav
3184:   3380-4.wav
3185:   3380-5.wav
3186:   3380-att1.wav
;;MON -> B
3191:   3390-1.wav
3192:   3390-2.wav
3194:   3390-4.wav
3195:   3390-5.wav
3196:   3390-att1.wav
;;MON -> B
3201:   3400-1.wav
3202:   3400-2.wav
3204:   3400-4.wav
3205:   3400-5.wav
3206:   3400-att1.wav
;;MON -> B
3211:   3410-1.wav
3212:   3410-2.wav
3214:   3410-4.wav
3215:   3410-5.wav
3216:   3420-att1.wav
;;MON -> B
3221:   3420-1.wav
3222:   3420-2.wav
3224:   3420-4.wav
3225:   3420-5.wav
;;MON -> B
3231:   3430-1.wav
3232:   3430-2.wav
3234:   3430-4.wav
3235:   3430-5.wav
3236:   3430-att1.wav
;;MON -> B
3241:   3440-1.wav
3242:   3440-2.wav
3244:   3440-4.wav
3245:   3440-5.wav
3246:   3440-att1.wav
3248:   3440-att2.wav
;;MON -> B
3251:   3450-1.wav
3252:   3450-2.wav
3254:   3450-4.wav
3255:   3450-5.wav
3256:   3450-att1.wav
;;MON -> B
3261:   3460-1.wav
3262:   3460-2.wav
3264:   3460-4.wav
3265:   3460-5.wav
3266:   3460-att1.wav
;;MON -> B
3271:   3470-1.wav
3272:   3470-2.wav
3274:   3470-4.wav
3275:   3470-5.wav
3276:   3470-att1.wav
;;MON -> B
3281:   3480-1.wav
3282:   3480-2.wav
3284:   3480-4.wav
3285:   3480-5.wav
3286:   3480-att1.wav
;;MON -> B
3291:   3490-1.wav
3292:   3490-2.wav
3294:   3490-4.wav
3295:   3490-5.wav
3296:   3490-att1.wav
3297:   3490-att1.wav
3298:   3490-att1.wav

;;MON -> B
3302:   fightcat_att1.wav
3304:   fightcat_behit.wav
3305:   fightcat_die_cat.wav
;;MON -> B
3312:   firecat_att1.wav
3314:   firecat_behit.wav
3315:   firecat_die_cat.wav
3317:   firecat_att2.wav
;;MON -> B
3322:   spearcat_att1.wav
3324:   spearcat_behit.wav
3325:   spearcat_die_cat.wav
3327:   spearcat_att2.wav
;;MON -> B
3332:   hammercat_att1.wav
3334:   hammercat_behit.wav
3335:   hammercat_die_cat.wav
;;MON -> B
3342:   hammercat_att1.wav
3344:   hammercat_behit.wav
3345:   hammercat_die_cat.wav
3347:   blackhammercat_att2.wav
;;MON -> B
3352:   armorcat_att1.wav
3354:   armorcat_behit.wav
3355:   armorcat_die_cat.wav
3357:   armorcat_att2.wav
3358:   armorcat_att3.wav
;;MON -> B
3362:   shamancat_att1.wav
3364:   shamancat_behit.wav
3365:   shamancat_die_cat.wav
3367:   shamancat_att2.wav
3368:   shamancat_att3.wav
;;MON -> B
3372:   pot1_atk.wav
3374:   pot_behit.wav
3375:   pot1_die.wav
;;MON -> B
3382:   pot3_atk.wav
3384:   pot_behit.wav
3385:   pot3_die.wav
;;MON -> B
3392:   bigcat_att1.wav
3394:   bigcat_behit.wav
3395:   bigcat_die.wav
3397:   bigcat_att2.wav
3398:   bigcat_att3.wav
3399:   bigcat_att4.wav

;;MON -> B
3402:   bigpot_att1.wav
3404:   bigpot_behit_mix.wav
3405:   bigpot_die.wav
3407:   bigpot_att2.wav
3408:   bigpot_att3.wav
3409:   bigpot_att4.wav
;;MON -> B
3412:   generalcat_att1.wav
3414:   generalcat_behit.wav
3415:   generalcat_die.wav
3416:   generalcat_att2.wav
3417:   generalcat_att3.wav
3418:   generalcat_att4.wav
3419:   generalcat_att5.wav
;;MON -> B
3422:   1810-2.wav
3424:   660-4.wav
3425:   660-5.wav
;;MON -> B
3432:   1810-2.wav
3434:   660-4.wav
3435:   660-5.wav
;;MON -> B
3442	babyfishman_atk1.wav
3444	babyfishman_dmg.wav
3445	babyfishman_die.wav
;;MON -> B
3452	spearfishman_atk1.wav
3454	spearfishman_dmg.wav
3455	spearfishman_die.wav
3457	spearfishman_atk2.wav
;;MON -> B
3462	shamanfishman_atk1.wav
3464	shamanfishman_dmg.wav
3465	shamanfishman_die.wav
3467	shamanfishman_atk2.wav
;;MON -> B
3472	axefishman_atk1.wav
3474	axefishman_dmg.wav
3475	axefishman_die.wav
3477	axefishman_atk2.wav
;;MON -> B
3480:	soildog_digup.wav
3482:	soildog_atk1.wav
3484:	soildog_dmg.wav
3485:	soildog_die.wav
3487:	soildog_atk2.wav
3488:	soildog_atk3.wav
;;MON -> B
3490:	hornsoildog_digup.wav
3492:	hornsoildog_atk1.wav
3494:	hornsoildog_dmg.wav
3495:	hornsoildog_die.wav
3497:	hornsoildog_atk2.wav
3498:	hornsoildog_atk3.wav

;;MON -> B
3505	eggfishman_die.wav
;;MON -> B
3512	nomalfishman_atk1.wav
3514	nomalfishman_dmg.wav
3515	nomalfishman_die.wav
;;MON -> B
3522	snailfrog_atk1.wav
3524	snailfrog_dmg.wav
3525	snailfrog_die.wav
3527	snailfrog_atk2.wav
3528	snailfrog_atk3.wav
;;MON -> B
3532	earthwormman_atk1.wav
3534	earthwormman_dmg.wav
3535	earthwormman_die.wav
3537	earthwormman_atk2.wav
3538	earthwormman_atk3.wav
;;MON -> B
3541:   bossfishman_ready.wav
3542:   bossfishman_atk1.wav
3544:   bossfishman_dmg.wav
3545:   bossfishman_die.wav
3546:   bossfishman_atk2.wav
3547:   bossfishman_atk3.wav
3548:   bossfishman_atk4.wav
;;MON -> B
3554:   erathtoad_dmg.wav
3555:   erathtoad_die.wav
3556:   erathtoad_atk2.wav
3557:   erathtoad_atk3.wav
;;MON -> B
3562:   bugman_atk1.wav
3564:   bugman_dmg.wav
3565:   bugman_die.wav
3566:   bugman_atk2.wav
;;MON -> B
3572:   treeman_atk1.wav
3574:   treeman_dmg.wav
3575:   treemann_die.wav
3576:   treeman_atk2.wav
;;MON -> B
3582:   birdman_atk1.wav
3584:   birdman_dmg.wav
3585:   birdman_die.wav
3586:   birdman_atk2.wav
3587:   birdman_atk3.wav
;;MON -> B
3592:   smallrhino_atk1.wav
3594:   smallrhino_dmg.wav
3595:   smallrhino_die.wav
3596:   smallrhino_atk2.wav

;;MON -> B
3602:   bigrhino_atk1.wav
3604:   bigrhino_dmg.wav
3605:   bigrhino_die.wav
3606:   birdman_atk2.wav
3607:   bigrhino_atk3.wav
;;MON -> B
3612:   elephantman_atk1.wav
3614:   elephantman_dmg.wav
3615:   elephantman_die.wav
3616:   elephantman_atk2.wav
;;MON -> B
3622:   stonegolem_atk1.wav
3624:   stonegolem_dmg.wav
3625:   stonegolem_die.wav
3626:   stonegolem_atk2.wav
;;MON -> B
3630:	earthgolem_standup.wav
3632:	earthgolem_atk1.wav
3634:	earthgolem_dmg.wav
3635:	earthgolem_die.wav
3636:	earthgolem_atk2.wav
;;MON -> B
3641:   ganesha_stand.wav
3642:   ganesha_atk1.wav
3644:   ganesha_dmg.wav
3645:   ganesha_die.wav
3646:   ganesha_atk2.wav
3647:   ganesha_atk3.wav
3648:   ganesha_atk4.wav
;;MON -> B
3651:   bosstreeman_stand.wav
3652:   bosstreeman_atk1.wav
3654:   bosstreeman_dmg.wav
3655:   bosstreeman_die.wav
3656:   bosstreeman_atk2.wav
3657:   bosstreeman_atk3.wav
3658:   bosstreeman_atk4.wav
3659:   bosstreeman_atk5.wav
;;MON -> B
3662:	Peacockspider_atk1.wav
3664:	Peacockspider_dmg.wav
3665:	Peacockspider_die.wav
3666:	Peacockspider_atk2.wav
3667:	Peacockspider_atk3.wav
3668:	Peacockspider_atk4.wav
3669:	Peacockspider_atk5.wav
;;MON -> B
3671:   3470-1.wav
3672:   3470-2.wav
3674:   3470-4.wav
3675:   3470-5.wav
3676:   3470-att1.wav
;;MON -> B
3681:   3450-1.wav
3682:   3450-2.wav
3684:   3450-4.wav
3685:   3450-5.wav
3686:   3460-att1.wav
;;MON -> B
3692:   BIGMOUTHOMA_atk1.wav
3694:   BIGMOUTHOMA_dmg.wav
3695:   BIGMOUTHOMA_die.wav
3696:   BIGMOUTHOMA_atk2.wav

;;MON -> B
3702:   BIGHANDOMA_atk1.wav
3704:   BIGHANDOMA_dmg.wav
3705:   BIGHANDOMA_die.wav
3706:   BIGHANDOMA_atk2.wav
;;MON -> B
3712:   LOTSEYESOM_atk1.wav
3714:   LOTSEYESOM_dmg.wav
3715:   LOTSEYESOM_die.wav
;;MON -> B
3722:   OMABLACKSOLDIER_atk1.wav
3724:   OMABLACKSOLDIER_dmg.wav
3725:   OMABLACKSOLDIER_die.wav
;;MON -> B
3732:   OMAREDSOLDIER_atk1.wav
3734:   OMAREDSOLDIER_dmg.wav
3735:   OMAREDSOLDIER_die.wav
3736:   OMAREDSOLDIER_atk2.wav
;;MON -> B
3742:	OMAPRIEST_atk1.wav
3744:	OMAPRIEST_dmg.wav
3745:	OMAPRIEST_die.wav
3746:	OMAPRIEST_atk2_1.wav
3747:	OMAPRIEST_atk2_2.wav
3748:	OMAPRIEST_atk3.wav
;;MON -> B
3750:	sphere_spout.wav
3752:	sphere_blue_atk1.wav
3754:	sphere_dmg.wav
3755:	sphere_die.wav
;;MON -> B
3760:	sphere_spout.wav
3762:	sphere_red_atk1.wav
3764:	sphere_dmg.wav
3765:	sphere_die.wav
;;MON -> B
3770:	sphere_spout.wav
3772:	sphere_yellow_atk1.wav
3774:	sphere_dmg.wav
3775:	sphere_die.wav
;;MON -> B
3776:	OMABLACKBOSS_atk567.wav
3781:	OMABLACKBOSS_std.wav
3782:	OMABLACKBOSS_atk1.wav
3784:	OMABLACKBOSS_dmg.wav
3785:	OMABLACKBOSS_die.wav
3786:	OMABLACKBOSS_atk2_1.wav
3787:	OMABLACKBOSS_atk2_2.wav
3788:	OMABLACKBOSS_atk3.wav
3789:	OMABLACKBOSS_atk4.wav

;;MON -> B
3804:	struck_2.wav
3805:	2530-5.wav
;;MON -> B
3814:	struck_2.wav
3815:	2530-5.wav
;;MON -> B
3822:	longnosemonkey_atk1.wav
3824:	longnosemonkey_dmg.wav
3825:	OMABLACKBOSS_die.wav
3826:	longnosemonkey_atk2.wav
;;MON -> B
3832:	mutantcrab_atk1.wav
3834:	mutantcrab_dmg.wav
3835:	mutantcrab_die.wav
;;MON -> B
3840:	bighandflower_digup.wav
3842:	bighandflower_atk1.wav
3844:	bighandflower_dmg.wav
3845:	bighandflower_die.wav
3846:	bighandflower_atk2.wav
;;MON -> B
3852:	movingarcher_atk1.wav
3854:	movingarcher_dmg.wav
3855:	movingarcher_die.wav
;;MON -> B
3862:	burnedchef_atk1.wav
3864:	burnedchef_dmg.wav
3865:	burnedchef_die.wav
;;MON -> B
3872:	movingsalior_atk1.wav
3874:	movingsalior_dmg.wav
3875:	movingsalior_die.wav
;;MON -> B
3882:	drownslave_atk1.wav
3884:	drownslave_dmg.wav
3885:	drownslave_die.wav
3886:	drownslave_atk2.wav
;;MON -> B
3892:	shipghost_atk1.wav
3894:	shipghost_dmg.wav
3895:	shipghost_die.wav
3896:	shipghost_atk2.wav

;;MON -> B
3902:	darkmate_atk1.wav
3904:	darkmate_dmg.wav
3905:	darkmate_die.wav
3906:	darkmate_atk2.wav
;;MON -> B
3912:	wlidwoodwork_atk1.wav
3914:	wlidwoodwork_dmg.wav
3915:	wlidwoodwork_die.wav
;;MON -> B
3926:	curesbox_atk1.wav
3927:	curesbox_die.wav
;;MON -> B
3932:	mutantwatcher_atk1.wav
3934:	mutantwatcher_dmg.wav
3935:	mutantwatcher_die.wav
;;MON -> B
3942:	bluesoul_atk1.wav
3944:	bluesoul_dmg.wav
3945:	bluesoul_die.wav
3946:	darkcaptain_atk6.wav
3947:	darkcaptain_atk7.wav
;;MON -> B
3952:	darkcaptain_atk1.wav
3954:	darkcaptain_dmg.wav
3955:	darkcaptain_die.wav
3956:	darkcaptain_atk2.wav
3957:	darkcaptain_atk3.wav
3958:	darkcaptain_atk4.wav
3959:	darkcaptain_atk5.wav
;;MON -> B
3962:	yagimon_atk1.wav
3964:	yagimon_dmg.wav
3965:	yagimon_die.wav
3966:	yagimon_atk2.wav
;;MON -> B
3972:	skullmouse_atk1.wav
3974:	skullmouse_dmg.wav
3975:	skullmouse_die.wav
3976:	skullmouse_atk2.wav
;;MON -> B
3982:	hugesnake_atk1.wav
3984:	hugesnake_dmg.wav
3985:	hugesnake_die.wav
3986:	hugesnake_atk2.wav
3987:	hugesnake_atk3.wav
;;MON -> B
3992:	hsnakebaby_atk1.wav
3994:	hsnakebaby_dmg.wav
3995:	hsnakebaby_die.wav

;;MON -> B
4002:	jumamagician_atk1.wav
4004:	jumamagician_dmg.wav
4005:	jumamagician_die.wav
4006:	jumamagician_atk2.wav
4007:	jumamagician_atk3.wav
;;MON -> B
4012:	jumafirearcher_atk1.wav
4014:	jumafirearcher_dmg.wav
4015:	jumafirearcher_die.wav
4016:	jumafirearcher_atk2.wav
;;MON -> B
4022:	jumawindarcher_atk1.wav
4024:	jumawindarcher_dmg.wav
4025:	jumawindarcher_die.wav
4026:	jumawindarcher_atk2.wav
;;MON -> B
4032:	jumasword_atk1.wav
4034:	jumasword_dmg.wav
4035:	jumasword_die.wav
4036:	jumasword_atk2.wav
4037:	jumasword_atk3.wav
;;MON -> B
4042:	yagistone_atk1.wav
4044:	yagistone_dmg.wav
4045:	yagistone_die.wav
;;MON -> B
4052:	stonegiant_atk1.wav
4054:	stonegiant_dmg.wav
4055:	stonegiant_die.wav
4056:	stonegiant_atk2.wav
;;MON -> B
4057:	keakgoejang_atk4_1.wav
4058:	keakgoejang_atk4_2.wav
;;MON -> B
4062:	keakgoejangt_atk1.wav
4064:	keakgoejang_dmg.wav
4065:	keakgoejang_die.wav
4066:	keakgoejang_atk2.wav
4067:	keakgoejang_atk3_1.wav
4068:	keakgoejang_atk3_2.wav
4069:	keakgoejang_atk5.wav
;;MON -> B
4072:	knifewind_atk1.wav
4074:	knifewind_dmg.wav
4075:	knifewind_die.wav
;;MON -> B
4076:	mapongboss_atk3.wav
4077:	mapongboss_atk4_hide.wav
4078:	mapongboss_atk4.wav
4079:	mapongboss_atk5.wav
;;MON -> B
4085:	stonebomb_die.wav
;;MON -> B
4086:	mapongboss_atk6_1.wav
4087:	mapongboss_atk6_2.wav
4088:	mapongboss_atk7_1.wav
4089:	mapongboss_atk7_2.wav
;;MON -> 魔风石怪 - 沙遗迹
4094:	mapongboss_dmg.wav
4095:	mapongboss_die.wav
4096:	mapongboss_atk1_1.wav
4097:	mapongboss_atk1_2.wav
4098:	mapongboss_atk2_1.wav
4099:	mapongboss_atk2_2.wav

;;MON -> 草丛龟--------MON42-----------OK
4100:   hyunwolturtle_digup.wav
4102:   hyunwolturtle_atk1.wav
4104:   hyunwolturtle_dmg.wav
4105:   hyunwolturtle_die.wav
4106:   hyunwolturtle_atk2.wav
;;MON -> 杉精魄
4110:   hyunwoltree_digup.wav
4112:   hyunwoltree_atk1.wav
4114:   hyunwoltree_dmg.wav
4115:   hyunwoltree_die.wav
4116:   hyunwoltree_atk2.wav
4117:   hyunwoltree_atk3.wav
;;MON -> 熊
4122:   hyunwolbear_atk1.wav
4124:   hyunwolbear_dmg.wav
4125:   hyunwolbear_die.wav
4126:   hyunwolbear_atk2.wav
;;MON -> 豹子
4132:   hyunwolleopard_atk1.wav
4134:   hyunwolleopard_dmg.wav
4135:   hyunwolleopard_die.wav
;;MON -> 阳龙王 攻击1~4
4142:   hyunwolboss_atk1.wav
4144:   hyunwolboss_dmg1.wav
4145:   hyunwolboss_die.wav
4146:   hyunwolboss_atk2.wav
4147:   hyunwolboss_atk3.wav
4148:   hyunwolboss_atk4_01.wav
4149:   hyunwolboss_atk4_02.wav
;;MON -> 阳龙王 5~9
4156:   hyunwolboss_atk5.wav
4157:   hyunwolboss_atk6.wav
4158:   hyunwolboss_atk8.wav
4159:   hyunwolboss_atk9_01.wav
;;MON -> 阳龙王 9
4166:   hyunwolboss_atk9_02.wav
;;MON -> 流觞弓匠
4172:   hyunwolarcher_atk1.wav
4174:   hyunwolarcher_dmg.wav
4175:   hyunwolarcher_die.wav
4176:   hyunwolarcher_atk2.wav

;;MON -> 冰原鬼--------MON43-----------OK
4242:   bingwongui_atk1.wav
4244:   bingwongui_dmg.wav
4245:   bingwongui_die.wav
;;MON -> 冰原鬼兵
4252:   bingwonguibyung_atk1.wav
4254:   bingwonguibyungdmg.wav
4255:   bingwonguibyungdie.wav
4256:   bingwonguibyung_atk2.wav
;;MON -> 冰原鬼弓士
4262:   bingwonguiarcher_atk1.wav
4264:   bingwonguiarcher_dmg.wav
4265:   bingwonguiarcher_die.wav
;;MON -> 冰原鬼尊
4272:   bingwonguizone_atk1.wav
4274:   bingwonguizone_dmg.wav
4275:   bingwonguizone_die.wav
4276:   bingwonguizone_atk2.wav
;;MON -> 雪恶鬼
4282:   sulakgui_atk1.wav
4284:   sulakgui_dmg.wav
4285:   sulakgui_die.wav
;;MON -> 恶鬼
4292:   akgui_atk1.wav
4294:   akgui_dmg.wav
4295:   akgui_die.wav
4296:   akgui_atk2.wav

;;MON -> 雪狼--------MON44-----------OK
4302:   taelang_atk1.wav
4304:   taelang_dmg.wav
4305:   taelang_die.wav
4306:   taelang_atk2.wav
;;MON -> 雪太狼
4312:   sultaelang_atk1.wav
4314:   sultaelang_dmg.wav
4315:   sultaelang_die.wav
4316:   sultaelang_atk2.wav
4317:   sultaelang_atk3.wav
4318:   sultaelang_atk4.wav
;;MON -> 水龙
4320:   bongukmon1_out.wav
4322:   bongukmon1_atk2.wav
4324:   bongukmon1_dmg.wav
4325:   bongukmon1_die.wav
4326:   bongukmon1_atk1.wav
;;MON -> 沼玄武
4331:   bongukmon2_stand02.wav
4332:   bongukmon2_atk1.wav
4334:   bongukmon2_dmg.wav
4335:   bongukmon2_die.wav
4336:   bongukmon2_atk2.wav
4337:   bongukmon2_atk3.wav
;;MON -> 穷奇
4341:   bongukmon3_stand02.wav
4342:   bongukmon3_atk1.wav
4344:   bongukmon3_dmg.wav
4345:   bongukmon3_die.wav
4346:   bongukmon3_atk2.wav
4347:   bongukmon3_atk3.wav
;;MON -> 龙骨战士
4352:   bongukmon4_atk1.wav
4354:   bongukmon4_dmg.wav
4355:   bongukmon4_die.wav
4356:   bongukmon4_atk2.wav
4357:   bongukmon4_atk3.wav
;;MON -> 龙骨弓士
4362:   bongukmon5_atk1.wav
4364:   bongukmon5_dmg.wav
4365:   bongukmon5_die.wav
4366:   bongukmon5_atk2.wav
;;MON -> 沙暴风
4371:   bongukmon6_stand.wav
4372:   bongukmon6_atk1.wav
4374:   bongukmon6_dmg.wav
4375:   bongukmon6_die.wav
;;MON -> 麒麟
4381:   bongukmon7_stand02.wav
4382:   bongukmon7_atk1.wav
4384:   bongukmon7_dmg.wav
4385:   bongukmon7_die.wav
4386:   bongukmon7_atk2.wav
4387:   bongukmon7_atk3.wav

;;MON -> 雪原奴役--------MON45-----------OK
4422:	guijul_ATK1.wav
4424:	guijul_DMG1.wav
4425:	guijul_DIE.wav
4426:	guijul_ATK2.wav
;;MON -> 雪原斧兵
4430:	guibuyng_STAND2.wav
4432:	guibuyng_ATK1.wav
4434:	guibuyng_DMG1.wav
4435:	guibuyng_DIE.wav
4436:	guibuyng_ATK2.wav
4437:	guibuyng_ATK3.wav
4438:	guibuyng_STAND2.wav
;;MON -> 雪原祭司
4442:	guigam_ATK1.wav
4444:	guigam_DMG1.wav
4445:	guigam_DIE.wav
4446:	guigam_ATK2.wav
4447:	guigam_ATK3.wav
;;MON -> 雪原猿人
4450:	sulhwnag_STAND2.wav
4452:	sulhwnag_ATK1.wav
4454:	sulhwnag_DMG1.wav
4455:	sulhwnag_DIE.wav
4456:	sulhwnag_ATK2.wav
4457:	sulhwnag_ATK3.wav
;;MON -> 冰封雪人
4462:	sulin_ATK1.wav
4464:	sulin_DMG1.wav
4465:	sulin_DIE.wav
4466:	sulin_ATK2.wav
4467:	sulin_ATK3.wav
;;MON -> 黑暗亡灵&精灵
4472:	darkghost_ATK1.wav
4474:	darkghost_DMG1.wav
4475:	darkghost_DIE.wav
4476:	darkghost_ATK2.wav
4477:	darkghost_ATK3.wav
;;MON -> 黑暗精灵
4482:	darkghost2_ATK1.wav
4484:	darkghost_DMG1.wav
4485:	darkghost_DIE.wav
;;MON -> 青神石魔（BOSS）
4492:	mainboss_ATK1.wav
4494:	mainboss_DMG1.wav
4495:	mainboss_DIE.wav
4496:	mainboss_ATK2.wav
4497:	mainboss_ATK3.wav
4498:	mainboss_ATK4_Loop.wav
4499:	mainboss_ATK5.wav

;;MON -> 火之气息--------MON46-----------OK
4502:	ApcBall_atk1.wav
4505:	ApcBall_die.wav
;;MON -> 水之气息
4512:	ApcBall_atk1.wav
4515:	ApcBall_die.wav
;;MON -> 金之气息
4522:	ApcBall_atk1.wav
4525:	ApcBall_die.wav
;;MON -> 木之气息
4532:	ApcBall_atk1.wav
4535:	ApcBall_die.wav
;;MON -> 土之气息
4542:	ApcBall_atk1.wav
4545:	ApcBall_die.wav
;;MON -> 致命妖花
4552:	Sikmul_atk1.wav
4554:	Sikmul_dmg.wav
4555:	Sikmul_die.wav
4556:	Sikmul_atk2.wav
;;MON -> 土食虫（BOSS）
4562:	tosikchong_atk1.wav
4564:	tosikchong_dmg.wav
4565:	tosikchong_die.wav
4566:	tosikchong_atk2.wav
4567:	tosikchong_atk3.wav
;;MON -> APC_鹿箱
4574:	deerbox_dmg.wav
4575:	deerbox_die.wav
;;MON -> APC_小鹿
4584:   babydeer_dmg.wav
4585:   babydeer_die.wav

;;MON -> B
4602:	redhorndeer_atk1.wav
4604:	redhorndeer_dmg.wav
4605:	redhorndeer_die.wav
4606:	redhorndeer_atk2.wav
4607:	redhorndeer_atk3.wav
;;MON -> B
4614:	deerbox_dmg.wav
4615:	deerbox_die.wav
;;MON -> B
4622:	loudsheep_atk1.wav
4624:	loudsheep_dmg.wav
4625:	loudsheep_die.wav
4626:	loudsheep_atk2.wav
;;MON -> B
4632:	loudsheep_atk1.wav
4634:	loudsheep_dmg.wav
4635:	loudsheep_die.wav
4636:	loudsheep_atk2.wav
4637:	loudsheep_atk3.wav
;;MON -> B
4661:	IceMon1_att_stand.wav
4662:	IceMon1_atk2_Effect.wav
4664:	IceMon1_dmg1.wav
4665:	IceMon1_die.wav
4666:	IceMon1_atk1_Effect.wav
;;MON -> B
4671:	IceMon3_stand.wav
4672:	IceMon3_atk1.wav
4674:	IceMon3_dmg1.wav
4675:	IceMon3_die.wav
;;MON -> B
4681:	IceMon4_stand.wav
4682:	IceMon4_atk1.wav
4684:	IceMon4_dmg1.wav
4685:	IceMon4_die.wav
4686:	IceMon4_atk2.wav
;;MON -> B
4691:	IceMon5_stand.wav
4692:	IceMon5_atk1.wav
4694:	IceMon5_dmg1.wav
4695:	IceMon5_die.wav
4696:	IceMon5_atk2.wav

;;MON -> B
4701:	IceMon6_stand.wav
4704:	IceMon6_dmg1.wav
4705:	IceMon6_die.wav
4706:	IceMon6_atk1.wav
4707:	IceMon6_atk2.wav
4708:	IceMon6_atk3.wav
;;MON -> B
4711:	IceMon8_stand.wav
4712:	IceMon8_atk1.wav
4714:	IceMon8_dmg1.wav
4715:	IceMon8_die.wav
4716:	IceMon8_atk2.wav
;;MON -> B
4721:	IceMon2_stand.wav
4722:	IceMon2_atk2.wav
4724:	IceMon2_dmg1.wav
4725:	IceMon2_die.wav
4726:	IceMon2_atk1.wav
4727:	IceMon2_atk3.wav
4728:	IceMon2_atk4.wav
;;MON -> B
4731:	IceMon7_stand.wav
4732:	IceMon7_atk1.wav
4734:	IceMon7_dmg1.wav
4735:	IceMon7_die.wav
4736:	IceMon7_atk2.wav
4737:	IceMon7_atk2_1.wav
4738:	IceMon7_atk2_2.wav
;;MON -> B
4741:	IceMon9_stand.wav
4742:	IceMon9_atk1.wav
4744:	IceMon9_dmg1.wav
4745:	IceMon9_die.wav
4746:	IceMon9_atk2.wav
;;MON -> B
4751:	IceMon14_stand.wav
4752:	IceMon14_atk1.wav
4754:	IceMon14_dmg1.wav
4755:	IceMon14_die.wav
4756:	IceMon14_atk2_1.wav
4757:	IceMon14_atk2_2.wav
;;MON -> ShardGuardian
4761:	IceMon15_stand.wav
4762:	IceMon15_atk1.wav
4764:	IceMon15_dmg1.wav
4765:	IceMon15_die.wav
4766:	IceMon15_atk2_1.wav
4767:	IceMon15_atk2_2.wav
4768:	IceMon15_atk3.wav
;;MON -> B
4770:	IceMon10_standup.wav
4772:	IceMon10_atk1.wav
4774:	IceMon10_dmg1.wav
4775:	IceMon10_die.wav
;;MON -> B
4780:	IceMon10_standup.wav
4782:	IceMon11_atk1.wav
4784:	IceMon10_dmg1.wav
4785:	IceMon11_die.wav
;;MON -> B
4790:	IceMon10_standup.wav
4792:	IceMon12_atk1.wav
4794:	IceMon10_dmg1.wav
4795:	IceMon12_die.wav

;;MON -> B
4800:	IceMon10_standup.wav
4802:	IceMon13_atk1.wav
4804:	IceMon10_dmg1.wav
4805:	IceMon13_die.wav
;;MON -> B
4811:	IceMon16_stand.wav
4812:	IceMon16_atk1.wav
4814:	IceMon16_dmg1.wav
4815:	IceMon16_die.wav
4816:	IceMon16_atk2_1.wav
4817:	IceMon16_atk2_2.wav
;;MON -> B
4821:	IceMon17_stand.wav
;;4822:	IceMon17_atk1.wav
4824:	IceMon17_dmg1.wav
4825:	IceMon17_die.wav
4826:	IceMon17_atk2.wav
4827:	IceMon17_atk3_1.wav
4828:	IceMon17_atk3_2.wav
;;MON -> B
4831:	IceMon18_stand.wav
4832:	IceMon18_atk1.wav
4834:	IceMon18_dmg1.wav
4835:	IceMon18_die.wav
4836:	IceMon18_atk2.wav
4837:	IceMon18_atk3_1.wav
4838:	IceMon18_atk3_2.wav
;;MON -> B
4841:	IceMon19_stand.wav
4842:	IceMon19_atk1.wav
4844:	IceMon19_dmg1.wav
4845:	IceMon19_die.wav
4846:	IceMon19_atk2.wav
4847:	IceMon19_atk3.wav
;;MON -> B
4852:	OMAREDSOLDIER_atk1.wav
4855:	OMAREDSOLDIER_die.wav
;;MON -> B
4862:	GFMon4_atk1.wav
4864:	GFMon4_dmg.wav 
4865:	GFMon4_die.wav
4866:	GFMon4_atk2.wav
;;MON -> B
4872:	GFMon9_atk1.wav
4874:	GFMon9_dmg.wav  
4875:	GFMon9_die.wav
4876:	GFMon9_atk2.wav
4877:	GFMon9_atk3.wav          
;;MON -> B
4882:	GFMon10_atk1.wav
4884:	GFMon9_dmg.wav  
4885:	GFMon9_die.wav
4886:	GFMon10_atk2.wav
4887:	GFMon10_atk3.wav            
;;MON -> B
4892:	GFMon11_atk1.wav
4894:	GFMon9_dmg.wav  
4895:	GFMon9_die.wav
4896:	GFMon11_atk2.wav
4897:	GFMon11_atk3.wav

;;MON -> B
4900:	GFMon2_out.wav   
4902:	GFMon2_atk1.wav
4904:	GFMon2_dmg.wav
4905:	GFMon2_die.wav
4906:	GFMon2_dis.wav
4907:	GFMon2_atk2.wav
;;MON -> B
4912:	GFMon8_atk1.wav
4914:	GFMon7_dmg.wav
4915:	GFMon7_die.wav
4916:	GFMon8_atk2.wav
4917:	GFMon8_atk3.wav
;;MON -> B
4922:	GFMon12_atk1.wav
4924:	GFMon12_dmg.wav
4925:	GFMon12_die.wav
4926:	GFMon12_atk2.wav
4927:	GFMon12_atk3.wav
;;MON -> B
4932:	GFMon14_atk1.wav
4934:	GFMon14_dmg.wav
4935:	GFMon14_die.wav
4936:	GFMon14_atk2.wav
4937:	GFMon14_atk3.wav
;;MON -> B
4942:	GFMon13_atk1.wav
4944:	GFMon12_dmg.wav
4945:	GFMon12_die.wav
4946:	GFMon13_atk2.wav
;;MON -> B
4952:	GFMon7_atk1.wav
4954:	GFMon7_dmg.wav
4955:	GFMon7_die.wav
4956:	GFMon7_atk2.wav
4957:	GFMon7_atk3.wav
;;MON -> B
4962:	GFMon3_atk1.wav
4964:	GFMon3_dmg.wav  
4965:	GFMon3_die.wav
4966:	GFMon3_atk2.wav
4967:	GFMon3_atk3.wav       
;;MON -> B
4972:	GFMon5_atk1.wav
4974:	GFMon5_dmg.wav
4975:	GFMon5_die.wav
4976:	GFMon5_atk2.wav
4977:	GFMon5_atk3.wav
;;MON -> B
4982:	GFMon6_atk1.wav
4984:	GFMon5_dmg.wav
4985:	GFMon5_die.wav
4986:	GFMon6_atk2.wav
4987:	GFMon6_atk3.wav
;;MON -> B
4990:	GFMon1_out.wav   
4992:	GFMon1_atk1.wav
4994:	GFMon1_dmg.wav
4995:	GFMon1_die.wav
4996:	GFMon1_atk2.wav
4997:	GFMon1_dis.wav     
;;MON -> 500
5002:	GID1Mon01_atk1.wav
5004:	GID1Mon01_dmg.wav
5005:	GID1Mon01_die.wav
5006:	GID1Mon01_atk2.wav
5007:	GID1Mon01_atk3.wav
;;MON -> 501
5012:	GID1Mon02_atk1.wav
5014:	GID1Mon01_dmg.wav
5015:	GID1Mon01_die.wav
5016:	GID1Mon02_atk2.wav
;;MON -> 502
5022:	GID1Mon3_atk1.wav
5024:	GID1Mon3_dmg.wav
5025:	GID1Mon3_die.wav
5026:	GID1Mon3_atk2.wav
5027:	GID1Mon3_atk3.wav
;;MON -> 503
5032:	GID1Mon04_atk1.wav
5034:	GID1Mon04_dmg.wav
5035:	GID1Mon04_die.wav
5036:	GID1Mon04_atk2.wav
5037:	GID1Mon04_atk3.wav
;;MON -> 504
5042:	GID1Mon05_atk1.wav
5044:	GID1Mon04_dmg.wav
5045:	GID1Mon04_die.wav
5046:	GID1Mon05_atk2.wav
5047:	GID1Mon05_atk3.wav
;;MON -> 505
5052:	GID1Mon06_atk1.wav
5054:	GID1Mon3_dmg.wav
5055:	GID1Mon3_die.wav
5056:	GID1Mon06_atk2.wav
5057:	GID1Mon3_atk3.wav
;;MON -> 508
5082:	GID1Mon07a_atk1.wav
5085:	GID1Mon07a_dis.wav
5086:	GID1Mon07a_atk2.wav
5087:	GID1Mon07a_atk3.wav
;;MON -> 509
5092:	GID1Mon07b_atk1.wav
5094:	GID1Mon07b_dmg.wav
5095:	GID1Mon07b_die.wav
5096:	GID1Mon07b_atk2.wav
5097:	GID1Mon07b_atk3.wav
;;MON -> B
5102:	ID2Mon01_atk1.wav
5104:	ID2Mon01_dmg.wav
5105:	ID2Mon01_die.wav
5106:	ID2Mon01_atk2.wav 
;;MON -> B
5112:	ID2Mon02_atk1.wav
5114:	ID2Mon01_dmg.wav
5115:	ID2Mon01_die.wav
5116:	ID2Mon01_atk2.wav        
;;MON -> B
5122:	GID1Mon01_atk1.wav
5124:	GID1Mon01_dmg.wav
5125:	GID1Mon01_die.wav
5126:	GID2Mon03_atk2.wav        
;;MON -> B
5132:	GID1Mon01_atk1.wav
5134:	GID1Mon01_dmg.wav
5135:	GID1Mon01_die.wav
5136:	GID2Mon04_atk2.wav        
;;MON -> B
5142:	GID2Mon05_atk1.wav
5144:	GID2Mon05_dmg.wav
5145:	GID2Mon05_die.wav
5146:	GID2Mon05_atk2.wav
5147:	GID2Mon05_atk3.wav
;;MON -> B
5152:	ID2Mon06_atk1.wav
5154:	ID2Mon06_dmg.wav
5155:	ID2Mon06_die.wav
5156:	ID2Mon06_atk2.wav
5157:	ID2Mon06_atk3.wav
5158:	ID2Mon06_atk4.wav
;;MON -> B
5162:	ID2Mon07_atk1.wav
5164:	ID2Mon07_dmg.wav
5165:	ID2Mon07_die.wav
;;MON -> 卡瓦尔
5182:	ID2Mon08_atk1.wav
5184:	ID2Mon08_dmg.wav
5185:	ID2Mon08_die.wav
5186:	ID2Mon08_atk2.wav
5187:	ID2Mon08_atk3.wav
5188:	ID2Mon08_atk4.wav
5189:	ID2Mon08_atk5.wav
;;MON -> 整合服务器（副本3）-千年乌龟神灵
5212:	ID3Mon01_atk1.wav
5214:	ID3Mon01_dmg.wav
5215:	ID3Mon01_die.wav
;;MON -> B
5242:   dogdevilattack1.wav
5244:   dogdevil_dmg.wav
5245:   dogdevil_death.wav
5247:   dogdevilattack2.wav
;;MON -> B
5252:   dogdevilattack1.wav
5254:   dogdevil_dmg.wav
5255:   dogdevil_death.wav
5257:   dogdevilattack2.wav
;;MON -> 混沌神殿-黑暗冤鬼
5302:   chaosdark_atk1.wav
5304:   chaosdark_dmg.wav
5305:   chaosdark_die.wav
5306:   chaosdark_atk2.wav
;;MON -> 混沌神殿-爆炸龟
5312:   chaosboom_atk1.wav
5314:   chaosboom_dmg.wav
5315:   chaosboom_die.wav
;;MON -> 混沌神殿-变异白骨沃玛
5322:   chaoswhiteoma_atk1.wav
5325:   chaoswhiteoma_die.wav
5326:   chaoswhiteoma_atk2.wav
;;MON -> 混沌神殿-变异沃玛将军
5332:   chaosgeneraloma_atk1.wav
5335:   chaosgeneraloma_die.wav
5337:   chaosgeneraloma_atk2.wav
;;MON -> 混沌神殿 - 混沌君主
5342:   chaoslord_atk1.wav
5346:   chaoslord_atk2.wav
5347:   chaoslord_atk2-1.wav
5347:   chaoslord_atk3.wav
;;MON -> B
5360:   GVMon1_app.wav
5362:   GVMon1_atk1.wav
5364:   GVMon1_dmg1.wav
5365:   GVMon1_die.wav
5366:   GVMon1_atk2.wav
5367:   GVMon1_atk3.wav
;;MON -> B
5372:   GVMon2_atk1.wav
5374:   GVMon2_dmg1.wav
5375:   GVMon2_die.wav
5376:   GVMon2_atk2.wav
;;MON -> B
5382:   GVMon3_atk1.wav
5384:   GVMon3_dmg1.wav
5385:   GVMon3_die.wav
5386:   GVMon3_atk2.wav
5387:   GVMon3_atk3.wav
5388:   GVMon3_app.wav
5389:   GVMon3_die.wav
;;MON -> B
5391:   GVMon4_stand.wav
5392:   GVMon4_atk1.wav
5394:   GVMon4_dmg1.wav
5395:   GVMon4_die.wav
5396:   GVMon4_atk2.wav
5397:   GVMon4_atk3.wav
5398:   GVMon4_atk4.wav

;;MON -> B
5402:   2019newyear_pig_atk1.wav
5404:   2019newyear_pig_dmg.wav
5405:   2019newyear_pig_die.wav
5406:   2019newyear_pig_atk2.wav
;;MON -> B
5412:   S_Mon2_atk2.wav
5414:   S_Mon2_dmg1.wav
5415:   S_Mon2_die.wav
5416:   S_Mon2_atk1.wav
;;MON -> B
5422:   S_Mon1_atk1.wav
5424:   S_Mon1_dmg1.wav
5425:   S_Mon1_die.wav
5426:   S_Mon1_atk2.wav
;;MON -> B
5432:   S_Mon3_atk1.wav
5434:   S_Mon3_dmg1.wav
5435:   S_Mon3_die.wav
5436:   S_Mon3_atk2.wav
;;MON -> B
5442:   S_Mon4_atk1.wav
5444:   S_Mon4_dmg1.wav
5445:   S_Mon4_die.wav
5446:   S_Mon4_atk2.wav
5446:   S_Mon4_defence.wav
;;MON -> B
5452:   S_Mon5_atk1.wav
5454:   S_Mon5_dmg1.wav
5455:   S_Mon5_die.wav
5446:   S_Mon5_atk2.wav
5447:   S_Mon5_atk3.wav
;;MON -> B
5464:   S_Mon7_dmg1.wav
5465:   S_Mon7_die.wav
;;MON -> B
5472:   S_Mon6_atk2.wav
5474:   S_Mon6_dmg1.wav
5475:   S_Mon6_die.wav
5476:   S_Mon6_atk1.wav
;;MON -> B
5482:   S_Mon9_atk1.wav
5484:   S_Mon9_dmg1.wav
5485:   S_Mon9_die.wav
5486:   S_Mon9_atk2.wav
;;MON -> B
5494:   S_Mon10_dmg1.wav
5495:   S_Mon10_die.wav
5496:   S_Mon10_atk1.wav

;;MON -> B
5502:   S_Mon11_atk1.wav
5504:   S_Mon11_dmg1.wav
5505:   S_Mon11_die.wav
5506:   S_Mon11_atk2.wav
;;MON -> B
5512:   S_Mon12_atk1.wav
5514:   S_Mon12_dmg1.wav
5515:   S_Mon12_die.wav
5516:   S_Mon12_atk2.wav
;;MON -> 古老遗骸
5522:   S_Mon13_atk1.wav
5524:   S_Mon13_dmg1.wav
5525:   S_Mon13_die1.wav
;;MON -> 遗骸骷髅
5532:   S_Mon13_atk1.wav
5534:   S_Mon13_dmg2.wav
5535:   S_Mon13_die2.wav
;;MON -> B
5542:   S_Mon14_atk1.wav
5544:   S_Mon14_dmg1.wav
5545:   S_Mon14_die.wav
5546:   S_Mon14_atk2.wav
;;MON -> B
5552:   S_Mon15_atk1.wav
5554:   S_Mon15_dmg1.wav
5555:   S_Mon15_die.wav
5556:   S_Mon15_atk2.wav
;;MON -> B
5562:	GID1Mon3_atk1.wav
5564:	GID1Mon3_dmg.wav
5565:	GID1Mon3_die.wav
5566:	GID1Mon3_atk2.wav
5567:	GID1Mon3_atk3.wav
;;MON -> B
5572:	GID1Mon04_atk1.wav
5574:	GID1Mon04_dmg.wav
5575:	GID1Mon04_die.wav
5576:	GID1Mon04_atk2.wav
5577:	GID1Mon04_atk3.wav
;;MON -> B
5582:	GID1Mon05_atk1.wav
5584:	GID1Mon04_dmg.wav
5585:	GID1Mon04_die.wav
5586:	GID1Mon05_atk2.wav
5587:	GID1Mon05_atk3.wav
;;MON -> B
5592:	GID1Mon06_atk1.wav
5594:	GID1Mon3_dmg.wav
5595:	GID1Mon3_die.wav
5596:	GID1Mon06_atk2.wav
5597:	GID1Mon3_atk3.wav

;;MON -> B
;;5602:	GID1Mon07a_atk2.wav
5604:	GID1Mon07b_dmg.wav
5605:	GID1Mon07b_die.wav
5606:	GID1Mon07a_atk1.wav
5607:	GID1Mon07a_atk3.wav
;;MON -> B
5612:   S_Mon16_atk1.wav
5614:   S_Mon16_dmg1.wav
5615:   S_Mon16_die.wav
5617:   S_Mon16_atk2.wav
5618:   S_Mon16_atk3.wav
5619:   S_Mon16_atk4.wav
;;MON -> B
5622:   S_Mon18_atk1.wav
5624:   S_Mon18_dmg1.wav
5625:   S_Mon18_die.wav
5627:   S_Mon18_atk2.wav
5628:   S_Mon18_atk3.wav
5629:   S_Mon18_atk4.wav
;;MON -> B
5632:   S_Mon19_atk1.wav
5634:   S_Mon19_dmg1.wav
5635:   S_Mon19_die.wav
5637:   S_Mon19_atk2.wav
5638:   S_Mon19_atk3.wav
5639:   S_Mon19_atk4.wav
;;MON -> B
5642:   S_Mon20_atk1.wav
5644:   S_Mon20_dmg1.wav
5645:   S_Mon20_die.wav
5647:   S_Mon20_atk2.wav
5648:   S_Mon20_atk3.wav
5649:   S_Mon20_atk4.wav
;;5649:   S_Mon20_atk5.wav
;;MON -> B
5654:   S_Mon8_dmg1.wav
5655:   S_Mon8_die.wav
;;MON -> B
5702:   Gangback_atk1.wav
5704:   Gangback_dmg1.wav
5705:   Gangback_die.wav
;;MON -> B
5712:   Chunwol_atk1.wav
5714:   Chunwol_dmg1.wav
5715:   Chunwol_die.wav
;;MON -> B
5724:   Poongjin_dmg1.wav
5725:   Poongjin_die.wav
;;MON -> B
5732:   Transform_maru_atk1.wav
5734:   Transform_maru_dmg1.wav
5735:   Transform_maru_die.wav
;;MON -> B
5744:   1330-4.wav
5745:   1330-5.wav
;;MON -> B
5752:   Transform_maju_atk1.wav
5754:   2430-4.wav
5755:   2430-5.wav
;;MON -> 内尔弓手
5772:   NerIceArc_atk1.wav
5774:   GFMon9_dmg.wav
5775:   NerIceWar_die.wav
;;MON -> 内尔战士
5782:   NerIceArc_atk1.wav
5784:   GFMon9_dmg.wav
5785:   NerIceWar_die.wav
;;MON -> 阿卡沙
5792:   NerB_Akasha_atk1.wav
5794:   NerB_Akasha_dmg1.wav
5795:   NerB_Akasha_die.wav
;;MON -> 纳哈什
5804:   NerIceB_Najash_dmg1.wav
5805:   NerIceB_Najash_die.wav
;;MON -> 冰之内尔术士
5832:	GFMon10_atk1.wav
5834:	GFMon9_dmg.wav  
5835:	GFMon9_die.wav
5836:	GFMon10_atk2.wav
5837:	GFMon10_atk3.wav
;;MON -> 紫月香花
5861:   6060-1.wav
5862:   6060-2.wav
5864:   6060-4.wav
5865:   6060-5.wav
5866:   6060-2b.wav
;;MON -> 紫月香花 镜像
5875:   6060-2b.wav
;;MON -> 毒妖族男矿工
5881:   6080-1.wav
5882:   B_559-7.wav
5884:   GID1Mon01_dmg.wav
5885:   GID1Mon01_die.wav
5886:   6080-6.wav
5887:	6080-6b.wav
;;MON -> 毒妖族矿工
5891:   6080-1.wav
5892:   6090-2.wav
5894:   IceMon1_dmg1.wav
5895:   B_556-5.wav
5896:   6080-6.wav
5897:	6080-6b.wav
;;MON -> 变异骨怪
5902:   6100-2.wav
5904:   6100-4.wav
5905:   6100-5.wav
5906:   6100-6.wav
;;MON -> 内尔实验体德克纳
5912:   6110-2.wav
5914:   6110-4.wav
5915:   6110-5.wav
5916:   6110-6.wav
5917:   6110-6b.wav
;;MON -> 内尔实验体拉卡巴
5922:   6120-2.wav
5924:   6120-4.wav
5925:   6120-5.wav
5926:   6120-6.wav
5927:   6120-7.wav
5928:   6120-7b.wav
;;MON -> 血气蘑菇
5932:   6130-4.wav
5935:   6130-5.wav
;;MON -> 变异棉蜘蛛
5941:   1370-1.wav
5942:   1370-2.wav
5944:   1370-4.wav
5945:   1370-5.wav
;;MON -> 变异头毒蛇
5951:   560-1.wav
5952:   6150-2.wav
5954:   6150-4.wav
5955:   6150-5.wav
;;MON -> 毒妖族 男草药师
5964:   GID1Mon01_dmg.wav
5965:   GID1Mon01_die.wav
;;MON -> 毒妖族 男草药师2
5974:   6190-4.wav
5975:   6190-5.wav
;;MON -> 毒妖族 男伐木工
5984:   GID1Mon01_dmg.wav
5985:   GID1Mon01_die.wav
;;MON -> 奴隶 毒妖族 男伐木工2
5994:   6190-4.wav
5995:   6190-5.wav
;;MON -> 奴隶 毒妖族 掠夺者
6001:   6200-1.wav
6002:	6200-2.wav
6004:   6200-4.wav
6005:   6200-5.wav
6006:	6200-2b.wav
;;MON -> 变异的火炮怪
6012:   6210-2.wav
6014:   6210-4.wav
6015:   6210-5.wav
6016:   6210-6.wav
6017:   6210-2b.wav
;;MON -> 破碎的火炮
6022:	6220-2.wav
6024:   6220-4.wav
6025:   6220-5.wav
6026:   6220-2b.wav
;;MON -> 内德约总监霍克马
6032:   6230-2.wav
6034:   6230-4.wav
6035:   6230-5.wav
6036:   6230-6.wav
6037:   6230-7.wav
6038:   6230-8.wav
;;MON -> 变异石怪物德克纳
6041:   6240-1.wav
6042:   6240-2.wav
6044:   6240-4.wav
6045:   6240-7.wav
;;MON -> 变异石怪兽德克纳
6051:   6240-1.wav
6052:   6250-2.wav
6054:   6240-4.wav
6055:   6240-7.wav
;;MON -> 变异石怪葬德克纳
6062:   6260-2.wav
6064:   6260-4.wav
6065:   6260-5.wav
;;MON -> 变异石怪物拉卡巴
6072:   6270-2.wav
6074:   6270-4.wav
6075:   6270-5.wav
;;MON -> 变异石怪兽拉卡巴
6082:   6280-2.wav
6084:   6270-4.wav
6085:   6270-5.wav
;;MON -> 空虚的镰刀
6090:   6290-0.wav
6094:   6290-4.wav
6095:   6290-5.wav
;;MON -> 变异石块长拉卡巴
6100:   6290-0.wav
6104:   6290-4.wav
6105:   6290-5.wav


;;Spell -> MapLightning
8301: 8300-1.wav
;;Spell -> MapLava
8302: 8300-2.wav

;;MON -> EvilMir
9000:
9001:   8200-1.wav
9002:   8200-2.wav
9003:   8200-3.wav
9004:   8200-4.wav
9005:
9006:   8200-6.wav
9007:   8200-7.wav
9008:   8200-8.wav

;;MON -> DragonStatue
9020:
9021:
9022:   8220-6.wav
9023:   
9024:   
9025:
9026:
9027:

;;XXX0 Self singing
;;XXX1 Swing怪物远程攻击声音
;;XXX2 Attack 攻击1
;;XXX3 Ranged (PlayRangeSound())
;;XXX4 Struck 被攻击声音
;;XXX5 Die
;;XXX6 Attack 2
;;XXX7 Attack 3
;;XXX8 Attack 4
;;XXX9 Attack 5