<?xml version="1.0" encoding="utf-8"?>
<TestRun id="1274772c-971e-4f9a-ae96-2a0b734a2da6" name="luo@DESKTOP-4J13TH0 2026-08-11 12:27:23" runUser="DESKTOP-4J13TH0\luo" xmlns="http://microsoft.com/schemas/VisualStudio/TeamTest/2010">
  <Times creation="2026-08-11T12:27:23.2040632+08:00" queuing="2026-08-11T12:27:23.2040636+08:00" start="2026-08-11T12:27:21.8558167+08:00" finish="2026-08-11T12:27:32.2247709+08:00" />
  <TestSettings name="default" id="01f82a7d-a6e7-49b2-8668-48531f751924">
    <Deployment runDeploymentRoot="luo_DESKTOP-4J13TH0_2026-08-11_12_27_23" />
  </TestSettings>
  <Results>
    <UnitTestResult executionId="3d17d6b7-1120-42fc-8c9c-104d3b844515" testId="881874b3-0abd-6b3c-2fcb-8b73c4fcc4ec" testName="Launcher.PlayerShellIntegration.LauncherThemeRuntimeTests.PerMonitorV2WindowProcessesRealDpiMessageAndHitTests(kind: Compact, dpi: 120)" computerName="DESKTOP-4J13TH0" duration="00:00:00.5899139" startTime="2026-08-11T12:27:27.5483556+08:00" endTime="2026-08-11T12:27:28.1382032+08:00" testType="13cdc9d9-ddb5-4fa4-a97d-d965ccfc6d4b" outcome="Passed" testListId="8c84fa94-04c1-424b-9868-57a2d4851a1d" relativeResultsDirectory="3d17d6b7-1120-42fc-8c9c-104d3b844515" />
    <UnitTestResult executionId="8d20486a-7f22-4eb9-8550-d4f72d655a1f" testId="ef7670b7-d424-852a-3ae0-cc3c00fe2629" testName="Launcher.PlayerShellIntegration.LauncherThemeRuntimeTests.PerMonitorV2WindowProcessesRealDpiMessageAndHitTests(kind: Widescreen, dpi: 120)" computerName="DESKTOP-4J13TH0" duration="00:00:00.6652015" startTime="2026-08-11T12:27:28.7354908+08:00" endTime="2026-08-11T12:27:29.4006851+08:00" testType="13cdc9d9-ddb5-4fa4-a97d-d965ccfc6d4b" outcome="Passed" testListId="8c84fa94-04c1-424b-9868-57a2d4851a1d" relativeResultsDirectory="8d20486a-7f22-4eb9-8550-d4f72d655a1f" />
    <UnitTestResult executionId="4cfd2033-4649-46ca-97d8-03ed4f528d89" testId="79b21954-c1bd-0970-46db-a460838b9e48" testName="Launcher.PlayerShellIntegration.LauncherThemeRuntimeTests.LoadFallsBackAcrossThreeCompleteLayers" computerName="DESKTOP-4J13TH0" duration="00:00:00.0458888" startTime="2026-08-11T12:27:30.0494929+08:00" endTime="2026-08-11T12:27:30.0952989+08:00" testType="13cdc9d9-ddb5-4fa4-a97d-d965ccfc6d4b" outcome="Passed" testListId="8c84fa94-04c1-424b-9868-57a2d4851a1d" relativeResultsDirectory="4cfd2033-4649-46ca-97d8-03ed4f528d89" />
    <UnitTestResult executionId="0188a754-c24a-421f-a25e-b23f3fcf5740" testId="bf0cb94c-9303-0e34-1dc1-1b500864e204" testName="Launcher.PlayerShellIntegration.Windows.PlayerPayloadPackageTests.超过八十MiB时拒绝生成且不遗留正式入口" computerName="DESKTOP-4J13TH0" duration="00:00:00.1587535" startTime="2026-08-11T12:27:23.0116701+08:00" endTime="2026-08-11T12:27:23.1703935+08:00" testType="13cdc9d9-ddb5-4fa4-a97d-d965ccfc6d4b" outcome="Passed" testListId="8c84fa94-04c1-424b-9868-57a2d4851a1d" relativeResultsDirectory="0188a754-c24a-421f-a25e-b23f3fcf5740" />
    <UnitTestResult executionId="492b9bfe-6c4a-42dd-9c8d-ca534be877b0" testId="c9e0aeaf-e00c-4eb1-201f-94b7d5ff2939" testName="Launcher.PlayerShellIntegration.Windows.PlayerReplacementCoordinatorTests.旧版路径缺失但恢复点完整时会继续完成新版切换" computerName="DESKTOP-4J13TH0" duration="00:00:00.0343408" startTime="2026-08-11T12:27:23.0629256+08:00" endTime="2026-08-11T12:27:23.1430857+08:00" testType="13cdc9d9-ddb5-4fa4-a97d-d965ccfc6d4b" outcome="Passed" testListId="8c84fa94-04c1-424b-9868-57a2d4851a1d" relativeResultsDirectory="492b9bfe-6c4a-42dd-9c8d-ca534be877b0" />
    <UnitTestResult executionId="def76035-47fa-42aa-ad1a-602be263bdf6" testId="07db7cbf-e632-7ae4-3a81-b052b9729eeb" testName="Launcher.PlayerShellIntegration.LauncherThemeRuntimeTests.MicroResponseCacheStoresOnlyBoundedRebuildableCacheData" computerName="DESKTOP-4J13TH0" duration="00:00:00.0122947" startTime="2026-08-11T12:27:32.0447108+08:00" endTime="2026-08-11T12:27:32.0566184+08:00" testType="13cdc9d9-ddb5-4fa4-a97d-d965ccfc6d4b" outcome="Passed" testListId="8c84fa94-04c1-424b-9868-57a2d4851a1d" relativeResultsDirectory="def76035-47fa-42aa-ad1a-602be263bdf6" />
    <UnitTestResult executionId="e9b643cc-baa4-4888-89bc-22096d69049f" testId="2d6ce7ac-78ce-94fd-f60a-d38b6763470f" testName="Launcher.PlayerShellIntegration.LauncherThemeRuntimeTests.SignedRemoteReleasePromotesAtomicallyAndKeepsLastKnownGood" computerName="DESKTOP-4J13TH0" duration="00:00:00.1208162" startTime="2026-08-11T12:27:30.0954670+08:00" endTime="2026-08-11T12:27:30.2209820+08:00" testType="13cdc9d9-ddb5-4fa4-a97d-d965ccfc6d4b" outcome="Passed" testListId="8c84fa94-04c1-424b-9868-57a2d4851a1d" relativeResultsDirectory="e9b643cc-baa4-4888-89bc-22096d69049f" />
    <UnitTestResult executionId="307d2d2d-4a9b-45f1-9e1b-c3e053194600" testId="be4d9e5d-5a51-7941-42e7-a26a6cab98da" testName="Launcher.PlayerShellIntegration.LauncherThemeRuntimeTests.ClientSelectionRequiresMatchingCapabilityMarker" computerName="DESKTOP-4J13TH0" duration="00:00:00.0107602" startTime="2026-08-11T12:27:23.1445976+08:00" endTime="2026-08-11T12:27:23.1446854+08:00" testType="13cdc9d9-ddb5-4fa4-a97d-d965ccfc6d4b" outcome="Passed" testListId="8c84fa94-04c1-424b-9868-57a2d4851a1d" relativeResultsDirectory="307d2d2d-4a9b-45f1-9e1b-c3e053194600" />
    <UnitTestResult executionId="4e976301-144d-410e-9668-c98fd678139f" testId="e9da03d3-7aea-cd42-3db2-6f36ffdba611" testName="Launcher.PlayerShellIntegration.LauncherThemeRuntimeTests.UnsignedRemoteAndCacheAreNeverLoadedByDefault" computerName="DESKTOP-4J13TH0" duration="00:00:00.0060913" startTime="2026-08-11T12:27:31.8561434+08:00" endTime="2026-08-11T12:27:31.8622001+08:00" testType="13cdc9d9-ddb5-4fa4-a97d-d965ccfc6d4b" outcome="Passed" testListId="8c84fa94-04c1-424b-9868-57a2d4851a1d" relativeResultsDirectory="4e976301-144d-410e-9668-c98fd678139f" />
    <UnitTestResult executionId="158ac455-4f36-43bc-829b-1971721de86f" testId="e235083a-70e1-7f6b-5338-4a48fc2d047d" testName="Launcher.PlayerShellIntegration.LauncherThemeRuntimeTests.SessionFailoverOccursAtMostOnce" computerName="DESKTOP-4J13TH0" duration="00:00:00.0030944" startTime="2026-08-11T12:27:32.0154974+08:00" endTime="2026-08-11T12:27:32.0185461+08:00" testType="13cdc9d9-ddb5-4fa4-a97d-d965ccfc6d4b" outcome="Passed" testListId="8c84fa94-04c1-424b-9868-57a2d4851a1d" relativeResultsDirectory="158ac455-4f36-43bc-829b-1971721de86f" />
    <UnitTestResult executionId="2bb9c7e5-e399-472a-91dd-0c3be124032a" testId="22f6eb1e-e32f-75b3-8b11-972c8b730249" testName="Launcher.PlayerShellIntegration.Windows.PlayerPayloadPackageTests.已解包载荷被修改后必须拒绝复用" computerName="DESKTOP-4J13TH0" duration="00:00:00.0370688" startTime="2026-08-11T12:27:23.1737066+08:00" endTime="2026-08-11T12:27:23.2077280+08:00" testType="13cdc9d9-ddb5-4fa4-a97d-d965ccfc6d4b" outcome="Passed" testListId="8c84fa94-04c1-424b-9868-57a2d4851a1d" relativeResultsDirectory="2bb9c7e5-e399-472a-91dd-0c3be124032a" />
    <UnitTestResult executionId="9f093c4d-7848-4b0c-b287-91b814d4df57" testId="5ab52fa2-49db-b600-4a48-63bd9811cc76" testName="Launcher.PlayerShellIntegration.Windows.PlayerReplacementCoordinatorTests.待替换入口被篡改时拒绝替换且旧版保持完整" computerName="DESKTOP-4J13TH0" duration="00:00:00.0143490" startTime="2026-08-11T12:27:23.1437251+08:00" endTime="2026-08-11T12:27:23.1451080+08:00" testType="13cdc9d9-ddb5-4fa4-a97d-d965ccfc6d4b" outcome="Passed" testListId="8c84fa94-04c1-424b-9868-57a2d4851a1d" relativeResultsDirectory="9f093c4d-7848-4b0c-b287-91b814d4df57" />
    <UnitTestResult executionId="df4df0ff-a7df-421e-9d8d-710b2b299dac" testId="12d0a768-103f-a6a2-ace6-4d22f6831d52" testName="Launcher.PlayerShellIntegration.LauncherThemeRuntimeTests.PerMonitorV2WindowProcessesRealDpiMessageAndHitTests(kind: Classic, dpi: 96)" computerName="DESKTOP-4J13TH0" duration="00:00:00.4254422" startTime="2026-08-11T12:27:23.1449933+08:00" endTime="2026-08-11T12:27:23.5343825+08:00" testType="13cdc9d9-ddb5-4fa4-a97d-d965ccfc6d4b" outcome="Passed" testListId="8c84fa94-04c1-424b-9868-57a2d4851a1d" relativeResultsDirectory="df4df0ff-a7df-421e-9d8d-710b2b299dac" />
    <UnitTestResult executionId="c4e1091d-4ed6-4f97-abad-042f2b707a9b" testId="d31b3dbf-3b3d-d420-9eec-972f02b95135" testName="Launcher.PlayerShellIntegration.LauncherThemeRuntimeTests.ThreeTemplatesAndGmFixedModesValidate(template: Classic, mode: Dropdown)" computerName="DESKTOP-4J13TH0" duration="00:00:00.0054335" startTime="2026-08-11T12:27:23.1429460+08:00" endTime="2026-08-11T12:27:23.1438285+08:00" testType="13cdc9d9-ddb5-4fa4-a97d-d965ccfc6d4b" outcome="Passed" testListId="8c84fa94-04c1-424b-9868-57a2d4851a1d" relativeResultsDirectory="c4e1091d-4ed6-4f97-abad-042f2b707a9b" />
    <UnitTestResult executionId="b3cd221f-0fd4-45f6-ab5b-c136cdb3a374" testId="90733bd4-994f-6caa-ce01-241b10b51127" testName="Launcher.PlayerShellIntegration.LauncherThemeRuntimeTests.ProgressChannelPublishesRealTwoLevelStateAtomically" computerName="DESKTOP-4J13TH0" duration="00:00:00.0577295" startTime="2026-08-11T12:27:23.0081328+08:00" endTime="2026-08-11T12:27:23.0645317+08:00" testType="13cdc9d9-ddb5-4fa4-a97d-d965ccfc6d4b" outcome="Passed" testListId="8c84fa94-04c1-424b-9868-57a2d4851a1d" relativeResultsDirectory="b3cd221f-0fd4-45f6-ab5b-c136cdb3a374" />
    <UnitTestResult executionId="4d1f741b-9883-4f1e-9bb2-566be17540e0" testId="2550ab09-891d-d18c-c439-6b88906b20e4" testName="Launcher.PlayerShellIntegration.LauncherThemeRuntimeTests.ClientLocatorReturnsUniqueCandidatesWithoutFollowingReparsePoints" computerName="DESKTOP-4J13TH0" duration="00:00:00.0128977" startTime="2026-08-11T12:27:31.8658596+08:00" endTime="2026-08-11T12:27:31.8785969+08:00" testType="13cdc9d9-ddb5-4fa4-a97d-d965ccfc6d4b" outcome="Passed" testListId="8c84fa94-04c1-424b-9868-57a2d4851a1d" relativeResultsDirectory="4d1f741b-9883-4f1e-9bb2-566be17540e0" />
    <UnitTestResult executionId="1a2d446e-9de2-4157-96e2-e311cd23abe6" testId="c5d07c57-ad53-498d-24e1-fba89a5c973d" testName="Launcher.PlayerShellIntegration.LauncherThemeRuntimeTests.CredentialEnvelopeIsProjectBoundAndNotPlaintext" computerName="DESKTOP-4J13TH0" duration="00:00:00.0032464" startTime="2026-08-11T12:27:31.8623667+08:00" endTime="2026-08-11T12:27:31.8656087+08:00" testType="13cdc9d9-ddb5-4fa4-a97d-d965ccfc6d4b" outcome="Passed" testListId="8c84fa94-04c1-424b-9868-57a2d4851a1d" relativeResultsDirectory="1a2d446e-9de2-4157-96e2-e311cd23abe6" />
    <UnitTestResult executionId="c8ec0218-d0ed-4cb7-9491-b0fc0c85a8e7" testId="52140599-6237-1247-3f29-194d5210779a" testName="Launcher.PlayerShellIntegration.LauncherThemeRuntimeTests.PerMonitorV2WindowProcessesRealDpiMessageAndHitTests(kind: Classic, dpi: 120)" computerName="DESKTOP-4J13TH0" duration="00:00:00.5856590" startTime="2026-08-11T12:27:26.9625179+08:00" endTime="2026-08-11T12:27:27.5481563+08:00" testType="13cdc9d9-ddb5-4fa4-a97d-d965ccfc6d4b" outcome="Passed" testListId="8c84fa94-04c1-424b-9868-57a2d4851a1d" relativeResultsDirectory="c8ec0218-d0ed-4cb7-9491-b0fc0c85a8e7" />
    <UnitTestResult executionId="e43e8ad5-e00f-4e3d-abcb-d097082234fc" testId="121f7663-9474-90ca-3190-c3c22e94dcbc" testName="Launcher.PlayerShellIntegration.LauncherThemeRuntimeTests.PlayerSettingsRoundTripEveryExposedCapability" computerName="DESKTOP-4J13TH0" duration="00:00:00.0207220" startTime="2026-08-11T12:27:23.0716635+08:00" endTime="2026-08-11T12:27:23.0921371+08:00" testType="13cdc9d9-ddb5-4fa4-a97d-d965ccfc6d4b" outcome="Passed" testListId="8c84fa94-04c1-424b-9868-57a2d4851a1d" relativeResultsDirectory="e43e8ad5-e00f-4e3d-abcb-d097082234fc" />
    <UnitTestResult executionId="e88cc67c-cd6d-402e-8d72-ebb477dabc05" testId="31ff9c85-675a-d440-e4fb-43f3944ab31f" testName="Launcher.PlayerShellIntegration.LauncherThemeRuntimeTests.PerMonitorV2WindowProcessesRealDpiMessageAndHitTests(kind: Widescreen, dpi: 192)" computerName="DESKTOP-4J13TH0" duration="00:00:00.6237548" startTime="2026-08-11T12:27:24.0293493+08:00" endTime="2026-08-11T12:27:24.6530341+08:00" testType="13cdc9d9-ddb5-4fa4-a97d-d965ccfc6d4b" outcome="Passed" testListId="8c84fa94-04c1-424b-9868-57a2d4851a1d" relativeResultsDirectory="e88cc67c-cd6d-402e-8d72-ebb477dabc05" />
    <UnitTestResult executionId="64456046-88f4-450f-be49-7f0e86e6ef89" testId="e3131172-2a93-08d6-bdd9-f9837a139bd1" testName="Launcher.PlayerShellIntegration.LauncherThemeRuntimeTests.SettingsPanelComesFromSharedCapabilityRegistry" computerName="DESKTOP-4J13TH0" duration="00:00:00.0137216" startTime="2026-08-11T12:27:30.0270511+08:00" endTime="2026-08-11T12:27:30.0407069+08:00" testType="13cdc9d9-ddb5-4fa4-a97d-d965ccfc6d4b" outcome="Passed" testListId="8c84fa94-04c1-424b-9868-57a2d4851a1d" relativeResultsDirectory="64456046-88f4-450f-be49-7f0e86e6ef89" />
    <UnitTestResult executionId="f9fe2c03-4f8d-41fe-a078-3bc2109fe74d" testId="e3e378fc-cde2-29de-8579-b2e78bfe4f91" testName="Launcher.PlayerShellIntegration.Windows.PlayerPayloadPackageTests.玩家入口重命名后仍能校验并解包全部载荷" computerName="DESKTOP-4J13TH0" duration="00:00:00.1180589" startTime="2026-08-11T12:27:22.8853112+08:00" endTime="2026-08-11T12:27:23.0114539+08:00" testType="13cdc9d9-ddb5-4fa4-a97d-d965ccfc6d4b" outcome="Passed" testListId="8c84fa94-04c1-424b-9868-57a2d4851a1d" relativeResultsDirectory="f9fe2c03-4f8d-41fe-a078-3bc2109fe74d" />
    <UnitTestResult executionId="2f6c08f8-6297-4f88-b2ee-a2e7bda44663" testId="9f41f2a3-5ae3-3480-e899-4304850ebe6e" testName="Launcher.PlayerShellIntegration.LauncherThemeRuntimeTests.SnapshotRejectsCodeAndUnsafeAssetsBySchema" computerName="DESKTOP-4J13TH0" duration="00:00:00.0006535" startTime="2026-08-11T12:27:32.0568144+08:00" endTime="2026-08-11T12:27:32.0573645+08:00" testType="13cdc9d9-ddb5-4fa4-a97d-d965ccfc6d4b" outcome="Passed" testListId="8c84fa94-04c1-424b-9868-57a2d4851a1d" relativeResultsDirectory="2f6c08f8-6297-4f88-b2ee-a2e7bda44663" />
    <UnitTestResult executionId="57aec9af-2e35-4006-b01d-63323ffad7e9" testId="e1389e16-e515-146c-657d-29327f416878" testName="Launcher.PlayerShellIntegration.LauncherThemeRuntimeTests.MicroResponseCacheRejectsParentJunctionEscape" computerName="DESKTOP-4J13TH0" duration="00:00:00.1131141" startTime="2026-08-11T12:27:22.8814685+08:00" endTime="2026-08-11T12:27:23.0066898+08:00" testType="13cdc9d9-ddb5-4fa4-a97d-d965ccfc6d4b" outcome="Passed" testListId="8c84fa94-04c1-424b-9868-57a2d4851a1d" relativeResultsDirectory="57aec9af-2e35-4006-b01d-63323ffad7e9" />
    <UnitTestResult executionId="b451f618-cf7b-4a04-a36d-094f30970db6" testId="ee464502-24a9-f32e-0e31-43c764f9c0c3" testName="Launcher.PlayerShellIntegration.LauncherThemeRuntimeTests.UnmarkedLegacyClientIsRejectedWithoutModification" computerName="DESKTOP-4J13TH0" duration="00:00:00.0084977" startTime="2026-08-11T12:27:30.0408792+08:00" endTime="2026-08-11T12:27:30.0493068+08:00" testType="13cdc9d9-ddb5-4fa4-a97d-d965ccfc6d4b" outcome="Passed" testListId="8c84fa94-04c1-424b-9868-57a2d4851a1d" relativeResultsDirectory="b451f618-cf7b-4a04-a36d-094f30970db6" />
    <UnitTestResult executionId="8db0dc00-b1e4-46c9-93b2-91f1ac7e11d8" testId="0d831441-3126-4d1f-fd8c-6b23d1dcaf13" testName="Launcher.PlayerShellIntegration.LauncherThemeRuntimeTests.PerMonitorV2WindowProcessesRealDpiMessageAndHitTests(kind: Compact, dpi: 144)" computerName="DESKTOP-4J13TH0" duration="00:00:00.5830619" startTime="2026-08-11T12:27:25.3004089+08:00" endTime="2026-08-11T12:27:25.8836497+08:00" testType="13cdc9d9-ddb5-4fa4-a97d-d965ccfc6d4b" outcome="Passed" testListId="8c84fa94-04c1-424b-9868-57a2d4851a1d" relativeResultsDirectory="8db0dc00-b1e4-46c9-93b2-91f1ac7e11d8" />
    <UnitTestResult executionId="be93df94-c33d-4f6f-8439-d76cfe9d478e" testId="a503c561-d587-a0b3-d03e-6ba92a658f6d" testName="Launcher.PlayerShellIntegration.Windows.PlayerReplacementCoordinatorTests.强停发生在新版切换后会复验新版并提交日志" computerName="DESKTOP-4J13TH0" duration="00:00:00.1689260" startTime="2026-08-11T12:27:22.8854077+08:00" endTime="2026-08-11T12:27:23.0625484+08:00" testType="13cdc9d9-ddb5-4fa4-a97d-d965ccfc6d4b" outcome="Passed" testListId="8c84fa94-04c1-424b-9868-57a2d4851a1d" relativeResultsDirectory="be93df94-c33d-4f6f-8439-d76cfe9d478e" />
    <UnitTestResult executionId="d578576e-5872-4e6b-8722-ec4f310de21a" testId="42f4f4be-4e4f-3d90-af36-c03fd5f03525" testName="Launcher.PlayerShellIntegration.LauncherThemeRuntimeTests.IniSanitizerRemovesLegacyMicroCode" computerName="DESKTOP-4J13TH0" duration="00:00:00.0255994" startTime="2026-08-11T12:27:32.0186490+08:00" endTime="2026-08-11T12:27:32.0442192+08:00" testType="13cdc9d9-ddb5-4fa4-a97d-d965ccfc6d4b" outcome="Passed" testListId="8c84fa94-04c1-424b-9868-57a2d4851a1d" relativeResultsDirectory="d578576e-5872-4e6b-8722-ec4f310de21a" />
    <UnitTestResult executionId="e3bb4865-cd51-437f-bb0a-4a92a88bf7ac" testId="1c7088a1-fa97-2183-1a56-9ce0622baadc" testName="Launcher.PlayerShellIntegration.LauncherThemeRuntimeTests.DisplayModesAreIntersectionWithFixedEngineCapabilities" computerName="DESKTOP-4J13TH0" duration="00:00:00.0730472" startTime="2026-08-11T12:27:31.8787844+08:00" endTime="2026-08-11T12:27:31.9517336+08:00" testType="13cdc9d9-ddb5-4fa4-a97d-d965ccfc6d4b" outcome="Passed" testListId="8c84fa94-04c1-424b-9868-57a2d4851a1d" relativeResultsDirectory="e3bb4865-cd51-437f-bb0a-4a92a88bf7ac" />
    <UnitTestResult executionId="f73fa86b-a042-4cdc-8212-907b4eef120b" testId="b7eb676b-429e-ae91-28e4-e89bef75fc3a" testName="Launcher.PlayerShellIntegration.LauncherThemeRuntimeTests.ThreeTemplatesAndGmFixedModesValidate(template: Compact, mode: Dropdown)" computerName="DESKTOP-4J13TH0" duration="00:00:00.0000096" startTime="2026-08-11T12:27:23.1442889+08:00" endTime="2026-08-11T12:27:23.1443719+08:00" testType="13cdc9d9-ddb5-4fa4-a97d-d965ccfc6d4b" outcome="Passed" testListId="8c84fa94-04c1-424b-9868-57a2d4851a1d" relativeResultsDirectory="f73fa86b-a042-4cdc-8212-907b4eef120b" />
    <UnitTestResult executionId="c4dda845-7369-4aec-b257-1fce32cc20ad" testId="6c4624c8-6608-8a4c-a599-5644de425ee8" testName="Launcher.PlayerShellIntegration.LauncherThemeRuntimeTests.PerMonitorV2WindowProcessesRealDpiMessageAndHitTests(kind: Compact, dpi: 192)" computerName="DESKTOP-4J13TH0" duration="00:00:00.6471377" startTime="2026-08-11T12:27:24.6537504+08:00" endTime="2026-08-11T12:27:25.3001497+08:00" testType="13cdc9d9-ddb5-4fa4-a97d-d965ccfc6d4b" outcome="Passed" testListId="8c84fa94-04c1-424b-9868-57a2d4851a1d" relativeResultsDirectory="c4dda845-7369-4aec-b257-1fce32cc20ad" />
    <UnitTestResult executionId="3f21a747-ddd6-429a-9a0f-cb423227b88b" testId="06d63066-9ec2-857e-6c9c-5f96d7c4fe99" testName="Launcher.PlayerShellIntegration.LauncherThemeRuntimeTests.AllTemplatesRenderAtFourDpiScalesWithoutOverflowException" computerName="DESKTOP-4J13TH0" duration="00:00:01.6321625" startTime="2026-08-11T12:27:30.2231600+08:00" endTime="2026-08-11T12:27:31.8553429+08:00" testType="13cdc9d9-ddb5-4fa4-a97d-d965ccfc6d4b" outcome="Passed" testListId="8c84fa94-04c1-424b-9868-57a2d4851a1d" relativeResultsDirectory="3f21a747-ddd6-429a-9a0f-cb423227b88b" />
    <UnitTestResult executionId="5bfe5e5f-6de0-4fd2-a0b6-4145436e8cb8" testId="86762162-794f-8a5e-3c77-7dc262b0f1f3" testName="Launcher.PlayerShellIntegration.LauncherThemeRuntimeTests.PerMonitorV2WindowProcessesRealDpiMessageAndHitTests(kind: Widescreen, dpi: 96)" computerName="DESKTOP-4J13TH0" duration="00:00:00.4942789" startTime="2026-08-11T12:27:23.5346884+08:00" endTime="2026-08-11T12:27:24.0288708+08:00" testType="13cdc9d9-ddb5-4fa4-a97d-d965ccfc6d4b" outcome="Passed" testListId="8c84fa94-04c1-424b-9868-57a2d4851a1d" relativeResultsDirectory="5bfe5e5f-6de0-4fd2-a0b6-4145436e8cb8" />
    <UnitTestResult executionId="6f45dd28-30dd-4c0e-9f48-8bddcf277850" testId="8e46f264-82d2-cacc-99b6-ab09c9f12fe8" testName="Launcher.PlayerShellIntegration.Windows.PlayerReplacementCoordinatorTests.只有签名清单授权的新入口才会原子替换并保留旧版" computerName="DESKTOP-4J13TH0" duration="00:00:00.0312797" startTime="2026-08-11T12:27:23.1453544+08:00" endTime="2026-08-11T12:27:23.1454462+08:00" testType="13cdc9d9-ddb5-4fa4-a97d-d965ccfc6d4b" outcome="Passed" testListId="8c84fa94-04c1-424b-9868-57a2d4851a1d" relativeResultsDirectory="6f45dd28-30dd-4c0e-9f48-8bddcf277850" />
    <UnitTestResult executionId="c8f67357-0d27-4ee0-aa5c-767d0b2c1c1f" testId="2d7e924e-c04a-d591-32a6-8e97999ef034" testName="Launcher.PlayerShellIntegration.LauncherThemeRuntimeTests.SessionFailoverRequiresThreeConsecutiveFailures" computerName="DESKTOP-4J13TH0" duration="00:00:00.0006047" startTime="2026-08-11T12:27:31.8555751+08:00" endTime="2026-08-11T12:27:31.8560197+08:00" testType="13cdc9d9-ddb5-4fa4-a97d-d965ccfc6d4b" outcome="Passed" testListId="8c84fa94-04c1-424b-9868-57a2d4851a1d" relativeResultsDirectory="c8f67357-0d27-4ee0-aa5c-767d0b2c1c1f" />
    <UnitTestResult executionId="47452dc5-d8b1-44f4-a252-93ad5b830310" testId="13305e02-d2c1-c7f8-6da4-d4c0fe2af552" testName="Launcher.PlayerShellIntegration.Windows.NativeExecutableBrandingTests.Windows可以读取生成后玩家入口的品牌与版本资源" computerName="DESKTOP-4J13TH0" duration="00:00:00.0490217" startTime="2026-08-11T12:27:22.8854435+08:00" endTime="2026-08-11T12:27:22.9467690+08:00" testType="13cdc9d9-ddb5-4fa4-a97d-d965ccfc6d4b" outcome="Passed" testListId="8c84fa94-04c1-424b-9868-57a2d4851a1d" relativeResultsDirectory="47452dc5-d8b1-44f4-a252-93ad5b830310" />
    <UnitTestResult executionId="f383f1a9-1488-4249-ae5f-1d7f50ae9f3d" testId="9f879fdd-e05c-6c19-eac4-adb36ae1f60f" testName="Launcher.PlayerShellIntegration.LauncherThemeRuntimeTests.ProgressReportsTwoLevelsSpeedAndRemainingCapacity" computerName="DESKTOP-4J13TH0" duration="00:00:00.0066067" startTime="2026-08-11T12:27:23.0648377+08:00" endTime="2026-08-11T12:27:23.0712923+08:00" testType="13cdc9d9-ddb5-4fa4-a97d-d965ccfc6d4b" outcome="Passed" testListId="8c84fa94-04c1-424b-9868-57a2d4851a1d" relativeResultsDirectory="f383f1a9-1488-4249-ae5f-1d7f50ae9f3d" />
    <UnitTestResult executionId="bd4dd543-7609-499d-84e8-a40faaf83653" testId="b3f08652-2ddf-41b8-5473-31579228719f" testName="Launcher.PlayerShellIntegration.LauncherThemeRuntimeTests.PerMonitorV2WindowProcessesRealDpiMessageAndHitTests(kind: Widescreen, dpi: 144)" computerName="DESKTOP-4J13TH0" duration="00:00:00.5636497" startTime="2026-08-11T12:27:25.8840273+08:00" endTime="2026-08-11T12:27:26.4472251+08:00" testType="13cdc9d9-ddb5-4fa4-a97d-d965ccfc6d4b" outcome="Passed" testListId="8c84fa94-04c1-424b-9868-57a2d4851a1d" relativeResultsDirectory="bd4dd543-7609-499d-84e8-a40faaf83653" />
    <UnitTestResult executionId="65791e98-6fb9-4a9d-aaf5-eada6ba59052" testId="767ebb52-30d1-ff84-0c3a-66a894762609" testName="Launcher.PlayerShellIntegration.LauncherThemeRuntimeTests.CredentialManagerSeparatesProjects" computerName="DESKTOP-4J13TH0" duration="00:00:00.0481597" startTime="2026-08-11T12:27:29.9800781+08:00" endTime="2026-08-11T12:27:30.0268784+08:00" testType="13cdc9d9-ddb5-4fa4-a97d-d965ccfc6d4b" outcome="Passed" testListId="8c84fa94-04c1-424b-9868-57a2d4851a1d" relativeResultsDirectory="65791e98-6fb9-4a9d-aaf5-eada6ba59052" />
    <UnitTestResult executionId="8b38c59d-292d-4cfa-ae25-035e363348e3" testId="b9b36ae2-49e9-51e8-e766-9a35441da392" testName="Launcher.PlayerShellIntegration.LauncherThemeRuntimeTests.PerMonitorV2WindowProcessesRealDpiMessageAndHitTests(kind: Classic, dpi: 192)" computerName="DESKTOP-4J13TH0" duration="00:00:00.5776555" startTime="2026-08-11T12:27:29.4009213+08:00" endTime="2026-08-11T12:27:29.9785005+08:00" testType="13cdc9d9-ddb5-4fa4-a97d-d965ccfc6d4b" outcome="Passed" testListId="8c84fa94-04c1-424b-9868-57a2d4851a1d" relativeResultsDirectory="8b38c59d-292d-4cfa-ae25-035e363348e3" />
    <UnitTestResult executionId="699e88a5-1f2d-40a4-b692-e1bcaf3f39f3" testId="74862d10-537c-59c7-3b48-bccd6d0b505c" testName="Launcher.PlayerShellIntegration.LauncherThemeRuntimeTests.PerMonitorV2WindowProcessesRealDpiMessageAndHitTests(kind: Compact, dpi: 96)" computerName="DESKTOP-4J13TH0" duration="00:00:00.5147959" startTime="2026-08-11T12:27:26.4477292+08:00" endTime="2026-08-11T12:27:26.9622505+08:00" testType="13cdc9d9-ddb5-4fa4-a97d-d965ccfc6d4b" outcome="Passed" testListId="8c84fa94-04c1-424b-9868-57a2d4851a1d" relativeResultsDirectory="699e88a5-1f2d-40a4-b692-e1bcaf3f39f3" />
    <UnitTestResult executionId="bd55280d-5ba5-4d15-9ab5-4365638fe2dc" testId="6e3abb81-78b3-e3f6-3931-9e5a7edf4601" testName="Launcher.PlayerShellIntegration.LauncherThemeRuntimeTests.PerMonitorV2WindowProcessesRealDpiMessageAndHitTests(kind: Classic, dpi: 144)" computerName="DESKTOP-4J13TH0" duration="00:00:00.5968290" startTime="2026-08-11T12:27:28.1384506+08:00" endTime="2026-08-11T12:27:28.7351694+08:00" testType="13cdc9d9-ddb5-4fa4-a97d-d965ccfc6d4b" outcome="Passed" testListId="8c84fa94-04c1-424b-9868-57a2d4851a1d" relativeResultsDirectory="bd55280d-5ba5-4d15-9ab5-4365638fe2dc" />
    <UnitTestResult executionId="433b10b4-5b0a-4e09-bcff-af9b717d60b5" testId="ca740aa1-2514-73a3-975e-b949942bfae1" testName="Launcher.PlayerShellIntegration.LauncherThemeRuntimeTests.ThreeTemplatesAndGmFixedModesValidate(template: Widescreen, mode: Sidebar)" computerName="DESKTOP-4J13TH0" duration="00:00:00.0002282" startTime="2026-08-11T12:27:23.1440138+08:00" endTime="2026-08-11T12:27:23.1441003+08:00" testType="13cdc9d9-ddb5-4fa4-a97d-d965ccfc6d4b" outcome="Passed" testListId="8c84fa94-04c1-424b-9868-57a2d4851a1d" relativeResultsDirectory="433b10b4-5b0a-4e09-bcff-af9b717d60b5" />
    <UnitTestResult executionId="8cc00177-0154-4125-b371-4946c960128f" testId="1608c3c7-9377-0ab5-8ee2-4894e6819912" testName="Launcher.PlayerShellIntegration.LauncherThemeRuntimeTests.ThemeAssetsRejectJunctionEscape" computerName="DESKTOP-4J13TH0" duration="00:00:00.0635590" startTime="2026-08-11T12:27:31.9518802+08:00" endTime="2026-08-11T12:27:32.0153448+08:00" testType="13cdc9d9-ddb5-4fa4-a97d-d965ccfc6d4b" outcome="Passed" testListId="8c84fa94-04c1-424b-9868-57a2d4851a1d" relativeResultsDirectory="8cc00177-0154-4125-b371-4946c960128f" />
  </Results>
  <TestDefinitions>
    <UnitTest name="Launcher.PlayerShellIntegration.Windows.PlayerPayloadPackageTests.已解包载荷被修改后必须拒绝复用" storage="d:\chuanqi\kmyq\lyocrystal-main\windowsintegration\launcher.playershellintegration\bin\release\net10.0-windows\launcher.playershellintegration.windows.dll" id="22f6eb1e-e32f-75b3-8b11-972c8b730249">
      <Execution id="2bb9c7e5-e399-472a-91dd-0c3be124032a" />
      <TestMethod codeBase="D:\ChuanQi\Kmyq\LyoCrystal-main\WindowsIntegration\Launcher.PlayerShellIntegration\bin\Release\net10.0-windows\Launcher.PlayerShellIntegration.Windows.dll" adapterTypeName="executor://xunit/VsTestRunner3/netcore/" className="Launcher.PlayerShellIntegration.Windows.PlayerPayloadPackageTests" name="已解包载荷被修改后必须拒绝复用" />
    </UnitTest>
    <UnitTest name="Launcher.PlayerShellIntegration.LauncherThemeRuntimeTests.LoadFallsBackAcrossThreeCompleteLayers" storage="d:\chuanqi\kmyq\lyocrystal-main\windowsintegration\launcher.playershellintegration\bin\release\net10.0-windows\launcher.playershellintegration.windows.dll" id="79b21954-c1bd-0970-46db-a460838b9e48">
      <Execution id="4cfd2033-4649-46ca-97d8-03ed4f528d89" />
      <TestMethod codeBase="D:\ChuanQi\Kmyq\LyoCrystal-main\WindowsIntegration\Launcher.PlayerShellIntegration\bin\Release\net10.0-windows\Launcher.PlayerShellIntegration.Windows.dll" adapterTypeName="executor://xunit/VsTestRunner3/netcore/" className="Launcher.PlayerShellIntegration.LauncherThemeRuntimeTests" name="LoadFallsBackAcrossThreeCompleteLayers" />
    </UnitTest>
    <UnitTest name="Launcher.PlayerShellIntegration.LauncherThemeRuntimeTests.ClientLocatorReturnsUniqueCandidatesWithoutFollowingReparsePoints" storage="d:\chuanqi\kmyq\lyocrystal-main\windowsintegration\launcher.playershellintegration\bin\release\net10.0-windows\launcher.playershellintegration.windows.dll" id="2550ab09-891d-d18c-c439-6b88906b20e4">
      <Execution id="4d1f741b-9883-4f1e-9bb2-566be17540e0" />
      <TestMethod codeBase="D:\ChuanQi\Kmyq\LyoCrystal-main\WindowsIntegration\Launcher.PlayerShellIntegration\bin\Release\net10.0-windows\Launcher.PlayerShellIntegration.Windows.dll" adapterTypeName="executor://xunit/VsTestRunner3/netcore/" className="Launcher.PlayerShellIntegration.LauncherThemeRuntimeTests" name="ClientLocatorReturnsUniqueCandidatesWithoutFollowingReparsePoints" />
    </UnitTest>
    <UnitTest name="Launcher.PlayerShellIntegration.LauncherThemeRuntimeTests.ProgressReportsTwoLevelsSpeedAndRemainingCapacity" storage="d:\chuanqi\kmyq\lyocrystal-main\windowsintegration\launcher.playershellintegration\bin\release\net10.0-windows\launcher.playershellintegration.windows.dll" id="9f879fdd-e05c-6c19-eac4-adb36ae1f60f">
      <Execution id="f383f1a9-1488-4249-ae5f-1d7f50ae9f3d" />
      <TestMethod codeBase="D:\ChuanQi\Kmyq\LyoCrystal-main\WindowsIntegration\Launcher.PlayerShellIntegration\bin\Release\net10.0-windows\Launcher.PlayerShellIntegration.Windows.dll" adapterTypeName="executor://xunit/VsTestRunner3/netcore/" className="Launcher.PlayerShellIntegration.LauncherThemeRuntimeTests" name="ProgressReportsTwoLevelsSpeedAndRemainingCapacity" />
    </UnitTest>
    <UnitTest name="Launcher.PlayerShellIntegration.LauncherThemeRuntimeTests.PerMonitorV2WindowProcessesRealDpiMessageAndHitTests(kind: Compact, dpi: 144)" storage="d:\chuanqi\kmyq\lyocrystal-main\windowsintegration\launcher.playershellintegration\bin\release\net10.0-windows\launcher.playershellintegration.windows.dll" id="0d831441-3126-4d1f-fd8c-6b23d1dcaf13">
      <Execution id="8db0dc00-b1e4-46c9-93b2-91f1ac7e11d8" />
      <TestMethod codeBase="D:\ChuanQi\Kmyq\LyoCrystal-main\WindowsIntegration\Launcher.PlayerShellIntegration\bin\Release\net10.0-windows\Launcher.PlayerShellIntegration.Windows.dll" adapterTypeName="executor://xunit/VsTestRunner3/netcore/" className="Launcher.PlayerShellIntegration.LauncherThemeRuntimeTests" name="PerMonitorV2WindowProcessesRealDpiMessageAndHitTests" />
    </UnitTest>
    <UnitTest name="Launcher.PlayerShellIntegration.LauncherThemeRuntimeTests.ThreeTemplatesAndGmFixedModesValidate(template: Widescreen, mode: Sidebar)" storage="d:\chuanqi\kmyq\lyocrystal-main\windowsintegration\launcher.playershellintegration\bin\release\net10.0-windows\launcher.playershellintegration.windows.dll" id="ca740aa1-2514-73a3-975e-b949942bfae1">
      <Execution id="433b10b4-5b0a-4e09-bcff-af9b717d60b5" />
      <TestMethod codeBase="D:\ChuanQi\Kmyq\LyoCrystal-main\WindowsIntegration\Launcher.PlayerShellIntegration\bin\Release\net10.0-windows\Launcher.PlayerShellIntegration.Windows.dll" adapterTypeName="executor://xunit/VsTestRunner3/netcore/" className="Launcher.PlayerShellIntegration.LauncherThemeRuntimeTests" name="ThreeTemplatesAndGmFixedModesValidate" />
    </UnitTest>
    <UnitTest name="Launcher.PlayerShellIntegration.LauncherThemeRuntimeTests.SnapshotRejectsCodeAndUnsafeAssetsBySchema" storage="d:\chuanqi\kmyq\lyocrystal-main\windowsintegration\launcher.playershellintegration\bin\release\net10.0-windows\launcher.playershellintegration.windows.dll" id="9f41f2a3-5ae3-3480-e899-4304850ebe6e">
      <Execution id="2f6c08f8-6297-4f88-b2ee-a2e7bda44663" />
      <TestMethod codeBase="D:\ChuanQi\Kmyq\LyoCrystal-main\WindowsIntegration\Launcher.PlayerShellIntegration\bin\Release\net10.0-windows\Launcher.PlayerShellIntegration.Windows.dll" adapterTypeName="executor://xunit/VsTestRunner3/netcore/" className="Launcher.PlayerShellIntegration.LauncherThemeRuntimeTests" name="SnapshotRejectsCodeAndUnsafeAssetsBySchema" />
    </UnitTest>
    <UnitTest name="Launcher.PlayerShellIntegration.LauncherThemeRuntimeTests.PerMonitorV2WindowProcessesRealDpiMessageAndHitTests(kind: Widescreen, dpi: 120)" storage="d:\chuanqi\kmyq\lyocrystal-main\windowsintegration\launcher.playershellintegration\bin\release\net10.0-windows\launcher.playershellintegration.windows.dll" id="ef7670b7-d424-852a-3ae0-cc3c00fe2629">
      <Execution id="8d20486a-7f22-4eb9-8550-d4f72d655a1f" />
      <TestMethod codeBase="D:\ChuanQi\Kmyq\LyoCrystal-main\WindowsIntegration\Launcher.PlayerShellIntegration\bin\Release\net10.0-windows\Launcher.PlayerShellIntegration.Windows.dll" adapterTypeName="executor://xunit/VsTestRunner3/netcore/" className="Launcher.PlayerShellIntegration.LauncherThemeRuntimeTests" name="PerMonitorV2WindowProcessesRealDpiMessageAndHitTests" />
    </UnitTest>
    <UnitTest name="Launcher.PlayerShellIntegration.LauncherThemeRuntimeTests.PerMonitorV2WindowProcessesRealDpiMessageAndHitTests(kind: Classic, dpi: 96)" storage="d:\chuanqi\kmyq\lyocrystal-main\windowsintegration\launcher.playershellintegration\bin\release\net10.0-windows\launcher.playershellintegration.windows.dll" id="12d0a768-103f-a6a2-ace6-4d22f6831d52">
      <Execution id="df4df0ff-a7df-421e-9d8d-710b2b299dac" />
      <TestMethod codeBase="D:\ChuanQi\Kmyq\LyoCrystal-main\WindowsIntegration\Launcher.PlayerShellIntegration\bin\Release\net10.0-windows\Launcher.PlayerShellIntegration.Windows.dll" adapterTypeName="executor://xunit/VsTestRunner3/netcore/" className="Launcher.PlayerShellIntegration.LauncherThemeRuntimeTests" name="PerMonitorV2WindowProcessesRealDpiMessageAndHitTests" />
    </UnitTest>
    <UnitTest name="Launcher.PlayerShellIntegration.LauncherThemeRuntimeTests.MicroResponseCacheRejectsParentJunctionEscape" storage="d:\chuanqi\kmyq\lyocrystal-main\windowsintegration\launcher.playershellintegration\bin\release\net10.0-windows\launcher.playershellintegration.windows.dll" id="e1389e16-e515-146c-657d-29327f416878">
      <Execution id="57aec9af-2e35-4006-b01d-63323ffad7e9" />
      <TestMethod codeBase="D:\ChuanQi\Kmyq\LyoCrystal-main\WindowsIntegration\Launcher.PlayerShellIntegration\bin\Release\net10.0-windows\Launcher.PlayerShellIntegration.Windows.dll" adapterTypeName="executor://xunit/VsTestRunner3/netcore/" className="Launcher.PlayerShellIntegration.LauncherThemeRuntimeTests" name="MicroResponseCacheRejectsParentJunctionEscape" />
    </UnitTest>
    <UnitTest name="Launcher.PlayerShellIntegration.LauncherThemeRuntimeTests.SessionFailoverRequiresThreeConsecutiveFailures" storage="d:\chuanqi\kmyq\lyocrystal-main\windowsintegration\launcher.playershellintegration\bin\release\net10.0-windows\launcher.playershellintegration.windows.dll" id="2d7e924e-c04a-d591-32a6-8e97999ef034">
      <Execution id="c8f67357-0d27-4ee0-aa5c-767d0b2c1c1f" />
      <TestMethod codeBase="D:\ChuanQi\Kmyq\LyoCrystal-main\WindowsIntegration\Launcher.PlayerShellIntegration\bin\Release\net10.0-windows\Launcher.PlayerShellIntegration.Windows.dll" adapterTypeName="executor://xunit/VsTestRunner3/netcore/" className="Launcher.PlayerShellIntegration.LauncherThemeRuntimeTests" name="SessionFailoverRequiresThreeConsecutiveFailures" />
    </UnitTest>
    <UnitTest name="Launcher.PlayerShellIntegration.LauncherThemeRuntimeTests.MicroResponseCacheStoresOnlyBoundedRebuildableCacheData" storage="d:\chuanqi\kmyq\lyocrystal-main\windowsintegration\launcher.playershellintegration\bin\release\net10.0-windows\launcher.playershellintegration.windows.dll" id="07db7cbf-e632-7ae4-3a81-b052b9729eeb">
      <Execution id="def76035-47fa-42aa-ad1a-602be263bdf6" />
      <TestMethod codeBase="D:\ChuanQi\Kmyq\LyoCrystal-main\WindowsIntegration\Launcher.PlayerShellIntegration\bin\Release\net10.0-windows\Launcher.PlayerShellIntegration.Windows.dll" adapterTypeName="executor://xunit/VsTestRunner3/netcore/" className="Launcher.PlayerShellIntegration.LauncherThemeRuntimeTests" name="MicroResponseCacheStoresOnlyBoundedRebuildableCacheData" />
    </UnitTest>
    <UnitTest name="Launcher.PlayerShellIntegration.LauncherThemeRuntimeTests.UnmarkedLegacyClientIsRejectedWithoutModification" storage="d:\chuanqi\kmyq\lyocrystal-main\windowsintegration\launcher.playershellintegration\bin\release\net10.0-windows\launcher.playershellintegration.windows.dll" id="ee464502-24a9-f32e-0e31-43c764f9c0c3">
      <Execution id="b451f618-cf7b-4a04-a36d-094f30970db6" />
      <TestMethod codeBase="D:\ChuanQi\Kmyq\LyoCrystal-main\WindowsIntegration\Launcher.PlayerShellIntegration\bin\Release\net10.0-windows\Launcher.PlayerShellIntegration.Windows.dll" adapterTypeName="executor://xunit/VsTestRunner3/netcore/" className="Launcher.PlayerShellIntegration.LauncherThemeRuntimeTests" name="UnmarkedLegacyClientIsRejectedWithoutModification" />
    </UnitTest>
    <UnitTest name="Launcher.PlayerShellIntegration.LauncherThemeRuntimeTests.ProgressChannelPublishesRealTwoLevelStateAtomically" storage="d:\chuanqi\kmyq\lyocrystal-main\windowsintegration\launcher.playershellintegration\bin\release\net10.0-windows\launcher.playershellintegration.windows.dll" id="90733bd4-994f-6caa-ce01-241b10b51127">
      <Execution id="b3cd221f-0fd4-45f6-ab5b-c136cdb3a374" />
      <TestMethod codeBase="D:\ChuanQi\Kmyq\LyoCrystal-main\WindowsIntegration\Launcher.PlayerShellIntegration\bin\Release\net10.0-windows\Launcher.PlayerShellIntegration.Windows.dll" adapterTypeName="executor://xunit/VsTestRunner3/netcore/" className="Launcher.PlayerShellIntegration.LauncherThemeRuntimeTests" name="ProgressChannelPublishesRealTwoLevelStateAtomically" />
    </UnitTest>
    <UnitTest name="Launcher.PlayerShellIntegration.LauncherThemeRuntimeTests.DisplayModesAreIntersectionWithFixedEngineCapabilities" storage="d:\chuanqi\kmyq\lyocrystal-main\windowsintegration\launcher.playershellintegration\bin\release\net10.0-windows\launcher.playershellintegration.windows.dll" id="1c7088a1-fa97-2183-1a56-9ce0622baadc">
      <Execution id="e3bb4865-cd51-437f-bb0a-4a92a88bf7ac" />
      <TestMethod codeBase="D:\ChuanQi\Kmyq\LyoCrystal-main\WindowsIntegration\Launcher.PlayerShellIntegration\bin\Release\net10.0-windows\Launcher.PlayerShellIntegration.Windows.dll" adapterTypeName="executor://xunit/VsTestRunner3/netcore/" className="Launcher.PlayerShellIntegration.LauncherThemeRuntimeTests" name="DisplayModesAreIntersectionWithFixedEngineCapabilities" />
    </UnitTest>
    <UnitTest name="Launcher.PlayerShellIntegration.Windows.NativeExecutableBrandingTests.Windows可以读取生成后玩家入口的品牌与版本资源" storage="d:\chuanqi\kmyq\lyocrystal-main\windowsintegration\launcher.playershellintegration\bin\release\net10.0-windows\launcher.playershellintegration.windows.dll" id="13305e02-d2c1-c7f8-6da4-d4c0fe2af552">
      <Execution id="47452dc5-d8b1-44f4-a252-93ad5b830310" />
      <TestMethod codeBase="D:\ChuanQi\Kmyq\LyoCrystal-main\WindowsIntegration\Launcher.PlayerShellIntegration\bin\Release\net10.0-windows\Launcher.PlayerShellIntegration.Windows.dll" adapterTypeName="executor://xunit/VsTestRunner3/netcore/" className="Launcher.PlayerShellIntegration.Windows.NativeExecutableBrandingTests" name="Windows可以读取生成后玩家入口的品牌与版本资源" />
    </UnitTest>
    <UnitTest name="Launcher.PlayerShellIntegration.LauncherThemeRuntimeTests.CredentialEnvelopeIsProjectBoundAndNotPlaintext" storage="d:\chuanqi\kmyq\lyocrystal-main\windowsintegration\launcher.playershellintegration\bin\release\net10.0-windows\launcher.playershellintegration.windows.dll" id="c5d07c57-ad53-498d-24e1-fba89a5c973d">
      <Execution id="1a2d446e-9de2-4157-96e2-e311cd23abe6" />
      <TestMethod codeBase="D:\ChuanQi\Kmyq\LyoCrystal-main\WindowsIntegration\Launcher.PlayerShellIntegration\bin\Release\net10.0-windows\Launcher.PlayerShellIntegration.Windows.dll" adapterTypeName="executor://xunit/VsTestRunner3/netcore/" className="Launcher.PlayerShellIntegration.LauncherThemeRuntimeTests" name="CredentialEnvelopeIsProjectBoundAndNotPlaintext" />
    </UnitTest>
    <UnitTest name="Launcher.PlayerShellIntegration.Windows.PlayerReplacementCoordinatorTests.旧版路径缺失但恢复点完整时会继续完成新版切换" storage="d:\chuanqi\kmyq\lyocrystal-main\windowsintegration\launcher.playershellintegration\bin\release\net10.0-windows\launcher.playershellintegration.windows.dll" id="c9e0aeaf-e00c-4eb1-201f-94b7d5ff2939">
      <Execution id="492b9bfe-6c4a-42dd-9c8d-ca534be877b0" />
      <TestMethod codeBase="D:\ChuanQi\Kmyq\LyoCrystal-main\WindowsIntegration\Launcher.PlayerShellIntegration\bin\Release\net10.0-windows\Launcher.PlayerShellIntegration.Windows.dll" adapterTypeName="executor://xunit/VsTestRunner3/netcore/" className="Launcher.PlayerShellIntegration.Windows.PlayerReplacementCoordinatorTests" name="旧版路径缺失但恢复点完整时会继续完成新版切换" />
    </UnitTest>
    <UnitTest name="Launcher.PlayerShellIntegration.LauncherThemeRuntimeTests.AllTemplatesRenderAtFourDpiScalesWithoutOverflowException" storage="d:\chuanqi\kmyq\lyocrystal-main\windowsintegration\launcher.playershellintegration\bin\release\net10.0-windows\launcher.playershellintegration.windows.dll" id="06d63066-9ec2-857e-6c9c-5f96d7c4fe99">
      <Execution id="3f21a747-ddd6-429a-9a0f-cb423227b88b" />
      <TestMethod codeBase="D:\ChuanQi\Kmyq\LyoCrystal-main\WindowsIntegration\Launcher.PlayerShellIntegration\bin\Release\net10.0-windows\Launcher.PlayerShellIntegration.Windows.dll" adapterTypeName="executor://xunit/VsTestRunner3/netcore/" className="Launcher.PlayerShellIntegration.LauncherThemeRuntimeTests" name="AllTemplatesRenderAtFourDpiScalesWithoutOverflowException" />
    </UnitTest>
    <UnitTest name="Launcher.PlayerShellIntegration.LauncherThemeRuntimeTests.SessionFailoverOccursAtMostOnce" storage="d:\chuanqi\kmyq\lyocrystal-main\windowsintegration\launcher.playershellintegration\bin\release\net10.0-windows\launcher.playershellintegration.windows.dll" id="e235083a-70e1-7f6b-5338-4a48fc2d047d">
      <Execution id="158ac455-4f36-43bc-829b-1971721de86f" />
      <TestMethod codeBase="D:\ChuanQi\Kmyq\LyoCrystal-main\WindowsIntegration\Launcher.PlayerShellIntegration\bin\Release\net10.0-windows\Launcher.PlayerShellIntegration.Windows.dll" adapterTypeName="executor://xunit/VsTestRunner3/netcore/" className="Launcher.PlayerShellIntegration.LauncherThemeRuntimeTests" name="SessionFailoverOccursAtMostOnce" />
    </UnitTest>
    <UnitTest name="Launcher.PlayerShellIntegration.LauncherThemeRuntimeTests.PerMonitorV2WindowProcessesRealDpiMessageAndHitTests(kind: Classic, dpi: 120)" storage="d:\chuanqi\kmyq\lyocrystal-main\windowsintegration\launcher.playershellintegration\bin\release\net10.0-windows\launcher.playershellintegration.windows.dll" id="52140599-6237-1247-3f29-194d5210779a">
      <Execution id="c8ec0218-d0ed-4cb7-9491-b0fc0c85a8e7" />
      <TestMethod codeBase="D:\ChuanQi\Kmyq\LyoCrystal-main\WindowsIntegration\Launcher.PlayerShellIntegration\bin\Release\net10.0-windows\Launcher.PlayerShellIntegration.Windows.dll" adapterTypeName="executor://xunit/VsTestRunner3/netcore/" className="Launcher.PlayerShellIntegration.LauncherThemeRuntimeTests" name="PerMonitorV2WindowProcessesRealDpiMessageAndHitTests" />
    </UnitTest>
    <UnitTest name="Launcher.PlayerShellIntegration.LauncherThemeRuntimeTests.ClientSelectionRequiresMatchingCapabilityMarker" storage="d:\chuanqi\kmyq\lyocrystal-main\windowsintegration\launcher.playershellintegration\bin\release\net10.0-windows\launcher.playershellintegration.windows.dll" id="be4d9e5d-5a51-7941-42e7-a26a6cab98da">
      <Execution id="307d2d2d-4a9b-45f1-9e1b-c3e053194600" />
      <TestMethod codeBase="D:\ChuanQi\Kmyq\LyoCrystal-main\WindowsIntegration\Launcher.PlayerShellIntegration\bin\Release\net10.0-windows\Launcher.PlayerShellIntegration.Windows.dll" adapterTypeName="executor://xunit/VsTestRunner3/netcore/" className="Launcher.PlayerShellIntegration.LauncherThemeRuntimeTests" name="ClientSelectionRequiresMatchingCapabilityMarker" />
    </UnitTest>
    <UnitTest name="Launcher.PlayerShellIntegration.LauncherThemeRuntimeTests.PerMonitorV2WindowProcessesRealDpiMessageAndHitTests(kind: Widescreen, dpi: 144)" storage="d:\chuanqi\kmyq\lyocrystal-main\windowsintegration\launcher.playershellintegration\bin\release\net10.0-windows\launcher.playershellintegration.windows.dll" id="b3f08652-2ddf-41b8-5473-31579228719f">
      <Execution id="bd4dd543-7609-499d-84e8-a40faaf83653" />
      <TestMethod codeBase="D:\ChuanQi\Kmyq\LyoCrystal-main\WindowsIntegration\Launcher.PlayerShellIntegration\bin\Release\net10.0-windows\Launcher.PlayerShellIntegration.Windows.dll" adapterTypeName="executor://xunit/VsTestRunner3/netcore/" className="Launcher.PlayerShellIntegration.LauncherThemeRuntimeTests" name="PerMonitorV2WindowProcessesRealDpiMessageAndHitTests" />
    </UnitTest>
    <UnitTest name="Launcher.PlayerShellIntegration.LauncherThemeRuntimeTests.PerMonitorV2WindowProcessesRealDpiMessageAndHitTests(kind: Classic, dpi: 144)" storage="d:\chuanqi\kmyq\lyocrystal-main\windowsintegration\launcher.playershellintegration\bin\release\net10.0-windows\launcher.playershellintegration.windows.dll" id="6e3abb81-78b3-e3f6-3931-9e5a7edf4601">
      <Execution id="bd55280d-5ba5-4d15-9ab5-4365638fe2dc" />
      <TestMethod codeBase="D:\ChuanQi\Kmyq\LyoCrystal-main\WindowsIntegration\Launcher.PlayerShellIntegration\bin\Release\net10.0-windows\Launcher.PlayerShellIntegration.Windows.dll" adapterTypeName="executor://xunit/VsTestRunner3/netcore/" className="Launcher.PlayerShellIntegration.LauncherThemeRuntimeTests" name="PerMonitorV2WindowProcessesRealDpiMessageAndHitTests" />
    </UnitTest>
    <UnitTest name="Launcher.PlayerShellIntegration.LauncherThemeRuntimeTests.PerMonitorV2WindowProcessesRealDpiMessageAndHitTests(kind: Compact, dpi: 192)" storage="d:\chuanqi\kmyq\lyocrystal-main\windowsintegration\launcher.playershellintegration\bin\release\net10.0-windows\launcher.playershellintegration.windows.dll" id="6c4624c8-6608-8a4c-a599-5644de425ee8">
      <Execution id="c4dda845-7369-4aec-b257-1fce32cc20ad" />
      <TestMethod codeBase="D:\ChuanQi\Kmyq\LyoCrystal-main\WindowsIntegration\Launcher.PlayerShellIntegration\bin\Release\net10.0-windows\Launcher.PlayerShellIntegration.Windows.dll" adapterTypeName="executor://xunit/VsTestRunner3/netcore/" className="Launcher.PlayerShellIntegration.LauncherThemeRuntimeTests" name="PerMonitorV2WindowProcessesRealDpiMessageAndHitTests" />
    </UnitTest>
    <UnitTest name="Launcher.PlayerShellIntegration.LauncherThemeRuntimeTests.PlayerSettingsRoundTripEveryExposedCapability" storage="d:\chuanqi\kmyq\lyocrystal-main\windowsintegration\launcher.playershellintegration\bin\release\net10.0-windows\launcher.playershellintegration.windows.dll" id="121f7663-9474-90ca-3190-c3c22e94dcbc">
      <Execution id="e43e8ad5-e00f-4e3d-abcb-d097082234fc" />
      <TestMethod codeBase="D:\ChuanQi\Kmyq\LyoCrystal-main\WindowsIntegration\Launcher.PlayerShellIntegration\bin\Release\net10.0-windows\Launcher.PlayerShellIntegration.Windows.dll" adapterTypeName="executor://xunit/VsTestRunner3/netcore/" className="Launcher.PlayerShellIntegration.LauncherThemeRuntimeTests" name="PlayerSettingsRoundTripEveryExposedCapability" />
    </UnitTest>
    <UnitTest name="Launcher.PlayerShellIntegration.LauncherThemeRuntimeTests.PerMonitorV2WindowProcessesRealDpiMessageAndHitTests(kind: Widescreen, dpi: 96)" storage="d:\chuanqi\kmyq\lyocrystal-main\windowsintegration\launcher.playershellintegration\bin\release\net10.0-windows\launcher.playershellintegration.windows.dll" id="86762162-794f-8a5e-3c77-7dc262b0f1f3">
      <Execution id="5bfe5e5f-6de0-4fd2-a0b6-4145436e8cb8" />
      <TestMethod codeBase="D:\ChuanQi\Kmyq\LyoCrystal-main\WindowsIntegration\Launcher.PlayerShellIntegration\bin\Release\net10.0-windows\Launcher.PlayerShellIntegration.Windows.dll" adapterTypeName="executor://xunit/VsTestRunner3/netcore/" className="Launcher.PlayerShellIntegration.LauncherThemeRuntimeTests" name="PerMonitorV2WindowProcessesRealDpiMessageAndHitTests" />
    </UnitTest>
    <UnitTest name="Launcher.PlayerShellIntegration.Windows.PlayerPayloadPackageTests.超过八十MiB时拒绝生成且不遗留正式入口" storage="d:\chuanqi\kmyq\lyocrystal-main\windowsintegration\launcher.playershellintegration\bin\release\net10.0-windows\launcher.playershellintegration.windows.dll" id="bf0cb94c-9303-0e34-1dc1-1b500864e204">
      <Execution id="0188a754-c24a-421f-a25e-b23f3fcf5740" />
      <TestMethod codeBase="D:\ChuanQi\Kmyq\LyoCrystal-main\WindowsIntegration\Launcher.PlayerShellIntegration\bin\Release\net10.0-windows\Launcher.PlayerShellIntegration.Windows.dll" adapterTypeName="executor://xunit/VsTestRunner3/netcore/" className="Launcher.PlayerShellIntegration.Windows.PlayerPayloadPackageTests" name="超过八十MiB时拒绝生成且不遗留正式入口" />
    </UnitTest>
    <UnitTest name="Launcher.PlayerShellIntegration.LauncherThemeRuntimeTests.PerMonitorV2WindowProcessesRealDpiMessageAndHitTests(kind: Compact, dpi: 96)" storage="d:\chuanqi\kmyq\lyocrystal-main\windowsintegration\launcher.playershellintegration\bin\release\net10.0-windows\launcher.playershellintegration.windows.dll" id="74862d10-537c-59c7-3b48-bccd6d0b505c">
      <Execution id="699e88a5-1f2d-40a4-b692-e1bcaf3f39f3" />
      <TestMethod codeBase="D:\ChuanQi\Kmyq\LyoCrystal-main\WindowsIntegration\Launcher.PlayerShellIntegration\bin\Release\net10.0-windows\Launcher.PlayerShellIntegration.Windows.dll" adapterTypeName="executor://xunit/VsTestRunner3/netcore/" className="Launcher.PlayerShellIntegration.LauncherThemeRuntimeTests" name="PerMonitorV2WindowProcessesRealDpiMessageAndHitTests" />
    </UnitTest>
    <UnitTest name="Launcher.PlayerShellIntegration.LauncherThemeRuntimeTests.CredentialManagerSeparatesProjects" storage="d:\chuanqi\kmyq\lyocrystal-main\windowsintegration\launcher.playershellintegration\bin\release\net10.0-windows\launcher.playershellintegration.windows.dll" id="767ebb52-30d1-ff84-0c3a-66a894762609">
      <Execution id="65791e98-6fb9-4a9d-aaf5-eada6ba59052" />
      <TestMethod codeBase="D:\ChuanQi\Kmyq\LyoCrystal-main\WindowsIntegration\Launcher.PlayerShellIntegration\bin\Release\net10.0-windows\Launcher.PlayerShellIntegration.Windows.dll" adapterTypeName="executor://xunit/VsTestRunner3/netcore/" className="Launcher.PlayerShellIntegration.LauncherThemeRuntimeTests" name="CredentialManagerSeparatesProjects" />
    </UnitTest>
    <UnitTest name="Launcher.PlayerShellIntegration.Windows.PlayerReplacementCoordinatorTests.强停发生在新版切换后会复验新版并提交日志" storage="d:\chuanqi\kmyq\lyocrystal-main\windowsintegration\launcher.playershellintegration\bin\release\net10.0-windows\launcher.playershellintegration.windows.dll" id="a503c561-d587-a0b3-d03e-6ba92a658f6d">
      <Execution id="be93df94-c33d-4f6f-8439-d76cfe9d478e" />
      <TestMethod codeBase="D:\ChuanQi\Kmyq\LyoCrystal-main\WindowsIntegration\Launcher.PlayerShellIntegration\bin\Release\net10.0-windows\Launcher.PlayerShellIntegration.Windows.dll" adapterTypeName="executor://xunit/VsTestRunner3/netcore/" className="Launcher.PlayerShellIntegration.Windows.PlayerReplacementCoordinatorTests" name="强停发生在新版切换后会复验新版并提交日志" />
    </UnitTest>
    <UnitTest name="Launcher.PlayerShellIntegration.LauncherThemeRuntimeTests.SignedRemoteReleasePromotesAtomicallyAndKeepsLastKnownGood" storage="d:\chuanqi\kmyq\lyocrystal-main\windowsintegration\launcher.playershellintegration\bin\release\net10.0-windows\launcher.playershellintegration.windows.dll" id="2d6ce7ac-78ce-94fd-f60a-d38b6763470f">
      <Execution id="e9b643cc-baa4-4888-89bc-22096d69049f" />
      <TestMethod codeBase="D:\ChuanQi\Kmyq\LyoCrystal-main\WindowsIntegration\Launcher.PlayerShellIntegration\bin\Release\net10.0-windows\Launcher.PlayerShellIntegration.Windows.dll" adapterTypeName="executor://xunit/VsTestRunner3/netcore/" className="Launcher.PlayerShellIntegration.LauncherThemeRuntimeTests" name="SignedRemoteReleasePromotesAtomicallyAndKeepsLastKnownGood" />
    </UnitTest>
    <UnitTest name="Launcher.PlayerShellIntegration.LauncherThemeRuntimeTests.PerMonitorV2WindowProcessesRealDpiMessageAndHitTests(kind: Widescreen, dpi: 192)" storage="d:\chuanqi\kmyq\lyocrystal-main\windowsintegration\launcher.playershellintegration\bin\release\net10.0-windows\launcher.playershellintegration.windows.dll" id="31ff9c85-675a-d440-e4fb-43f3944ab31f">
      <Execution id="e88cc67c-cd6d-402e-8d72-ebb477dabc05" />
      <TestMethod codeBase="D:\ChuanQi\Kmyq\LyoCrystal-main\WindowsIntegration\Launcher.PlayerShellIntegration\bin\Release\net10.0-windows\Launcher.PlayerShellIntegration.Windows.dll" adapterTypeName="executor://xunit/VsTestRunner3/netcore/" className="Launcher.PlayerShellIntegration.LauncherThemeRuntimeTests" name="PerMonitorV2WindowProcessesRealDpiMessageAndHitTests" />
    </UnitTest>
    <UnitTest name="Launcher.PlayerShellIntegration.LauncherThemeRuntimeTests.PerMonitorV2WindowProcessesRealDpiMessageAndHitTests(kind: Compact, dpi: 120)" storage="d:\chuanqi\kmyq\lyocrystal-main\windowsintegration\launcher.playershellintegration\bin\release\net10.0-windows\launcher.playershellintegration.windows.dll" id="881874b3-0abd-6b3c-2fcb-8b73c4fcc4ec">
      <Execution id="3d17d6b7-1120-42fc-8c9c-104d3b844515" />
      <TestMethod codeBase="D:\ChuanQi\Kmyq\LyoCrystal-main\WindowsIntegration\Launcher.PlayerShellIntegration\bin\Release\net10.0-windows\Launcher.PlayerShellIntegration.Windows.dll" adapterTypeName="executor://xunit/VsTestRunner3/netcore/" className="Launcher.PlayerShellIntegration.LauncherThemeRuntimeTests" name="PerMonitorV2WindowProcessesRealDpiMessageAndHitTests" />
    </UnitTest>
    <UnitTest name="Launcher.PlayerShellIntegration.LauncherThemeRuntimeTests.ThemeAssetsRejectJunctionEscape" storage="d:\chuanqi\kmyq\lyocrystal-main\windowsintegration\launcher.playershellintegration\bin\release\net10.0-windows\launcher.playershellintegration.windows.dll" id="1608c3c7-9377-0ab5-8ee2-4894e6819912">
      <Execution id="8cc00177-0154-4125-b371-4946c960128f" />
      <TestMethod codeBase="D:\ChuanQi\Kmyq\LyoCrystal-main\WindowsIntegration\Launcher.PlayerShellIntegration\bin\Release\net10.0-windows\Launcher.PlayerShellIntegration.Windows.dll" adapterTypeName="executor://xunit/VsTestRunner3/netcore/" className="Launcher.PlayerShellIntegration.LauncherThemeRuntimeTests" name="ThemeAssetsRejectJunctionEscape" />
    </UnitTest>
    <UnitTest name="Launcher.PlayerShellIntegration.LauncherThemeRuntimeTests.IniSanitizerRemovesLegacyMicroCode" storage="d:\chuanqi\kmyq\lyocrystal-main\windowsintegration\launcher.playershellintegration\bin\release\net10.0-windows\launcher.playershellintegration.windows.dll" id="42f4f4be-4e4f-3d90-af36-c03fd5f03525">
      <Execution id="d578576e-5872-4e6b-8722-ec4f310de21a" />
      <TestMethod codeBase="D:\ChuanQi\Kmyq\LyoCrystal-main\WindowsIntegration\Launcher.PlayerShellIntegration\bin\Release\net10.0-windows\Launcher.PlayerShellIntegration.Windows.dll" adapterTypeName="executor://xunit/VsTestRunner3/netcore/" className="Launcher.PlayerShellIntegration.LauncherThemeRuntimeTests" name="IniSanitizerRemovesLegacyMicroCode" />
    </UnitTest>
    <UnitTest name="Launcher.PlayerShellIntegration.LauncherThemeRuntimeTests.SettingsPanelComesFromSharedCapabilityRegistry" storage="d:\chuanqi\kmyq\lyocrystal-main\windowsintegration\launcher.playershellintegration\bin\release\net10.0-windows\launcher.playershellintegration.windows.dll" id="e3131172-2a93-08d6-bdd9-f9837a139bd1">
      <Execution id="64456046-88f4-450f-be49-7f0e86e6ef89" />
      <TestMethod codeBase="D:\ChuanQi\Kmyq\LyoCrystal-main\WindowsIntegration\Launcher.PlayerShellIntegration\bin\Release\net10.0-windows\Launcher.PlayerShellIntegration.Windows.dll" adapterTypeName="executor://xunit/VsTestRunner3/netcore/" className="Launcher.PlayerShellIntegration.LauncherThemeRuntimeTests" name="SettingsPanelComesFromSharedCapabilityRegistry" />
    </UnitTest>
    <UnitTest name="Launcher.PlayerShellIntegration.Windows.PlayerPayloadPackageTests.玩家入口重命名后仍能校验并解包全部载荷" storage="d:\chuanqi\kmyq\lyocrystal-main\windowsintegration\launcher.playershellintegration\bin\release\net10.0-windows\launcher.playershellintegration.windows.dll" id="e3e378fc-cde2-29de-8579-b2e78bfe4f91">
      <Execution id="f9fe2c03-4f8d-41fe-a078-3bc2109fe74d" />
      <TestMethod codeBase="D:\ChuanQi\Kmyq\LyoCrystal-main\WindowsIntegration\Launcher.PlayerShellIntegration\bin\Release\net10.0-windows\Launcher.PlayerShellIntegration.Windows.dll" adapterTypeName="executor://xunit/VsTestRunner3/netcore/" className="Launcher.PlayerShellIntegration.Windows.PlayerPayloadPackageTests" name="玩家入口重命名后仍能校验并解包全部载荷" />
    </UnitTest>
    <UnitTest name="Launcher.PlayerShellIntegration.LauncherThemeRuntimeTests.UnsignedRemoteAndCacheAreNeverLoadedByDefault" storage="d:\chuanqi\kmyq\lyocrystal-main\windowsintegration\launcher.playershellintegration\bin\release\net10.0-windows\launcher.playershellintegration.windows.dll" id="e9da03d3-7aea-cd42-3db2-6f36ffdba611">
      <Execution id="4e976301-144d-410e-9668-c98fd678139f" />
      <TestMethod codeBase="D:\ChuanQi\Kmyq\LyoCrystal-main\WindowsIntegration\Launcher.PlayerShellIntegration\bin\Release\net10.0-windows\Launcher.PlayerShellIntegration.Windows.dll" adapterTypeName="executor://xunit/VsTestRunner3/netcore/" className="Launcher.PlayerShellIntegration.LauncherThemeRuntimeTests" name="UnsignedRemoteAndCacheAreNeverLoadedByDefault" />
    </UnitTest>
    <UnitTest name="Launcher.PlayerShellIntegration.LauncherThemeRuntimeTests.ThreeTemplatesAndGmFixedModesValidate(template: Compact, mode: Dropdown)" storage="d:\chuanqi\kmyq\lyocrystal-main\windowsintegration\launcher.playershellintegration\bin\release\net10.0-windows\launcher.playershellintegration.windows.dll" id="b7eb676b-429e-ae91-28e4-e89bef75fc3a">
      <Execution id="f73fa86b-a042-4cdc-8212-907b4eef120b" />
      <TestMethod codeBase="D:\ChuanQi\Kmyq\LyoCrystal-main\WindowsIntegration\Launcher.PlayerShellIntegration\bin\Release\net10.0-windows\Launcher.PlayerShellIntegration.Windows.dll" adapterTypeName="executor://xunit/VsTestRunner3/netcore/" className="Launcher.PlayerShellIntegration.LauncherThemeRuntimeTests" name="ThreeTemplatesAndGmFixedModesValidate" />
    </UnitTest>
    <UnitTest name="Launcher.PlayerShellIntegration.Windows.PlayerReplacementCoordinatorTests.待替换入口被篡改时拒绝替换且旧版保持完整" storage="d:\chuanqi\kmyq\lyocrystal-main\windowsintegration\launcher.playershellintegration\bin\release\net10.0-windows\launcher.playershellintegration.windows.dll" id="5ab52fa2-49db-b600-4a48-63bd9811cc76">
      <Execution id="9f093c4d-7848-4b0c-b287-91b814d4df57" />
      <TestMethod codeBase="D:\ChuanQi\Kmyq\LyoCrystal-main\WindowsIntegration\Launcher.PlayerShellIntegration\bin\Release\net10.0-windows\Launcher.PlayerShellIntegration.Windows.dll" adapterTypeName="executor://xunit/VsTestRunner3/netcore/" className="Launcher.PlayerShellIntegration.Windows.PlayerReplacementCoordinatorTests" name="待替换入口被篡改时拒绝替换且旧版保持完整" />
    </UnitTest>
    <UnitTest name="Launcher.PlayerShellIntegration.Windows.PlayerReplacementCoordinatorTests.只有签名清单授权的新入口才会原子替换并保留旧版" storage="d:\chuanqi\kmyq\lyocrystal-main\windowsintegration\launcher.playershellintegration\bin\release\net10.0-windows\launcher.playershellintegration.windows.dll" id="8e46f264-82d2-cacc-99b6-ab09c9f12fe8">
      <Execution id="6f45dd28-30dd-4c0e-9f48-8bddcf277850" />
      <TestMethod codeBase="D:\ChuanQi\Kmyq\LyoCrystal-main\WindowsIntegration\Launcher.PlayerShellIntegration\bin\Release\net10.0-windows\Launcher.PlayerShellIntegration.Windows.dll" adapterTypeName="executor://xunit/VsTestRunner3/netcore/" className="Launcher.PlayerShellIntegration.Windows.PlayerReplacementCoordinatorTests" name="只有签名清单授权的新入口才会原子替换并保留旧版" />
    </UnitTest>
    <UnitTest name="Launcher.PlayerShellIntegration.LauncherThemeRuntimeTests.PerMonitorV2WindowProcessesRealDpiMessageAndHitTests(kind: Classic, dpi: 192)" storage="d:\chuanqi\kmyq\lyocrystal-main\windowsintegration\launcher.playershellintegration\bin\release\net10.0-windows\launcher.playershellintegration.windows.dll" id="b9b36ae2-49e9-51e8-e766-9a35441da392">
      <Execution id="8b38c59d-292d-4cfa-ae25-035e363348e3" />
      <TestMethod codeBase="D:\ChuanQi\Kmyq\LyoCrystal-main\WindowsIntegration\Launcher.PlayerShellIntegration\bin\Release\net10.0-windows\Launcher.PlayerShellIntegration.Windows.dll" adapterTypeName="executor://xunit/VsTestRunner3/netcore/" className="Launcher.PlayerShellIntegration.LauncherThemeRuntimeTests" name="PerMonitorV2WindowProcessesRealDpiMessageAndHitTests" />
    </UnitTest>
    <UnitTest name="Launcher.PlayerShellIntegration.LauncherThemeRuntimeTests.ThreeTemplatesAndGmFixedModesValidate(template: Classic, mode: Dropdown)" storage="d:\chuanqi\kmyq\lyocrystal-main\windowsintegration\launcher.playershellintegration\bin\release\net10.0-windows\launcher.playershellintegration.windows.dll" id="d31b3dbf-3b3d-d420-9eec-972f02b95135">
      <Execution id="c4e1091d-4ed6-4f97-abad-042f2b707a9b" />
      <TestMethod codeBase="D:\ChuanQi\Kmyq\LyoCrystal-main\WindowsIntegration\Launcher.PlayerShellIntegration\bin\Release\net10.0-windows\Launcher.PlayerShellIntegration.Windows.dll" adapterTypeName="executor://xunit/VsTestRunner3/netcore/" className="Launcher.PlayerShellIntegration.LauncherThemeRuntimeTests" name="ThreeTemplatesAndGmFixedModesValidate" />
    </UnitTest>
  </TestDefinitions>
  <TestEntries>
    <TestEntry testId="881874b3-0abd-6b3c-2fcb-8b73c4fcc4ec" executionId="3d17d6b7-1120-42fc-8c9c-104d3b844515" testListId="8c84fa94-04c1-424b-9868-57a2d4851a1d" />
    <TestEntry testId="ef7670b7-d424-852a-3ae0-cc3c00fe2629" executionId="8d20486a-7f22-4eb9-8550-d4f72d655a1f" testListId="8c84fa94-04c1-424b-9868-57a2d4851a1d" />
    <TestEntry testId="79b21954-c1bd-0970-46db-a460838b9e48" executionId="4cfd2033-4649-46ca-97d8-03ed4f528d89" testListId="8c84fa94-04c1-424b-9868-57a2d4851a1d" />
    <TestEntry testId="bf0cb94c-9303-0e34-1dc1-1b500864e204" executionId="0188a754-c24a-421f-a25e-b23f3fcf5740" testListId="8c84fa94-04c1-424b-9868-57a2d4851a1d" />
    <TestEntry testId="c9e0aeaf-e00c-4eb1-201f-94b7d5ff2939" executionId="492b9bfe-6c4a-42dd-9c8d-ca534be877b0" testListId="8c84fa94-04c1-424b-9868-57a2d4851a1d" />
    <TestEntry testId="07db7cbf-e632-7ae4-3a81-b052b9729eeb" executionId="def76035-47fa-42aa-ad1a-602be263bdf6" testListId="8c84fa94-04c1-424b-9868-57a2d4851a1d" />
    <TestEntry testId="2d6ce7ac-78ce-94fd-f60a-d38b6763470f" executionId="e9b643cc-baa4-4888-89bc-22096d69049f" testListId="8c84fa94-04c1-424b-9868-57a2d4851a1d" />
    <TestEntry testId="be4d9e5d-5a51-7941-42e7-a26a6cab98da" executionId="307d2d2d-4a9b-45f1-9e1b-c3e053194600" testListId="8c84fa94-04c1-424b-9868-57a2d4851a1d" />
    <TestEntry testId="e9da03d3-7aea-cd42-3db2-6f36ffdba611" executionId="4e976301-144d-410e-9668-c98fd678139f" testListId="8c84fa94-04c1-424b-9868-57a2d4851a1d" />
    <TestEntry testId="e235083a-70e1-7f6b-5338-4a48fc2d047d" executionId="158ac455-4f36-43bc-829b-1971721de86f" testListId="8c84fa94-04c1-424b-9868-57a2d4851a1d" />
    <TestEntry testId="22f6eb1e-e32f-75b3-8b11-972c8b730249" executionId="2bb9c7e5-e399-472a-91dd-0c3be124032a" testListId="8c84fa94-04c1-424b-9868-57a2d4851a1d" />
    <TestEntry testId="5ab52fa2-49db-b600-4a48-63bd9811cc76" executionId="9f093c4d-7848-4b0c-b287-91b814d4df57" testListId="8c84fa94-04c1-424b-9868-57a2d4851a1d" />
    <TestEntry testId="12d0a768-103f-a6a2-ace6-4d22f6831d52" executionId="df4df0ff-a7df-421e-9d8d-710b2b299dac" testListId="8c84fa94-04c1-424b-9868-57a2d4851a1d" />
    <TestEntry testId="d31b3dbf-3b3d-d420-9eec-972f02b95135" executionId="c4e1091d-4ed6-4f97-abad-042f2b707a9b" testListId="8c84fa94-04c1-424b-9868-57a2d4851a1d" />
    <TestEntry testId="90733bd4-994f-6caa-ce01-241b10b51127" executionId="b3cd221f-0fd4-45f6-ab5b-c136cdb3a374" testListId="8c84fa94-04c1-424b-9868-57a2d4851a1d" />
    <TestEntry testId="2550ab09-891d-d18c-c439-6b88906b20e4" executionId="4d1f741b-9883-4f1e-9bb2-566be17540e0" testListId="8c84fa94-04c1-424b-9868-57a2d4851a1d" />
    <TestEntry testId="c5d07c57-ad53-498d-24e1-fba89a5c973d" executionId="1a2d446e-9de2-4157-96e2-e311cd23abe6" testListId="8c84fa94-04c1-424b-9868-57a2d4851a1d" />
    <TestEntry testId="52140599-6237-1247-3f29-194d5210779a" executionId="c8ec0218-d0ed-4cb7-9491-b0fc0c85a8e7" testListId="8c84fa94-04c1-424b-9868-57a2d4851a1d" />
    <TestEntry testId="121f7663-9474-90ca-3190-c3c22e94dcbc" executionId="e43e8ad5-e00f-4e3d-abcb-d097082234fc" testListId="8c84fa94-04c1-424b-9868-57a2d4851a1d" />
    <TestEntry testId="31ff9c85-675a-d440-e4fb-43f3944ab31f" executionId="e88cc67c-cd6d-402e-8d72-ebb477dabc05" testListId="8c84fa94-04c1-424b-9868-57a2d4851a1d" />
    <TestEntry testId="e3131172-2a93-08d6-bdd9-f9837a139bd1" executionId="64456046-88f4-450f-be49-7f0e86e6ef89" testListId="8c84fa94-04c1-424b-9868-57a2d4851a1d" />
    <TestEntry testId="e3e378fc-cde2-29de-8579-b2e78bfe4f91" executionId="f9fe2c03-4f8d-41fe-a078-3bc2109fe74d" testListId="8c84fa94-04c1-424b-9868-57a2d4851a1d" />
    <TestEntry testId="9f41f2a3-5ae3-3480-e899-4304850ebe6e" executionId="2f6c08f8-6297-4f88-b2ee-a2e7bda44663" testListId="8c84fa94-04c1-424b-9868-57a2d4851a1d" />
    <TestEntry testId="e1389e16-e515-146c-657d-29327f416878" executionId="57aec9af-2e35-4006-b01d-63323ffad7e9" testListId="8c84fa94-04c1-424b-9868-57a2d4851a1d" />
    <TestEntry testId="ee464502-24a9-f32e-0e31-43c764f9c0c3" executionId="b451f618-cf7b-4a04-a36d-094f30970db6" testListId="8c84fa94-04c1-424b-9868-57a2d4851a1d" />
    <TestEntry testId="0d831441-3126-4d1f-fd8c-6b23d1dcaf13" executionId="8db0dc00-b1e4-46c9-93b2-91f1ac7e11d8" testListId="8c84fa94-04c1-424b-9868-57a2d4851a1d" />
    <TestEntry testId="a503c561-d587-a0b3-d03e-6ba92a658f6d" executionId="be93df94-c33d-4f6f-8439-d76cfe9d478e" testListId="8c84fa94-04c1-424b-9868-57a2d4851a1d" />
    <TestEntry testId="42f4f4be-4e4f-3d90-af36-c03fd5f03525" executionId="d578576e-5872-4e6b-8722-ec4f310de21a" testListId="8c84fa94-04c1-424b-9868-57a2d4851a1d" />
    <TestEntry testId="1c7088a1-fa97-2183-1a56-9ce0622baadc" executionId="e3bb4865-cd51-437f-bb0a-4a92a88bf7ac" testListId="8c84fa94-04c1-424b-9868-57a2d4851a1d" />
    <TestEntry testId="b7eb676b-429e-ae91-28e4-e89bef75fc3a" executionId="f73fa86b-a042-4cdc-8212-907b4eef120b" testListId="8c84fa94-04c1-424b-9868-57a2d4851a1d" />
    <TestEntry testId="6c4624c8-6608-8a4c-a599-5644de425ee8" executionId="c4dda845-7369-4aec-b257-1fce32cc20ad" testListId="8c84fa94-04c1-424b-9868-57a2d4851a1d" />
    <TestEntry testId="06d63066-9ec2-857e-6c9c-5f96d7c4fe99" executionId="3f21a747-ddd6-429a-9a0f-cb423227b88b" testListId="8c84fa94-04c1-424b-9868-57a2d4851a1d" />
    <TestEntry testId="86762162-794f-8a5e-3c77-7dc262b0f1f3" executionId="5bfe5e5f-6de0-4fd2-a0b6-4145436e8cb8" testListId="8c84fa94-04c1-424b-9868-57a2d4851a1d" />
    <TestEntry testId="8e46f264-82d2-cacc-99b6-ab09c9f12fe8" executionId="6f45dd28-30dd-4c0e-9f48-8bddcf277850" testListId="8c84fa94-04c1-424b-9868-57a2d4851a1d" />
    <TestEntry testId="2d7e924e-c04a-d591-32a6-8e97999ef034" executionId="c8f67357-0d27-4ee0-aa5c-767d0b2c1c1f" testListId="8c84fa94-04c1-424b-9868-57a2d4851a1d" />
    <TestEntry testId="13305e02-d2c1-c7f8-6da4-d4c0fe2af552" executionId="47452dc5-d8b1-44f4-a252-93ad5b830310" testListId="8c84fa94-04c1-424b-9868-57a2d4851a1d" />
    <TestEntry testId="9f879fdd-e05c-6c19-eac4-adb36ae1f60f" executionId="f383f1a9-1488-4249-ae5f-1d7f50ae9f3d" testListId="8c84fa94-04c1-424b-9868-57a2d4851a1d" />
    <TestEntry testId="b3f08652-2ddf-41b8-5473-31579228719f" executionId="bd4dd543-7609-499d-84e8-a40faaf83653" testListId="8c84fa94-04c1-424b-9868-57a2d4851a1d" />
    <TestEntry testId="767ebb52-30d1-ff84-0c3a-66a894762609" executionId="65791e98-6fb9-4a9d-aaf5-eada6ba59052" testListId="8c84fa94-04c1-424b-9868-57a2d4851a1d" />
    <TestEntry testId="b9b36ae2-49e9-51e8-e766-9a35441da392" executionId="8b38c59d-292d-4cfa-ae25-035e363348e3" testListId="8c84fa94-04c1-424b-9868-57a2d4851a1d" />
    <TestEntry testId="74862d10-537c-59c7-3b48-bccd6d0b505c" executionId="699e88a5-1f2d-40a4-b692-e1bcaf3f39f3" testListId="8c84fa94-04c1-424b-9868-57a2d4851a1d" />
    <TestEntry testId="6e3abb81-78b3-e3f6-3931-9e5a7edf4601" executionId="bd55280d-5ba5-4d15-9ab5-4365638fe2dc" testListId="8c84fa94-04c1-424b-9868-57a2d4851a1d" />
    <TestEntry testId="ca740aa1-2514-73a3-975e-b949942bfae1" executionId="433b10b4-5b0a-4e09-bcff-af9b717d60b5" testListId="8c84fa94-04c1-424b-9868-57a2d4851a1d" />
    <TestEntry testId="1608c3c7-9377-0ab5-8ee2-4894e6819912" executionId="8cc00177-0154-4125-b371-4946c960128f" testListId="8c84fa94-04c1-424b-9868-57a2d4851a1d" />
  </TestEntries>
  <TestLists>
    <TestList name="列表中未列出的结果" id="8c84fa94-04c1-424b-9868-57a2d4851a1d" />
    <TestList name="所有已加载的结果" id="19431567-8539-422a-85d7-44ee4e166bda" />
  </TestLists>
  <ResultSummary outcome="Completed">
    <Counters total="44" executed="44" passed="44" failed="0" error="0" timeout="0" aborted="0" inconclusive="0" passedButRunAborted="0" notRunnable="0" notExecuted="0" disconnected="0" warning="0" completed="0" inProgress="0" pending="0" />
    <Output>
      <StdOut>[xUnit.net 00:00:00.00] xUnit.net VSTest Adapter v3.0.2+dd36e86129 (64-bit .NET 10.0.4)&#xD;
[xUnit.net 00:00:00.14]   Discovering: Launcher.PlayerShellIntegration.Windows&#xD;
[xUnit.net 00:00:00.22]   Discovered:  Launcher.PlayerShellIntegration.Windows&#xD;
[xUnit.net 00:00:00.28]   Starting:    Launcher.PlayerShellIntegration.Windows&#xD;
[xUnit.net 00:00:09.50]   Finished:    Launcher.PlayerShellIntegration.Windows&#xD;
</StdOut>
    </Output>
  </ResultSummary>
</TestRun>