[2026-08-09 09:08:49] FairyGUI: 主界面腰带栏未找到物品格子（Belt）。可在 Mir2Config.ini 设置 [FairyGUI] MobileMainHud.BeltGrid=idx:... 指定格子根节点（或 path:/name:/item:/url:/title: / 关键字列表 a|b|c）。
[2026-08-09 09:09:05] MicroSound: sound/027-3/1: HTTP 404
[2026-08-09 09:09:21] FairyGUI: 主界面腰带栏未找到物品格子（Belt）。可在 Mir2Config.ini 设置 [FairyGUI] MobileMainHud.BeltGrid=idx:... 指定格子根节点（或 path:/name:/item:/url:/title: / 关键字列表 a|b|c）。
[2026-08-09 09:09:52] FairyGUI: 主界面腰带栏未找到物品格子（Belt）。可在 Mir2Config.ini 设置 [FairyGUI] MobileMainHud.BeltGrid=idx:... 指定格子根节点（或 path:/name:/item:/url:/title: / 关键字列表 a|b|c）。
[2026-08-09 09:10:23] FairyGUI: 主界面腰带栏未找到物品格子（Belt）。可在 Mir2Config.ini 设置 [FairyGUI] MobileMainHud.BeltGrid=idx:... 指定格子根节点（或 path:/name:/item:/url:/title: / 关键字列表 a|b|c）。
[2026-08-09 09:11:23] FairyGUI: 主界面腰带栏未找到物品格子（Belt）。可在 Mir2Config.ini 设置 [FairyGUI] MobileMainHud.BeltGrid=idx:... 指定格子根节点（或 path:/name:/item:/url:/title: / 关键字列表 a|b|c）。
[2026-08-09 09:11:53] FairyGUI: 主界面腰带栏未找到物品格子（Belt）。可在 Mir2Config.ini 设置 [FairyGUI] MobileMainHud.BeltGrid=idx:... 指定格子根节点（或 path:/name:/item:/url:/title: / 关键字列表 a|b|c）。
[2026-08-09 09:12:24] FairyGUI: 主界面腰带栏未找到物品格子（Belt）。可在 Mir2Config.ini 设置 [FairyGUI] MobileMainHud.BeltGrid=idx:... 指定格子根节点（或 path:/name:/item:/url:/title: / 关键字列表 a|b|c）。
[2026-08-09 09:12:54] FairyGUI: 主界面腰带栏未找到物品格子（Belt）。可在 Mir2Config.ini 设置 [FairyGUI] MobileMainHud.BeltGrid=idx:... 指定格子根节点（或 path:/name:/item:/url:/title: / 关键字列表 a|b|c）。
[2026-08-09 09:13:24] FairyGUI: 主界面腰带栏未找到物品格子（Belt）。可在 Mir2Config.ini 设置 [FairyGUI] MobileMainHud.BeltGrid=idx:... 指定格子根节点（或 path:/name:/item:/url:/title: / 关键字列表 a|b|c）。
[2026-08-09 09:13:55] FairyGUI: 主界面腰带栏未找到物品格子（Belt）。可在 Mir2Config.ini 设置 [FairyGUI] MobileMainHud.BeltGrid=idx:... 指定格子根节点（或 path:/name:/item:/url:/title: / 关键字列表 a|b|c）。
[2026-08-09 09:14:26] FairyGUI: 主界面腰带栏未找到物品格子（Belt）。可在 Mir2Config.ini 设置 [FairyGUI] MobileMainHud.BeltGrid=idx:... 指定格子根节点（或 path:/name:/item:/url:/title: / 关键字列表 a|b|c）。
[2026-08-09 09:14:35] FairyGUI: 创建窗口异常（Quest）：System.NullReferenceException: Object reference not set to an instance of an object.
   at FairyGUI.GComponent.ConstructFromResource(List`1 objectPool, Int32 poolIndex)
   at FairyGUI.GComponent.ConstructFromResource()
   at FairyGUI.UIPackage.CreateObject(PackageItem item, Type userClass)
   at FairyGUI.UIPackage.CreateObject(String resName)
   at FairyGUI.UIPackage.CreateObject(String pkgName, String resName)
   at MonoShare.FairyGuiHost.TryCreateMobileWindowComponent(String windowKey, String[] keywords, GComponent& component, String& resolveInfo) [resolve=UI/任务_DA2EWindow1UI (exported) score=298 | component=UI/任务_DA2EWindow1UI]
[2026-08-09 09:14:56] FairyGUI: 主界面腰带栏未找到物品格子（Belt）。可在 Mir2Config.ini 设置 [FairyGUI] MobileMainHud.BeltGrid=idx:... 指定格子根节点（或 path:/name:/item:/url:/title: / 关键字列表 a|b|c）。
[2026-08-09 09:14:57] FairyGUI: 未找到窗口组件（Fishing），keywords=钓鱼|鱼竿|fishing|fish|rod
[2026-08-09 09:15:27] FairyGUI: 主界面腰带栏未找到物品格子（Belt）。可在 Mir2Config.ini 设置 [FairyGUI] MobileMainHud.BeltGrid=idx:... 指定格子根节点（或 path:/name:/item:/url:/title: / 关键字列表 a|b|c）。
[2026-08-09 09:15:57] FairyGUI: 主界面腰带栏未找到物品格子（Belt）。可在 Mir2Config.ini 设置 [FairyGUI] MobileMainHud.BeltGrid=idx:... 指定格子根节点（或 path:/name:/item:/url:/title: / 关键字列表 a|b|c）。
[2026-08-09 09:16:28] FairyGUI: 主界面腰带栏未找到物品格子（Belt）。可在 Mir2Config.ini 设置 [FairyGUI] MobileMainHud.BeltGrid=idx:... 指定格子根节点（或 path:/name:/item:/url:/title: / 关键字列表 a|b|c）。
[2026-08-09 09:16:59] FairyGUI: 主界面腰带栏未找到物品格子（Belt）。可在 Mir2Config.ini 设置 [FairyGUI] MobileMainHud.BeltGrid=idx:... 指定格子根节点（或 path:/name:/item:/url:/title: / 关键字列表 a|b|c）。
[2026-08-09 09:17:29] FairyGUI: 主界面腰带栏未找到物品格子（Belt）。可在 Mir2Config.ini 设置 [FairyGUI] MobileMainHud.BeltGrid=idx:... 指定格子根节点（或 path:/name:/item:/url:/title: / 关键字列表 a|b|c）。
[2026-08-09 09:18:00] FairyGUI: 主界面腰带栏未找到物品格子（Belt）。可在 Mir2Config.ini 设置 [FairyGUI] MobileMainHud.BeltGrid=idx:... 指定格子根节点（或 path:/name:/item:/url:/title: / 关键字列表 a|b|c）。
[2026-08-09 09:18:30] FairyGUI: 主界面腰带栏未找到物品格子（Belt）。可在 Mir2Config.ini 设置 [FairyGUI] MobileMainHud.BeltGrid=idx:... 指定格子根节点（或 path:/name:/item:/url:/title: / 关键字列表 a|b|c）。
[2026-08-09 09:19:01] FairyGUI: 主界面腰带栏未找到物品格子（Belt）。可在 Mir2Config.ini 设置 [FairyGUI] MobileMainHud.BeltGrid=idx:... 指定格子根节点（或 path:/name:/item:/url:/title: / 关键字列表 a|b|c）。
[2026-08-09 09:19:31] FairyGUI: 主界面腰带栏未找到物品格子（Belt）。可在 Mir2Config.ini 设置 [FairyGUI] MobileMainHud.BeltGrid=idx:... 指定格子根节点（或 path:/name:/item:/url:/title: / 关键字列表 a|b|c）。
[2026-08-09 09:19:50] FairyGUI: 创建窗口异常（Quest）：System.NullReferenceException: Object reference not set to an instance of an object.
   at FairyGUI.GComponent.ConstructFromResource(List`1 objectPool, Int32 poolIndex)
   at FairyGUI.GComponent.ConstructFromResource()
   at FairyGUI.UIPackage.CreateObject(PackageItem item, Type userClass)
   at FairyGUI.UIPackage.CreateObject(String resName)
   at FairyGUI.UIPackage.CreateObject(String pkgName, String resName)
   at MonoShare.FairyGuiHost.TryCreateMobileWindowComponent(String windowKey, String[] keywords, GComponent& component, String& resolveInfo) [resolve=UI/任务_DA2EWindow1UI (exported) score=298 | component=UI/任务_DA2EWindow1UI]
[2026-08-09 09:20:02] FairyGUI: 主界面腰带栏未找到物品格子（Belt）。可在 Mir2Config.ini 设置 [FairyGUI] MobileMainHud.BeltGrid=idx:... 指定格子根节点（或 path:/name:/item:/url:/title: / 关键字列表 a|b|c）。
[2026-08-09 09:20:14] FairyGUI: 创建窗口异常（Quest）：System.NullReferenceException: Object reference not set to an instance of an object.
   at FairyGUI.GComponent.ConstructFromResource(List`1 objectPool, Int32 poolIndex)
   at FairyGUI.GComponent.ConstructFromResource()
   at FairyGUI.UIPackage.CreateObject(PackageItem item, Type userClass)
   at FairyGUI.UIPackage.CreateObject(String resName)
   at FairyGUI.UIPackage.CreateObject(String pkgName, String resName)
   at MonoShare.FairyGuiHost.TryCreateMobileWindowComponent(String windowKey, String[] keywords, GComponent& component, String& resolveInfo) [resolve=UI/任务_DA2EWindow1UI (exported) score=298 | component=UI/任务_DA2EWindow1UI]
[2026-08-09 09:20:16] FairyGUI: 未找到窗口组件（Fishing），keywords=钓鱼|鱼竿|fishing|fish|rod
[2026-08-09 09:20:32] FairyGUI: 未找到窗口组件（SealRental），keywords=封印|上锁|租赁|出租|租借|Rental|Rent|Seal
[2026-08-09 09:20:33] FairyGUI: 主界面腰带栏未找到物品格子（Belt）。可在 Mir2Config.ini 设置 [FairyGUI] MobileMainHud.BeltGrid=idx:... 指定格子根节点（或 path:/name:/item:/url:/title: / 关键字列表 a|b|c）。
[2026-08-09 09:20:37] FairyGUI: 未找到窗口组件（Relationship），keywords=关系|夫妻|婚姻|结婚|离婚|Marriage|Relationship|Lover
[2026-08-09 09:20:40] FairyGUI: 未找到窗口组件（Mentor），keywords=师徒|Mentor|Mentee|拜师|师傅|徒弟
[2026-08-09 09:21:03] FairyGUI: 主界面腰带栏未找到物品格子（Belt）。可在 Mir2Config.ini 设置 [FairyGUI] MobileMainHud.BeltGrid=idx:... 指定格子根节点（或 path:/name:/item:/url:/title: / 关键字列表 a|b|c）。
[2026-08-09 09:21:34] FairyGUI: 主界面腰带栏未找到物品格子（Belt）。可在 Mir2Config.ini 设置 [FairyGUI] MobileMainHud.BeltGrid=idx:... 指定格子根节点（或 path:/name:/item:/url:/title: / 关键字列表 a|b|c）。
[2026-08-09 09:22:04] FairyGUI: 主界面腰带栏未找到物品格子（Belt）。可在 Mir2Config.ini 设置 [FairyGUI] MobileMainHud.BeltGrid=idx:... 指定格子根节点（或 path:/name:/item:/url:/title: / 关键字列表 a|b|c）。
[2026-08-09 09:22:35] FairyGUI: 主界面腰带栏未找到物品格子（Belt）。可在 Mir2Config.ini 设置 [FairyGUI] MobileMainHud.BeltGrid=idx:... 指定格子根节点（或 path:/name:/item:/url:/title: / 关键字列表 a|b|c）。
[2026-08-09 09:23:06] FairyGUI: 主界面腰带栏未找到物品格子（Belt）。可在 Mir2Config.ini 设置 [FairyGUI] MobileMainHud.BeltGrid=idx:... 指定格子根节点（或 path:/name:/item:/url:/title: / 关键字列表 a|b|c）。
[2026-08-09 09:23:36] FairyGUI: 主界面腰带栏未找到物品格子（Belt）。可在 Mir2Config.ini 设置 [FairyGUI] MobileMainHud.BeltGrid=idx:... 指定格子根节点（或 path:/name:/item:/url:/title: / 关键字列表 a|b|c）。
[2026-08-09 09:24:07] FairyGUI: 主界面腰带栏未找到物品格子（Belt）。可在 Mir2Config.ini 设置 [FairyGUI] MobileMainHud.BeltGrid=idx:... 指定格子根节点（或 path:/name:/item:/url:/title: / 关键字列表 a|b|c）。
[2026-08-09 09:24:38] FairyGUI: 主界面腰带栏未找到物品格子（Belt）。可在 Mir2Config.ini 设置 [FairyGUI] MobileMainHud.BeltGrid=idx:... 指定格子根节点（或 path:/name:/item:/url:/title: / 关键字列表 a|b|c）。
[2026-08-09 09:25:08] FairyGUI: 主界面腰带栏未找到物品格子（Belt）。可在 Mir2Config.ini 设置 [FairyGUI] MobileMainHud.BeltGrid=idx:... 指定格子根节点（或 path:/name:/item:/url:/title: / 关键字列表 a|b|c）。
[2026-08-09 09:25:39] FairyGUI: 主界面腰带栏未找到物品格子（Belt）。可在 Mir2Config.ini 设置 [FairyGUI] MobileMainHud.BeltGrid=idx:... 指定格子根节点（或 path:/name:/item:/url:/title: / 关键字列表 a|b|c）。
[2026-08-09 09:26:10] FairyGUI: 主界面腰带栏未找到物品格子（Belt）。可在 Mir2Config.ini 设置 [FairyGUI] MobileMainHud.BeltGrid=idx:... 指定格子根节点（或 path:/name:/item:/url:/title: / 关键字列表 a|b|c）。
[2026-08-09 09:26:40] FairyGUI: 主界面腰带栏未找到物品格子（Belt）。可在 Mir2Config.ini 设置 [FairyGUI] MobileMainHud.BeltGrid=idx:... 指定格子根节点（或 path:/name:/item:/url:/title: / 关键字列表 a|b|c）。
[2026-08-09 09:27:11] FairyGUI: 主界面腰带栏未找到物品格子（Belt）。可在 Mir2Config.ini 设置 [FairyGUI] MobileMainHud.BeltGrid=idx:... 指定格子根节点（或 path:/name:/item:/url:/title: / 关键字列表 a|b|c）。
[2026-08-09 09:27:41] FairyGUI: 主界面腰带栏未找到物品格子（Belt）。可在 Mir2Config.ini 设置 [FairyGUI] MobileMainHud.BeltGrid=idx:... 指定格子根节点（或 path:/name:/item:/url:/title: / 关键字列表 a|b|c）。
[2026-08-09 09:28:15] SmokeTest 自动注册失败：Result=0
[2026-08-09 09:33:21] FairyGUI: 主界面腰带栏未找到物品格子（Belt）。可在 Mir2Config.ini 设置 [FairyGUI] MobileMainHud.BeltGrid=idx:... 指定格子根节点（或 path:/name:/item:/url:/title: / 关键字列表 a|b|c）。
[2026-08-09 09:33:22] MicroSound: sound/027-3/1: HTTP 404
[2026-08-09 09:33:51] FairyGUI: 主界面腰带栏未找到物品格子（Belt）。可在 Mir2Config.ini 设置 [FairyGUI] MobileMainHud.BeltGrid=idx:... 指定格子根节点（或 path:/name:/item:/url:/title: / 关键字列表 a|b|c）。
[2026-08-09 09:34:22] FairyGUI: 主界面腰带栏未找到物品格子（Belt）。可在 Mir2Config.ini 设置 [FairyGUI] MobileMainHud.BeltGrid=idx:... 指定格子根节点（或 path:/name:/item:/url:/title: / 关键字列表 a|b|c）。
[2026-08-09 09:34:52] FairyGUI: 主界面腰带栏未找到物品格子（Belt）。可在 Mir2Config.ini 设置 [FairyGUI] MobileMainHud.BeltGrid=idx:... 指定格子根节点（或 path:/name:/item:/url:/title: / 关键字列表 a|b|c）。
[2026-08-09 09:35:23] FairyGUI: 主界面腰带栏未找到物品格子（Belt）。可在 Mir2Config.ini 设置 [FairyGUI] MobileMainHud.BeltGrid=idx:... 指定格子根节点（或 path:/name:/item:/url:/title: / 关键字列表 a|b|c）。
[2026-08-09 09:35:54] FairyGUI: 主界面腰带栏未找到物品格子（Belt）。可在 Mir2Config.ini 设置 [FairyGUI] MobileMainHud.BeltGrid=idx:... 指定格子根节点（或 path:/name:/item:/url:/title: / 关键字列表 a|b|c）。
[2026-08-09 09:36:24] FairyGUI: 主界面腰带栏未找到物品格子（Belt）。可在 Mir2Config.ini 设置 [FairyGUI] MobileMainHud.BeltGrid=idx:... 指定格子根节点（或 path:/name:/item:/url:/title: / 关键字列表 a|b|c）。
[2026-08-09 09:37:11] FairyGUI: 主界面腰带栏未找到物品格子（Belt）。可在 Mir2Config.ini 设置 [FairyGUI] MobileMainHud.BeltGrid=idx:... 指定格子根节点（或 path:/name:/item:/url:/title: / 关键字列表 a|b|c）。
[2026-08-09 09:37:41] FairyGUI: 主界面腰带栏未找到物品格子（Belt）。可在 Mir2Config.ini 设置 [FairyGUI] MobileMainHud.BeltGrid=idx:... 指定格子根节点（或 path:/name:/item:/url:/title: / 关键字列表 a|b|c）。
[2026-08-09 09:37:51] FairyGUI: 商店窗口未找到商品列表（Shop）。可在 Mir2Config.ini 设置 [FairyGUI] MobileShop.List=idx:... 指定商品列表（或 path:/name:/item:/url:/title: / 关键字列表 a|b|c）。
[2026-08-09 09:37:54] FairyGUI: 商店窗口未找到商品列表（Shop）。可在 Mir2Config.ini 设置 [FairyGUI] MobileShop.List=idx:... 指定商品列表（或 path:/name:/item:/url:/title: / 关键字列表 a|b|c）。
[2026-08-09 09:37:56] FairyGUI: 商店窗口未找到商品列表（Shop）。可在 Mir2Config.ini 设置 [FairyGUI] MobileShop.List=idx:... 指定商品列表（或 path:/name:/item:/url:/title: / 关键字列表 a|b|c）。
[2026-08-09 09:37:58] FairyGUI: 商店窗口未找到商品列表（Shop）。可在 Mir2Config.ini 设置 [FairyGUI] MobileShop.List=idx:... 指定商品列表（或 path:/name:/item:/url:/title: / 关键字列表 a|b|c）。
[2026-08-09 09:38:00] FairyGUI: 商店窗口未找到商品列表（Shop）。可在 Mir2Config.ini 设置 [FairyGUI] MobileShop.List=idx:... 指定商品列表（或 path:/name:/item:/url:/title: / 关键字列表 a|b|c）。
[2026-08-09 09:38:02] FairyGUI: 商店窗口未找到商品列表（Shop）。可在 Mir2Config.ini 设置 [FairyGUI] MobileShop.List=idx:... 指定商品列表（或 path:/name:/item:/url:/title: / 关键字列表 a|b|c）。
[2026-08-09 09:38:04] FairyGUI: 商店窗口未找到商品列表（Shop）。可在 Mir2Config.ini 设置 [FairyGUI] MobileShop.List=idx:... 指定商品列表（或 path:/name:/item:/url:/title: / 关键字列表 a|b|c）。
[2026-08-09 09:38:06] FairyGUI: 商店窗口未找到商品列表（Shop）。可在 Mir2Config.ini 设置 [FairyGUI] MobileShop.List=idx:... 指定商品列表（或 path:/name:/item:/url:/title: / 关键字列表 a|b|c）。
[2026-08-09 09:38:08] FairyGUI: 商店窗口未找到商品列表（Shop）。可在 Mir2Config.ini 设置 [FairyGUI] MobileShop.List=idx:... 指定商品列表（或 path:/name:/item:/url:/title: / 关键字列表 a|b|c）。
[2026-08-09 09:38:10] FairyGUI: 商店窗口未找到商品列表（Shop）。可在 Mir2Config.ini 设置 [FairyGUI] MobileShop.List=idx:... 指定商品列表（或 path:/name:/item:/url:/title: / 关键字列表 a|b|c）。
[2026-08-09 09:38:12] FairyGUI: 主界面腰带栏未找到物品格子（Belt）。可在 Mir2Config.ini 设置 [FairyGUI] MobileMainHud.BeltGrid=idx:... 指定格子根节点（或 path:/name:/item:/url:/title: / 关键字列表 a|b|c）。
[2026-08-09 09:38:12] FairyGUI: 商店窗口未找到商品列表（Shop）。可在 Mir2Config.ini 设置 [FairyGUI] MobileShop.List=idx:... 指定商品列表（或 path:/name:/item:/url:/title: / 关键字列表 a|b|c）。
[2026-08-09 09:38:14] FairyGUI: 商店窗口未找到商品列表（Shop）。可在 Mir2Config.ini 设置 [FairyGUI] MobileShop.List=idx:... 指定商品列表（或 path:/name:/item:/url:/title: / 关键字列表 a|b|c）。
[2026-08-09 09:38:16] FairyGUI: 商店窗口未找到商品列表（Shop）。可在 Mir2Config.ini 设置 [FairyGUI] MobileShop.List=idx:... 指定商品列表（或 path:/name:/item:/url:/title: / 关键字列表 a|b|c）。
[2026-08-09 09:38:18] FairyGUI: 商店窗口未找到商品列表（Shop）。可在 Mir2Config.ini 设置 [FairyGUI] MobileShop.List=idx:... 指定商品列表（或 path:/name:/item:/url:/title: / 关键字列表 a|b|c）。
[2026-08-09 09:38:20] FairyGUI: 商店窗口未找到商品列表（Shop）。可在 Mir2Config.ini 设置 [FairyGUI] MobileShop.List=idx:... 指定商品列表（或 path:/name:/item:/url:/title: / 关键字列表 a|b|c）。
[2026-08-09 09:38:22] FairyGUI: 商店窗口未找到商品列表（Shop）。可在 Mir2Config.ini 设置 [FairyGUI] MobileShop.List=idx:... 指定商品列表（或 path:/name:/item:/url:/title: / 关键字列表 a|b|c）。
[2026-08-09 09:38:24] FairyGUI: 商店窗口未找到商品列表（Shop）。可在 Mir2Config.ini 设置 [FairyGUI] MobileShop.List=idx:... 指定商品列表（或 path:/name:/item:/url:/title: / 关键字列表 a|b|c）。
[2026-08-09 09:38:26] FairyGUI: 商店窗口未找到商品列表（Shop）。可在 Mir2Config.ini 设置 [FairyGUI] MobileShop.List=idx:... 指定商品列表（或 path:/name:/item:/url:/title: / 关键字列表 a|b|c）。
[2026-08-09 09:38:29] FairyGUI: 商店窗口未找到商品列表（Shop）。可在 Mir2Config.ini 设置 [FairyGUI] MobileShop.List=idx:... 指定商品列表（或 path:/name:/item:/url:/title: / 关键字列表 a|b|c）。
[2026-08-09 09:38:31] FairyGUI: 商店窗口未找到商品列表（Shop）。可在 Mir2Config.ini 设置 [FairyGUI] MobileShop.List=idx:... 指定商品列表（或 path:/name:/item:/url:/title: / 关键字列表 a|b|c）。
[2026-08-09 09:38:33] FairyGUI: 商店窗口未找到商品列表（Shop）。可在 Mir2Config.ini 设置 [FairyGUI] MobileShop.List=idx:... 指定商品列表（或 path:/name:/item:/url:/title: / 关键字列表 a|b|c）。
[2026-08-09 09:38:35] FairyGUI: 商店窗口未找到商品列表（Shop）。可在 Mir2Config.ini 设置 [FairyGUI] MobileShop.List=idx:... 指定商品列表（或 path:/name:/item:/url:/title: / 关键字列表 a|b|c）。
[2026-08-09 09:38:37] FairyGUI: 商店窗口未找到商品列表（Shop）。可在 Mir2Config.ini 设置 [FairyGUI] MobileShop.List=idx:... 指定商品列表（或 path:/name:/item:/url:/title: / 关键字列表 a|b|c）。
[2026-08-09 09:38:39] FairyGUI: 商店窗口未找到商品列表（Shop）。可在 Mir2Config.ini 设置 [FairyGUI] MobileShop.List=idx:... 指定商品列表（或 path:/name:/item:/url:/title: / 关键字列表 a|b|c）。
[2026-08-09 09:38:41] FairyGUI: 商店窗口未找到商品列表（Shop）。可在 Mir2Config.ini 设置 [FairyGUI] MobileShop.List=idx:... 指定商品列表（或 path:/name:/item:/url:/title: / 关键字列表 a|b|c）。
[2026-08-09 09:38:43] FairyGUI: 主界面腰带栏未找到物品格子（Belt）。可在 Mir2Config.ini 设置 [FairyGUI] MobileMainHud.BeltGrid=idx:... 指定格子根节点（或 path:/name:/item:/url:/title: / 关键字列表 a|b|c）。
[2026-08-09 09:38:43] FairyGUI: 商店窗口未找到商品列表（Shop）。可在 Mir2Config.ini 设置 [FairyGUI] MobileShop.List=idx:... 指定商品列表（或 path:/name:/item:/url:/title: / 关键字列表 a|b|c）。
[2026-08-09 09:38:45] FairyGUI: 商店窗口未找到商品列表（Shop）。可在 Mir2Config.ini 设置 [FairyGUI] MobileShop.List=idx:... 指定商品列表（或 path:/name:/item:/url:/title: / 关键字列表 a|b|c）。
[2026-08-09 09:38:47] FairyGUI: 商店窗口未找到商品列表（Shop）。可在 Mir2Config.ini 设置 [FairyGUI] MobileShop.List=idx:... 指定商品列表（或 path:/name:/item:/url:/title: / 关键字列表 a|b|c）。
[2026-08-09 09:38:49] FairyGUI: 商店窗口未找到商品列表（Shop）。可在 Mir2Config.ini 设置 [FairyGUI] MobileShop.List=idx:... 指定商品列表（或 path:/name:/item:/url:/title: / 关键字列表 a|b|c）。
[2026-08-09 09:38:51] FairyGUI: 商店窗口未找到商品列表（Shop）。可在 Mir2Config.ini 设置 [FairyGUI] MobileShop.List=idx:... 指定商品列表（或 path:/name:/item:/url:/title: / 关键字列表 a|b|c）。
[2026-08-09 09:38:53] FairyGUI: 商店窗口未找到商品列表（Shop）。可在 Mir2Config.ini 设置 [FairyGUI] MobileShop.List=idx:... 指定商品列表（或 path:/name:/item:/url:/title: / 关键字列表 a|b|c）。
[2026-08-09 09:38:55] FairyGUI: 商店窗口未找到商品列表（Shop）。可在 Mir2Config.ini 设置 [FairyGUI] MobileShop.List=idx:... 指定商品列表（或 path:/name:/item:/url:/title: / 关键字列表 a|b|c）。
[2026-08-09 09:38:57] FairyGUI: 商店窗口未找到商品列表（Shop）。可在 Mir2Config.ini 设置 [FairyGUI] MobileShop.List=idx:... 指定商品列表（或 path:/name:/item:/url:/title: / 关键字列表 a|b|c）。
[2026-08-09 09:38:59] FairyGUI: 商店窗口未找到商品列表（Shop）。可在 Mir2Config.ini 设置 [FairyGUI] MobileShop.List=idx:... 指定商品列表（或 path:/name:/item:/url:/title: / 关键字列表 a|b|c）。
[2026-08-09 09:39:01] FairyGUI: 商店窗口未找到商品列表（Shop）。可在 Mir2Config.ini 设置 [FairyGUI] MobileShop.List=idx:... 指定商品列表（或 path:/name:/item:/url:/title: / 关键字列表 a|b|c）。
[2026-08-09 09:39:03] FairyGUI: 商店窗口未找到商品列表（Shop）。可在 Mir2Config.ini 设置 [FairyGUI] MobileShop.List=idx:... 指定商品列表（或 path:/name:/item:/url:/title: / 关键字列表 a|b|c）。
[2026-08-09 09:39:06] FairyGUI: 商店窗口未找到商品列表（Shop）。可在 Mir2Config.ini 设置 [FairyGUI] MobileShop.List=idx:... 指定商品列表（或 path:/name:/item:/url:/title: / 关键字列表 a|b|c）。
[2026-08-09 09:39:08] FairyGUI: 商店窗口未找到商品列表（Shop）。可在 Mir2Config.ini 设置 [FairyGUI] MobileShop.List=idx:... 指定商品列表（或 path:/name:/item:/url:/title: / 关键字列表 a|b|c）。
[2026-08-09 09:39:10] FairyGUI: 商店窗口未找到商品列表（Shop）。可在 Mir2Config.ini 设置 [FairyGUI] MobileShop.List=idx:... 指定商品列表（或 path:/name:/item:/url:/title: / 关键字列表 a|b|c）。
[2026-08-09 09:39:12] FairyGUI: 商店窗口未找到商品列表（Shop）。可在 Mir2Config.ini 设置 [FairyGUI] MobileShop.List=idx:... 指定商品列表（或 path:/name:/item:/url:/title: / 关键字列表 a|b|c）。
[2026-08-09 09:39:14] FairyGUI: 主界面腰带栏未找到物品格子（Belt）。可在 Mir2Config.ini 设置 [FairyGUI] MobileMainHud.BeltGrid=idx:... 指定格子根节点（或 path:/name:/item:/url:/title: / 关键字列表 a|b|c）。
[2026-08-09 09:39:14] FairyGUI: 商店窗口未找到商品列表（Shop）。可在 Mir2Config.ini 设置 [FairyGUI] MobileShop.List=idx:... 指定商品列表（或 path:/name:/item:/url:/title: / 关键字列表 a|b|c）。
[2026-08-09 09:39:16] FairyGUI: 商店窗口未找到商品列表（Shop）。可在 Mir2Config.ini 设置 [FairyGUI] MobileShop.List=idx:... 指定商品列表（或 path:/name:/item:/url:/title: / 关键字列表 a|b|c）。
[2026-08-09 09:39:18] FairyGUI: 商店窗口未找到商品列表（Shop）。可在 Mir2Config.ini 设置 [FairyGUI] MobileShop.List=idx:... 指定商品列表（或 path:/name:/item:/url:/title: / 关键字列表 a|b|c）。
[2026-08-09 09:39:20] FairyGUI: 商店窗口未找到商品列表（Shop）。可在 Mir2Config.ini 设置 [FairyGUI] MobileShop.List=idx:... 指定商品列表（或 path:/name:/item:/url:/title: / 关键字列表 a|b|c）。
[2026-08-09 09:39:22] FairyGUI: 商店窗口未找到商品列表（Shop）。可在 Mir2Config.ini 设置 [FairyGUI] MobileShop.List=idx:... 指定商品列表（或 path:/name:/item:/url:/title: / 关键字列表 a|b|c）。
[2026-08-09 09:39:24] FairyGUI: 商店窗口未找到商品列表（Shop）。可在 Mir2Config.ini 设置 [FairyGUI] MobileShop.List=idx:... 指定商品列表（或 path:/name:/item:/url:/title: / 关键字列表 a|b|c）。
[2026-08-09 09:39:26] FairyGUI: 商店窗口未找到商品列表（Shop）。可在 Mir2Config.ini 设置 [FairyGUI] MobileShop.List=idx:... 指定商品列表（或 path:/name:/item:/url:/title: / 关键字列表 a|b|c）。
[2026-08-09 09:39:28] FairyGUI: 商店窗口未找到商品列表（Shop）。可在 Mir2Config.ini 设置 [FairyGUI] MobileShop.List=idx:... 指定商品列表（或 path:/name:/item:/url:/title: / 关键字列表 a|b|c）。
[2026-08-09 09:39:30] FairyGUI: 商店窗口未找到商品列表（Shop）。可在 Mir2Config.ini 设置 [FairyGUI] MobileShop.List=idx:... 指定商品列表（或 path:/name:/item:/url:/title: / 关键字列表 a|b|c）。
[2026-08-09 09:39:32] FairyGUI: 商店窗口未找到商品列表（Shop）。可在 Mir2Config.ini 设置 [FairyGUI] MobileShop.List=idx:... 指定商品列表（或 path:/name:/item:/url:/title: / 关键字列表 a|b|c）。
[2026-08-09 09:39:34] FairyGUI: 商店窗口未找到商品列表（Shop）。可在 Mir2Config.ini 设置 [FairyGUI] MobileShop.List=idx:... 指定商品列表（或 path:/name:/item:/url:/title: / 关键字列表 a|b|c）。
[2026-08-09 09:39:36] FairyGUI: 商店窗口未找到商品列表（Shop）。可在 Mir2Config.ini 设置 [FairyGUI] MobileShop.List=idx:... 指定商品列表（或 path:/name:/item:/url:/title: / 关键字列表 a|b|c）。
[2026-08-09 09:39:38] FairyGUI: 商店窗口未找到商品列表（Shop）。可在 Mir2Config.ini 设置 [FairyGUI] MobileShop.List=idx:... 指定商品列表（或 path:/name:/item:/url:/title: / 关键字列表 a|b|c）。
[2026-08-09 09:39:40] FairyGUI: 商店窗口未找到商品列表（Shop）。可在 Mir2Config.ini 设置 [FairyGUI] MobileShop.List=idx:... 指定商品列表（或 path:/name:/item:/url:/title: / 关键字列表 a|b|c）。
[2026-08-09 09:39:42] FairyGUI: 商店窗口未找到商品列表（Shop）。可在 Mir2Config.ini 设置 [FairyGUI] MobileShop.List=idx:... 指定商品列表（或 path:/name:/item:/url:/title: / 关键字列表 a|b|c）。
[2026-08-09 09:39:44] FairyGUI: 主界面腰带栏未找到物品格子（Belt）。可在 Mir2Config.ini 设置 [FairyGUI] MobileMainHud.BeltGrid=idx:... 指定格子根节点（或 path:/name:/item:/url:/title: / 关键字列表 a|b|c）。
[2026-08-09 09:39:44] FairyGUI: 商店窗口未找到商品列表（Shop）。可在 Mir2Config.ini 设置 [FairyGUI] MobileShop.List=idx:... 指定商品列表（或 path:/name:/item:/url:/title: / 关键字列表 a|b|c）。
[2026-08-09 09:39:46] FairyGUI: 商店窗口未找到商品列表（Shop）。可在 Mir2Config.ini 设置 [FairyGUI] MobileShop.List=idx:... 指定商品列表（或 path:/name:/item:/url:/title: / 关键字列表 a|b|c）。
[2026-08-09 09:39:48] FairyGUI: 商店窗口未找到商品列表（Shop）。可在 Mir2Config.ini 设置 [FairyGUI] MobileShop.List=idx:... 指定商品列表（或 path:/name:/item:/url:/title: / 关键字列表 a|b|c）。
[2026-08-09 09:39:50] FairyGUI: 商店窗口未找到商品列表（Shop）。可在 Mir2Config.ini 设置 [FairyGUI] MobileShop.List=idx:... 指定商品列表（或 path:/name:/item:/url:/title: / 关键字列表 a|b|c）。
[2026-08-09 09:39:52] FairyGUI: 商店窗口未找到商品列表（Shop）。可在 Mir2Config.ini 设置 [FairyGUI] MobileShop.List=idx:... 指定商品列表（或 path:/name:/item:/url:/title: / 关键字列表 a|b|c）。
[2026-08-09 09:39:54] FairyGUI: 商店窗口未找到商品列表（Shop）。可在 Mir2Config.ini 设置 [FairyGUI] MobileShop.List=idx:... 指定商品列表（或 path:/name:/item:/url:/title: / 关键字列表 a|b|c）。
[2026-08-09 09:39:56] FairyGUI: 商店窗口未找到商品列表（Shop）。可在 Mir2Config.ini 设置 [FairyGUI] MobileShop.List=idx:... 指定商品列表（或 path:/name:/item:/url:/title: / 关键字列表 a|b|c）。
[2026-08-09 09:39:58] FairyGUI: 商店窗口未找到商品列表（Shop）。可在 Mir2Config.ini 设置 [FairyGUI] MobileShop.List=idx:... 指定商品列表（或 path:/name:/item:/url:/title: / 关键字列表 a|b|c）。
[2026-08-09 09:40:00] FairyGUI: 商店窗口未找到商品列表（Shop）。可在 Mir2Config.ini 设置 [FairyGUI] MobileShop.List=idx:... 指定商品列表（或 path:/name:/item:/url:/title: / 关键字列表 a|b|c）。
[2026-08-09 09:40:02] FairyGUI: 商店窗口未找到商品列表（Shop）。可在 Mir2Config.ini 设置 [FairyGUI] MobileShop.List=idx:... 指定商品列表（或 path:/name:/item:/url:/title: / 关键字列表 a|b|c）。
[2026-08-09 09:40:04] FairyGUI: 商店窗口未找到商品列表（Shop）。可在 Mir2Config.ini 设置 [FairyGUI] MobileShop.List=idx:... 指定商品列表（或 path:/name:/item:/url:/title: / 关键字列表 a|b|c）。
[2026-08-09 09:40:07] FairyGUI: 商店窗口未找到商品列表（Shop）。可在 Mir2Config.ini 设置 [FairyGUI] MobileShop.List=idx:... 指定商品列表（或 path:/name:/item:/url:/title: / 关键字列表 a|b|c）。
[2026-08-09 09:40:09] FairyGUI: 商店窗口未找到商品列表（Shop）。可在 Mir2Config.ini 设置 [FairyGUI] MobileShop.List=idx:... 指定商品列表（或 path:/name:/item:/url:/title: / 关键字列表 a|b|c）。
[2026-08-09 09:40:11] FairyGUI: 商店窗口未找到商品列表（Shop）。可在 Mir2Config.ini 设置 [FairyGUI] MobileShop.List=idx:... 指定商品列表（或 path:/name:/item:/url:/title: / 关键字列表 a|b|c）。
[2026-08-09 09:40:13] FairyGUI: 商店窗口未找到商品列表（Shop）。可在 Mir2Config.ini 设置 [FairyGUI] MobileShop.List=idx:... 指定商品列表（或 path:/name:/item:/url:/title: / 关键字列表 a|b|c）。
[2026-08-09 09:40:15] FairyGUI: 主界面腰带栏未找到物品格子（Belt）。可在 Mir2Config.ini 设置 [FairyGUI] MobileMainHud.BeltGrid=idx:... 指定格子根节点（或 path:/name:/item:/url:/title: / 关键字列表 a|b|c）。
[2026-08-09 09:40:15] FairyGUI: 商店窗口未找到商品列表（Shop）。可在 Mir2Config.ini 设置 [FairyGUI] MobileShop.List=idx:... 指定商品列表（或 path:/name:/item:/url:/title: / 关键字列表 a|b|c）。
[2026-08-09 09:40:17] FairyGUI: 商店窗口未找到商品列表（Shop）。可在 Mir2Config.ini 设置 [FairyGUI] MobileShop.List=idx:... 指定商品列表（或 path:/name:/item:/url:/title: / 关键字列表 a|b|c）。
[2026-08-09 09:40:19] FairyGUI: 商店窗口未找到商品列表（Shop）。可在 Mir2Config.ini 设置 [FairyGUI] MobileShop.List=idx:... 指定商品列表（或 path:/name:/item:/url:/title: / 关键字列表 a|b|c）。
[2026-08-09 09:40:21] FairyGUI: 商店窗口未找到商品列表（Shop）。可在 Mir2Config.ini 设置 [FairyGUI] MobileShop.List=idx:... 指定商品列表（或 path:/name:/item:/url:/title: / 关键字列表 a|b|c）。
[2026-08-09 09:40:23] FairyGUI: 商店窗口未找到商品列表（Shop）。可在 Mir2Config.ini 设置 [FairyGUI] MobileShop.List=idx:... 指定商品列表（或 path:/name:/item:/url:/title: / 关键字列表 a|b|c）。
[2026-08-09 09:40:25] FairyGUI: 商店窗口未找到商品列表（Shop）。可在 Mir2Config.ini 设置 [FairyGUI] MobileShop.List=idx:... 指定商品列表（或 path:/name:/item:/url:/title: / 关键字列表 a|b|c）。
[2026-08-09 09:40:27] FairyGUI: 商店窗口未找到商品列表（Shop）。可在 Mir2Config.ini 设置 [FairyGUI] MobileShop.List=idx:... 指定商品列表（或 path:/name:/item:/url:/title: / 关键字列表 a|b|c）。
[2026-08-09 09:40:29] FairyGUI: 商店窗口未找到商品列表（Shop）。可在 Mir2Config.ini 设置 [FairyGUI] MobileShop.List=idx:... 指定商品列表（或 path:/name:/item:/url:/title: / 关键字列表 a|b|c）。
[2026-08-09 09:40:31] FairyGUI: 商店窗口未找到商品列表（Shop）。可在 Mir2Config.ini 设置 [FairyGUI] MobileShop.List=idx:... 指定商品列表（或 path:/name:/item:/url:/title: / 关键字列表 a|b|c）。
[2026-08-09 09:40:33] FairyGUI: 商店窗口未找到商品列表（Shop）。可在 Mir2Config.ini 设置 [FairyGUI] MobileShop.List=idx:... 指定商品列表（或 path:/name:/item:/url:/title: / 关键字列表 a|b|c）。
[2026-08-09 09:40:35] FairyGUI: 商店窗口未找到商品列表（Shop）。可在 Mir2Config.ini 设置 [FairyGUI] MobileShop.List=idx:... 指定商品列表（或 path:/name:/item:/url:/title: / 关键字列表 a|b|c）。
[2026-08-09 09:40:37] FairyGUI: 商店窗口未找到商品列表（Shop）。可在 Mir2Config.ini 设置 [FairyGUI] MobileShop.List=idx:... 指定商品列表（或 path:/name:/item:/url:/title: / 关键字列表 a|b|c）。
[2026-08-09 09:40:39] FairyGUI: 商店窗口未找到商品列表（Shop）。可在 Mir2Config.ini 设置 [FairyGUI] MobileShop.List=idx:... 指定商品列表（或 path:/name:/item:/url:/title: / 关键字列表 a|b|c）。
[2026-08-09 09:40:41] FairyGUI: 商店窗口未找到商品列表（Shop）。可在 Mir2Config.ini 设置 [FairyGUI] MobileShop.List=idx:... 指定商品列表（或 path:/name:/item:/url:/title: / 关键字列表 a|b|c）。
[2026-08-09 09:40:44] FairyGUI: 商店窗口未找到商品列表（Shop）。可在 Mir2Config.ini 设置 [FairyGUI] MobileShop.List=idx:... 指定商品列表（或 path:/name:/item:/url:/title: / 关键字列表 a|b|c）。
[2026-08-09 09:40:45] FairyGUI: 主界面腰带栏未找到物品格子（Belt）。可在 Mir2Config.ini 设置 [FairyGUI] MobileMainHud.BeltGrid=idx:... 指定格子根节点（或 path:/name:/item:/url:/title: / 关键字列表 a|b|c）。
[2026-08-09 09:40:46] FairyGUI: 商店窗口未找到商品列表（Shop）。可在 Mir2Config.ini 设置 [FairyGUI] MobileShop.List=idx:... 指定商品列表（或 path:/name:/item:/url:/title: / 关键字列表 a|b|c）。
[2026-08-09 09:40:48] FairyGUI: 商店窗口未找到商品列表（Shop）。可在 Mir2Config.ini 设置 [FairyGUI] MobileShop.List=idx:... 指定商品列表（或 path:/name:/item:/url:/title: / 关键字列表 a|b|c）。
[2026-08-09 09:40:50] FairyGUI: 商店窗口未找到商品列表（Shop）。可在 Mir2Config.ini 设置 [FairyGUI] MobileShop.List=idx:... 指定商品列表（或 path:/name:/item:/url:/title: / 关键字列表 a|b|c）。
[2026-08-09 09:40:52] FairyGUI: 商店窗口未找到商品列表（Shop）。可在 Mir2Config.ini 设置 [FairyGUI] MobileShop.List=idx:... 指定商品列表（或 path:/name:/item:/url:/title: / 关键字列表 a|b|c）。
[2026-08-09 09:40:54] FairyGUI: 商店窗口未找到商品列表（Shop）。可在 Mir2Config.ini 设置 [FairyGUI] MobileShop.List=idx:... 指定商品列表（或 path:/name:/item:/url:/title: / 关键字列表 a|b|c）。
[2026-08-09 09:40:56] FairyGUI: 商店窗口未找到商品列表（Shop）。可在 Mir2Config.ini 设置 [FairyGUI] MobileShop.List=idx:... 指定商品列表（或 path:/name:/item:/url:/title: / 关键字列表 a|b|c）。
[2026-08-09 09:40:58] FairyGUI: 商店窗口未找到商品列表（Shop）。可在 Mir2Config.ini 设置 [FairyGUI] MobileShop.List=idx:... 指定商品列表（或 path:/name:/item:/url:/title: / 关键字列表 a|b|c）。
[2026-08-09 09:41:00] FairyGUI: 商店窗口未找到商品列表（Shop）。可在 Mir2Config.ini 设置 [FairyGUI] MobileShop.List=idx:... 指定商品列表（或 path:/name:/item:/url:/title: / 关键字列表 a|b|c）。
[2026-08-09 09:41:02] FairyGUI: 商店窗口未找到商品列表（Shop）。可在 Mir2Config.ini 设置 [FairyGUI] MobileShop.List=idx:... 指定商品列表（或 path:/name:/item:/url:/title: / 关键字列表 a|b|c）。
[2026-08-09 09:41:04] FairyGUI: 商店窗口未找到商品列表（Shop）。可在 Mir2Config.ini 设置 [FairyGUI] MobileShop.List=idx:... 指定商品列表（或 path:/name:/item:/url:/title: / 关键字列表 a|b|c）。
[2026-08-09 09:41:06] FairyGUI: 商店窗口未找到商品列表（Shop）。可在 Mir2Config.ini 设置 [FairyGUI] MobileShop.List=idx:... 指定商品列表（或 path:/name:/item:/url:/title: / 关键字列表 a|b|c）。
[2026-08-09 09:41:08] FairyGUI: 商店窗口未找到商品列表（Shop）。可在 Mir2Config.ini 设置 [FairyGUI] MobileShop.List=idx:... 指定商品列表（或 path:/name:/item:/url:/title: / 关键字列表 a|b|c）。
[2026-08-09 09:41:10] FairyGUI: 商店窗口未找到商品列表（Shop）。可在 Mir2Config.ini 设置 [FairyGUI] MobileShop.List=idx:... 指定商品列表（或 path:/name:/item:/url:/title: / 关键字列表 a|b|c）。
[2026-08-09 09:41:12] FairyGUI: 商店窗口未找到商品列表（Shop）。可在 Mir2Config.ini 设置 [FairyGUI] MobileShop.List=idx:... 指定商品列表（或 path:/name:/item:/url:/title: / 关键字列表 a|b|c）。
[2026-08-09 09:41:14] FairyGUI: 商店窗口未找到商品列表（Shop）。可在 Mir2Config.ini 设置 [FairyGUI] MobileShop.List=idx:... 指定商品列表（或 path:/name:/item:/url:/title: / 关键字列表 a|b|c）。
[2026-08-09 09:41:16] FairyGUI: 主界面腰带栏未找到物品格子（Belt）。可在 Mir2Config.ini 设置 [FairyGUI] MobileMainHud.BeltGrid=idx:... 指定格子根节点（或 path:/name:/item:/url:/title: / 关键字列表 a|b|c）。
[2026-08-09 09:41:16] FairyGUI: 商店窗口未找到商品列表（Shop）。可在 Mir2Config.ini 设置 [FairyGUI] MobileShop.List=idx:... 指定商品列表（或 path:/name:/item:/url:/title: / 关键字列表 a|b|c）。
[2026-08-09 09:41:18] FairyGUI: 商店窗口未找到商品列表（Shop）。可在 Mir2Config.ini 设置 [FairyGUI] MobileShop.List=idx:... 指定商品列表（或 path:/name:/item:/url:/title: / 关键字列表 a|b|c）。
[2026-08-09 09:41:20] FairyGUI: 商店窗口未找到商品列表（Shop）。可在 Mir2Config.ini 设置 [FairyGUI] MobileShop.List=idx:... 指定商品列表（或 path:/name:/item:/url:/title: / 关键字列表 a|b|c）。
[2026-08-09 09:41:22] FairyGUI: 商店窗口未找到商品列表（Shop）。可在 Mir2Config.ini 设置 [FairyGUI] MobileShop.List=idx:... 指定商品列表（或 path:/name:/item:/url:/title: / 关键字列表 a|b|c）。
[2026-08-09 09:41:24] FairyGUI: 商店窗口未找到商品列表（Shop）。可在 Mir2Config.ini 设置 [FairyGUI] MobileShop.List=idx:... 指定商品列表（或 path:/name:/item:/url:/title: / 关键字列表 a|b|c）。
[2026-08-09 09:41:26] FairyGUI: 商店窗口未找到商品列表（Shop）。可在 Mir2Config.ini 设置 [FairyGUI] MobileShop.List=idx:... 指定商品列表（或 path:/name:/item:/url:/title: / 关键字列表 a|b|c）。
[2026-08-09 09:41:28] FairyGUI: 商店窗口未找到商品列表（Shop）。可在 Mir2Config.ini 设置 [FairyGUI] MobileShop.List=idx:... 指定商品列表（或 path:/name:/item:/url:/title: / 关键字列表 a|b|c）。
[2026-08-09 09:41:30] FairyGUI: 商店窗口未找到商品列表（Shop）。可在 Mir2Config.ini 设置 [FairyGUI] MobileShop.List=idx:... 指定商品列表（或 path:/name:/item:/url:/title: / 关键字列表 a|b|c）。
[2026-08-09 09:41:32] FairyGUI: 商店窗口未找到商品列表（Shop）。可在 Mir2Config.ini 设置 [FairyGUI] MobileShop.List=idx:... 指定商品列表（或 path:/name:/item:/url:/title: / 关键字列表 a|b|c）。
[2026-08-09 09:41:34] FairyGUI: 商店窗口未找到商品列表（Shop）。可在 Mir2Config.ini 设置 [FairyGUI] MobileShop.List=idx:... 指定商品列表（或 path:/name:/item:/url:/title: / 关键字列表 a|b|c）。
[2026-08-09 09:41:36] FairyGUI: 商店窗口未找到商品列表（Shop）。可在 Mir2Config.ini 设置 [FairyGUI] MobileShop.List=idx:... 指定商品列表（或 path:/name:/item:/url:/title: / 关键字列表 a|b|c）。
[2026-08-09 09:41:38] FairyGUI: 商店窗口未找到商品列表（Shop）。可在 Mir2Config.ini 设置 [FairyGUI] MobileShop.List=idx:... 指定商品列表（或 path:/name:/item:/url:/title: / 关键字列表 a|b|c）。
[2026-08-09 09:41:40] FairyGUI: 商店窗口未找到商品列表（Shop）。可在 Mir2Config.ini 设置 [FairyGUI] MobileShop.List=idx:... 指定商品列表（或 path:/name:/item:/url:/title: / 关键字列表 a|b|c）。
[2026-08-09 09:41:42] FairyGUI: 商店窗口未找到商品列表（Shop）。可在 Mir2Config.ini 设置 [FairyGUI] MobileShop.List=idx:... 指定商品列表（或 path:/name:/item:/url:/title: / 关键字列表 a|b|c）。
[2026-08-09 09:41:44] FairyGUI: 商店窗口未找到商品列表（Shop）。可在 Mir2Config.ini 设置 [FairyGUI] MobileShop.List=idx:... 指定商品列表（或 path:/name:/item:/url:/title: / 关键字列表 a|b|c）。
[2026-08-09 09:41:47] FairyGUI: 主界面腰带栏未找到物品格子（Belt）。可在 Mir2Config.ini 设置 [FairyGUI] MobileMainHud.BeltGrid=idx:... 指定格子根节点（或 path:/name:/item:/url:/title: / 关键字列表 a|b|c）。
[2026-08-09 09:41:47] FairyGUI: 商店窗口未找到商品列表（Shop）。可在 Mir2Config.ini 设置 [FairyGUI] MobileShop.List=idx:... 指定商品列表（或 path:/name:/item:/url:/title: / 关键字列表 a|b|c）。
[2026-08-09 09:41:49] FairyGUI: 商店窗口未找到商品列表（Shop）。可在 Mir2Config.ini 设置 [FairyGUI] MobileShop.List=idx:... 指定商品列表（或 path:/name:/item:/url:/title: / 关键字列表 a|b|c）。
[2026-08-09 09:41:51] FairyGUI: 商店窗口未找到商品列表（Shop）。可在 Mir2Config.ini 设置 [FairyGUI] MobileShop.List=idx:... 指定商品列表（或 path:/name:/item:/url:/title: / 关键字列表 a|b|c）。
[2026-08-09 09:41:53] FairyGUI: 商店窗口未找到商品列表（Shop）。可在 Mir2Config.ini 设置 [FairyGUI] MobileShop.List=idx:... 指定商品列表（或 path:/name:/item:/url:/title: / 关键字列表 a|b|c）。
[2026-08-09 09:41:55] FairyGUI: 商店窗口未找到商品列表（Shop）。可在 Mir2Config.ini 设置 [FairyGUI] MobileShop.List=idx:... 指定商品列表（或 path:/name:/item:/url:/title: / 关键字列表 a|b|c）。
[2026-08-09 09:41:57] FairyGUI: 商店窗口未找到商品列表（Shop）。可在 Mir2Config.ini 设置 [FairyGUI] MobileShop.List=idx:... 指定商品列表（或 path:/name:/item:/url:/title: / 关键字列表 a|b|c）。
[2026-08-09 09:41:59] FairyGUI: 商店窗口未找到商品列表（Shop）。可在 Mir2Config.ini 设置 [FairyGUI] MobileShop.List=idx:... 指定商品列表（或 path:/name:/item:/url:/title: / 关键字列表 a|b|c）。
[2026-08-09 09:42:01] FairyGUI: 商店窗口未找到商品列表（Shop）。可在 Mir2Config.ini 设置 [FairyGUI] MobileShop.List=idx:... 指定商品列表（或 path:/name:/item:/url:/title: / 关键字列表 a|b|c）。
[2026-08-09 09:42:03] FairyGUI: 商店窗口未找到商品列表（Shop）。可在 Mir2Config.ini 设置 [FairyGUI] MobileShop.List=idx:... 指定商品列表（或 path:/name:/item:/url:/title: / 关键字列表 a|b|c）。
[2026-08-09 09:42:05] FairyGUI: 商店窗口未找到商品列表（Shop）。可在 Mir2Config.ini 设置 [FairyGUI] MobileShop.List=idx:... 指定商品列表（或 path:/name:/item:/url:/title: / 关键字列表 a|b|c）。
[2026-08-09 09:42:07] FairyGUI: 商店窗口未找到商品列表（Shop）。可在 Mir2Config.ini 设置 [FairyGUI] MobileShop.List=idx:... 指定商品列表（或 path:/name:/item:/url:/title: / 关键字列表 a|b|c）。
[2026-08-09 09:42:09] FairyGUI: 商店窗口未找到商品列表（Shop）。可在 Mir2Config.ini 设置 [FairyGUI] MobileShop.List=idx:... 指定商品列表（或 path:/name:/item:/url:/title: / 关键字列表 a|b|c）。
[2026-08-09 09:42:11] FairyGUI: 商店窗口未找到商品列表（Shop）。可在 Mir2Config.ini 设置 [FairyGUI] MobileShop.List=idx:... 指定商品列表（或 path:/name:/item:/url:/title: / 关键字列表 a|b|c）。
[2026-08-09 09:42:13] FairyGUI: 商店窗口未找到商品列表（Shop）。可在 Mir2Config.ini 设置 [FairyGUI] MobileShop.List=idx:... 指定商品列表（或 path:/name:/item:/url:/title: / 关键字列表 a|b|c）。
[2026-08-09 09:42:15] FairyGUI: 商店窗口未找到商品列表（Shop）。可在 Mir2Config.ini 设置 [FairyGUI] MobileShop.List=idx:... 指定商品列表（或 path:/name:/item:/url:/title: / 关键字列表 a|b|c）。
[2026-08-09 09:42:17] FairyGUI: 主界面腰带栏未找到物品格子（Belt）。可在 Mir2Config.ini 设置 [FairyGUI] MobileMainHud.BeltGrid=idx:... 指定格子根节点（或 path:/name:/item:/url:/title: / 关键字列表 a|b|c）。
[2026-08-09 09:42:17] FairyGUI: 商店窗口未找到商品列表（Shop）。可在 Mir2Config.ini 设置 [FairyGUI] MobileShop.List=idx:... 指定商品列表（或 path:/name:/item:/url:/title: / 关键字列表 a|b|c）。
[2026-08-09 09:42:19] FairyGUI: 商店窗口未找到商品列表（Shop）。可在 Mir2Config.ini 设置 [FairyGUI] MobileShop.List=idx:... 指定商品列表（或 path:/name:/item:/url:/title: / 关键字列表 a|b|c）。
[2026-08-09 09:42:21] FairyGUI: 商店窗口未找到商品列表（Shop）。可在 Mir2Config.ini 设置 [FairyGUI] MobileShop.List=idx:... 指定商品列表（或 path:/name:/item:/url:/title: / 关键字列表 a|b|c）。
[2026-08-09 09:42:23] FairyGUI: 商店窗口未找到商品列表（Shop）。可在 Mir2Config.ini 设置 [FairyGUI] MobileShop.List=idx:... 指定商品列表（或 path:/name:/item:/url:/title: / 关键字列表 a|b|c）。
[2026-08-09 09:42:25] FairyGUI: 商店窗口未找到商品列表（Shop）。可在 Mir2Config.ini 设置 [FairyGUI] MobileShop.List=idx:... 指定商品列表（或 path:/name:/item:/url:/title: / 关键字列表 a|b|c）。
[2026-08-09 09:42:28] FairyGUI: 商店窗口未找到商品列表（Shop）。可在 Mir2Config.ini 设置 [FairyGUI] MobileShop.List=idx:... 指定商品列表（或 path:/name:/item:/url:/title: / 关键字列表 a|b|c）。
[2026-08-09 09:42:30] FairyGUI: 商店窗口未找到商品列表（Shop）。可在 Mir2Config.ini 设置 [FairyGUI] MobileShop.List=idx:... 指定商品列表（或 path:/name:/item:/url:/title: / 关键字列表 a|b|c）。
[2026-08-09 09:42:32] FairyGUI: 商店窗口未找到商品列表（Shop）。可在 Mir2Config.ini 设置 [FairyGUI] MobileShop.List=idx:... 指定商品列表（或 path:/name:/item:/url:/title: / 关键字列表 a|b|c）。
[2026-08-09 09:42:34] FairyGUI: 商店窗口未找到商品列表（Shop）。可在 Mir2Config.ini 设置 [FairyGUI] MobileShop.List=idx:... 指定商品列表（或 path:/name:/item:/url:/title: / 关键字列表 a|b|c）。
[2026-08-09 09:42:36] FairyGUI: 商店窗口未找到商品列表（Shop）。可在 Mir2Config.ini 设置 [FairyGUI] MobileShop.List=idx:... 指定商品列表（或 path:/name:/item:/url:/title: / 关键字列表 a|b|c）。
[2026-08-09 09:42:38] FairyGUI: 商店窗口未找到商品列表（Shop）。可在 Mir2Config.ini 设置 [FairyGUI] MobileShop.List=idx:... 指定商品列表（或 path:/name:/item:/url:/title: / 关键字列表 a|b|c）。
[2026-08-09 09:42:40] FairyGUI: 商店窗口未找到商品列表（Shop）。可在 Mir2Config.ini 设置 [FairyGUI] MobileShop.List=idx:... 指定商品列表（或 path:/name:/item:/url:/title: / 关键字列表 a|b|c）。
[2026-08-09 09:42:42] FairyGUI: 商店窗口未找到商品列表（Shop）。可在 Mir2Config.ini 设置 [FairyGUI] MobileShop.List=idx:... 指定商品列表（或 path:/name:/item:/url:/title: / 关键字列表 a|b|c）。
[2026-08-09 09:42:44] FairyGUI: 商店窗口未找到商品列表（Shop）。可在 Mir2Config.ini 设置 [FairyGUI] MobileShop.List=idx:... 指定商品列表（或 path:/name:/item:/url:/title: / 关键字列表 a|b|c）。
[2026-08-09 09:42:46] FairyGUI: 商店窗口未找到商品列表（Shop）。可在 Mir2Config.ini 设置 [FairyGUI] MobileShop.List=idx:... 指定商品列表（或 path:/name:/item:/url:/title: / 关键字列表 a|b|c）。
[2026-08-09 09:42:48] FairyGUI: 主界面腰带栏未找到物品格子（Belt）。可在 Mir2Config.ini 设置 [FairyGUI] MobileMainHud.BeltGrid=idx:... 指定格子根节点（或 path:/name:/item:/url:/title: / 关键字列表 a|b|c）。
[2026-08-09 09:42:48] FairyGUI: 商店窗口未找到商品列表（Shop）。可在 Mir2Config.ini 设置 [FairyGUI] MobileShop.List=idx:... 指定商品列表（或 path:/name:/item:/url:/title: / 关键字列表 a|b|c）。
[2026-08-09 09:42:50] FairyGUI: 商店窗口未找到商品列表（Shop）。可在 Mir2Config.ini 设置 [FairyGUI] MobileShop.List=idx:... 指定商品列表（或 path:/name:/item:/url:/title: / 关键字列表 a|b|c）。
[2026-08-09 09:42:52] FairyGUI: 商店窗口未找到商品列表（Shop）。可在 Mir2Config.ini 设置 [FairyGUI] MobileShop.List=idx:... 指定商品列表（或 path:/name:/item:/url:/title: / 关键字列表 a|b|c）。
[2026-08-09 09:42:54] FairyGUI: 商店窗口未找到商品列表（Shop）。可在 Mir2Config.ini 设置 [FairyGUI] MobileShop.List=idx:... 指定商品列表（或 path:/name:/item:/url:/title: / 关键字列表 a|b|c）。
[2026-08-09 09:42:56] FairyGUI: 商店窗口未找到商品列表（Shop）。可在 Mir2Config.ini 设置 [FairyGUI] MobileShop.List=idx:... 指定商品列表（或 path:/name:/item:/url:/title: / 关键字列表 a|b|c）。
[2026-08-09 09:42:59] FairyGUI: 商店窗口未找到商品列表（Shop）。可在 Mir2Config.ini 设置 [FairyGUI] MobileShop.List=idx:... 指定商品列表（或 path:/name:/item:/url:/title: / 关键字列表 a|b|c）。
[2026-08-09 09:43:01] FairyGUI: 商店窗口未找到商品列表（Shop）。可在 Mir2Config.ini 设置 [FairyGUI] MobileShop.List=idx:... 指定商品列表（或 path:/name:/item:/url:/title: / 关键字列表 a|b|c）。
[2026-08-09 09:43:03] FairyGUI: 商店窗口未找到商品列表（Shop）。可在 Mir2Config.ini 设置 [FairyGUI] MobileShop.List=idx:... 指定商品列表（或 path:/name:/item:/url:/title: / 关键字列表 a|b|c）。
[2026-08-09 09:43:05] FairyGUI: 商店窗口未找到商品列表（Shop）。可在 Mir2Config.ini 设置 [FairyGUI] MobileShop.List=idx:... 指定商品列表（或 path:/name:/item:/url:/title: / 关键字列表 a|b|c）。
[2026-08-09 09:43:07] FairyGUI: 商店窗口未找到商品列表（Shop）。可在 Mir2Config.ini 设置 [FairyGUI] MobileShop.List=idx:... 指定商品列表（或 path:/name:/item:/url:/title: / 关键字列表 a|b|c）。
[2026-08-09 09:43:09] FairyGUI: 商店窗口未找到商品列表（Shop）。可在 Mir2Config.ini 设置 [FairyGUI] MobileShop.List=idx:... 指定商品列表（或 path:/name:/item:/url:/title: / 关键字列表 a|b|c）。
[2026-08-09 09:43:11] FairyGUI: 商店窗口未找到商品列表（Shop）。可在 Mir2Config.ini 设置 [FairyGUI] MobileShop.List=idx:... 指定商品列表（或 path:/name:/item:/url:/title: / 关键字列表 a|b|c）。
[2026-08-09 09:43:13] FairyGUI: 商店窗口未找到商品列表（Shop）。可在 Mir2Config.ini 设置 [FairyGUI] MobileShop.List=idx:... 指定商品列表（或 path:/name:/item:/url:/title: / 关键字列表 a|b|c）。
[2026-08-09 09:43:15] FairyGUI: 商店窗口未找到商品列表（Shop）。可在 Mir2Config.ini 设置 [FairyGUI] MobileShop.List=idx:... 指定商品列表（或 path:/name:/item:/url:/title: / 关键字列表 a|b|c）。
[2026-08-09 09:43:17] FairyGUI: 商店窗口未找到商品列表（Shop）。可在 Mir2Config.ini 设置 [FairyGUI] MobileShop.List=idx:... 指定商品列表（或 path:/name:/item:/url:/title: / 关键字列表 a|b|c）。
[2026-08-09 09:43:19] FairyGUI: 主界面腰带栏未找到物品格子（Belt）。可在 Mir2Config.ini 设置 [FairyGUI] MobileMainHud.BeltGrid=idx:... 指定格子根节点（或 path:/name:/item:/url:/title: / 关键字列表 a|b|c）。
[2026-08-09 09:43:19] FairyGUI: 商店窗口未找到商品列表（Shop）。可在 Mir2Config.ini 设置 [FairyGUI] MobileShop.List=idx:... 指定商品列表（或 path:/name:/item:/url:/title: / 关键字列表 a|b|c）。
[2026-08-09 09:43:21] FairyGUI: 商店窗口未找到商品列表（Shop）。可在 Mir2Config.ini 设置 [FairyGUI] MobileShop.List=idx:... 指定商品列表（或 path:/name:/item:/url:/title: / 关键字列表 a|b|c）。
[2026-08-09 09:43:23] FairyGUI: 商店窗口未找到商品列表（Shop）。可在 Mir2Config.ini 设置 [FairyGUI] MobileShop.List=idx:... 指定商品列表（或 path:/name:/item:/url:/title: / 关键字列表 a|b|c）。
[2026-08-09 09:43:25] FairyGUI: 商店窗口未找到商品列表（Shop）。可在 Mir2Config.ini 设置 [FairyGUI] MobileShop.List=idx:... 指定商品列表（或 path:/name:/item:/url:/title: / 关键字列表 a|b|c）。
[2026-08-09 09:43:27] FairyGUI: 商店窗口未找到商品列表（Shop）。可在 Mir2Config.ini 设置 [FairyGUI] MobileShop.List=idx:... 指定商品列表（或 path:/name:/item:/url:/title: / 关键字列表 a|b|c）。
[2026-08-09 09:43:29] FairyGUI: 商店窗口未找到商品列表（Shop）。可在 Mir2Config.ini 设置 [FairyGUI] MobileShop.List=idx:... 指定商品列表（或 path:/name:/item:/url:/title: / 关键字列表 a|b|c）。
[2026-08-09 09:43:31] FairyGUI: 商店窗口未找到商品列表（Shop）。可在 Mir2Config.ini 设置 [FairyGUI] MobileShop.List=idx:... 指定商品列表（或 path:/name:/item:/url:/title: / 关键字列表 a|b|c）。
[2026-08-09 09:43:33] FairyGUI: 商店窗口未找到商品列表（Shop）。可在 Mir2Config.ini 设置 [FairyGUI] MobileShop.List=idx:... 指定商品列表（或 path:/name:/item:/url:/title: / 关键字列表 a|b|c）。
[2026-08-09 09:43:35] FairyGUI: 商店窗口未找到商品列表（Shop）。可在 Mir2Config.ini 设置 [FairyGUI] MobileShop.List=idx:... 指定商品列表（或 path:/name:/item:/url:/title: / 关键字列表 a|b|c）。
[2026-08-09 09:43:37] FairyGUI: 商店窗口未找到商品列表（Shop）。可在 Mir2Config.ini 设置 [FairyGUI] MobileShop.List=idx:... 指定商品列表（或 path:/name:/item:/url:/title: / 关键字列表 a|b|c）。
[2026-08-09 09:43:39] FairyGUI: 商店窗口未找到商品列表（Shop）。可在 Mir2Config.ini 设置 [FairyGUI] MobileShop.List=idx:... 指定商品列表（或 path:/name:/item:/url:/title: / 关键字列表 a|b|c）。
[2026-08-09 09:43:41] FairyGUI: 商店窗口未找到商品列表（Shop）。可在 Mir2Config.ini 设置 [FairyGUI] MobileShop.List=idx:... 指定商品列表（或 path:/name:/item:/url:/title: / 关键字列表 a|b|c）。
[2026-08-09 09:43:43] FairyGUI: 商店窗口未找到商品列表（Shop）。可在 Mir2Config.ini 设置 [FairyGUI] MobileShop.List=idx:... 指定商品列表（或 path:/name:/item:/url:/title: / 关键字列表 a|b|c）。
[2026-08-09 09:43:46] FairyGUI: 商店窗口未找到商品列表（Shop）。可在 Mir2Config.ini 设置 [FairyGUI] MobileShop.List=idx:... 指定商品列表（或 path:/name:/item:/url:/title: / 关键字列表 a|b|c）。
[2026-08-09 09:43:48] FairyGUI: 商店窗口未找到商品列表（Shop）。可在 Mir2Config.ini 设置 [FairyGUI] MobileShop.List=idx:... 指定商品列表（或 path:/name:/item:/url:/title: / 关键字列表 a|b|c）。
[2026-08-09 09:43:49] FairyGUI: 主界面腰带栏未找到物品格子（Belt）。可在 Mir2Config.ini 设置 [FairyGUI] MobileMainHud.BeltGrid=idx:... 指定格子根节点（或 path:/name:/item:/url:/title: / 关键字列表 a|b|c）。
[2026-08-09 09:43:50] FairyGUI: 商店窗口未找到商品列表（Shop）。可在 Mir2Config.ini 设置 [FairyGUI] MobileShop.List=idx:... 指定商品列表（或 path:/name:/item:/url:/title: / 关键字列表 a|b|c）。
[2026-08-09 09:43:52] FairyGUI: 商店窗口未找到商品列表（Shop）。可在 Mir2Config.ini 设置 [FairyGUI] MobileShop.List=idx:... 指定商品列表（或 path:/name:/item:/url:/title: / 关键字列表 a|b|c）。
[2026-08-09 09:43:54] FairyGUI: 商店窗口未找到商品列表（Shop）。可在 Mir2Config.ini 设置 [FairyGUI] MobileShop.List=idx:... 指定商品列表（或 path:/name:/item:/url:/title: / 关键字列表 a|b|c）。
[2026-08-09 09:43:56] FairyGUI: 商店窗口未找到商品列表（Shop）。可在 Mir2Config.ini 设置 [FairyGUI] MobileShop.List=idx:... 指定商品列表（或 path:/name:/item:/url:/title: / 关键字列表 a|b|c）。
[2026-08-09 09:43:58] FairyGUI: 商店窗口未找到商品列表（Shop）。可在 Mir2Config.ini 设置 [FairyGUI] MobileShop.List=idx:... 指定商品列表（或 path:/name:/item:/url:/title: / 关键字列表 a|b|c）。
[2026-08-09 09:44:00] FairyGUI: 商店窗口未找到商品列表（Shop）。可在 Mir2Config.ini 设置 [FairyGUI] MobileShop.List=idx:... 指定商品列表（或 path:/name:/item:/url:/title: / 关键字列表 a|b|c）。
[2026-08-09 09:44:02] FairyGUI: 商店窗口未找到商品列表（Shop）。可在 Mir2Config.ini 设置 [FairyGUI] MobileShop.List=idx:... 指定商品列表（或 path:/name:/item:/url:/title: / 关键字列表 a|b|c）。
[2026-08-09 09:44:04] FairyGUI: 商店窗口未找到商品列表（Shop）。可在 Mir2Config.ini 设置 [FairyGUI] MobileShop.List=idx:... 指定商品列表（或 path:/name:/item:/url:/title: / 关键字列表 a|b|c）。
[2026-08-09 09:44:06] FairyGUI: 商店窗口未找到商品列表（Shop）。可在 Mir2Config.ini 设置 [FairyGUI] MobileShop.List=idx:... 指定商品列表（或 path:/name:/item:/url:/title: / 关键字列表 a|b|c）。
[2026-08-09 09:44:08] FairyGUI: 商店窗口未找到商品列表（Shop）。可在 Mir2Config.ini 设置 [FairyGUI] MobileShop.List=idx:... 指定商品列表（或 path:/name:/item:/url:/title: / 关键字列表 a|b|c）。
[2026-08-09 09:44:10] FairyGUI: 商店窗口未找到商品列表（Shop）。可在 Mir2Config.ini 设置 [FairyGUI] MobileShop.List=idx:... 指定商品列表（或 path:/name:/item:/url:/title: / 关键字列表 a|b|c）。
[2026-08-09 09:44:12] FairyGUI: 商店窗口未找到商品列表（Shop）。可在 Mir2Config.ini 设置 [FairyGUI] MobileShop.List=idx:... 指定商品列表（或 path:/name:/item:/url:/title: / 关键字列表 a|b|c）。
[2026-08-09 09:44:14] FairyGUI: 商店窗口未找到商品列表（Shop）。可在 Mir2Config.ini 设置 [FairyGUI] MobileShop.List=idx:... 指定商品列表（或 path:/name:/item:/url:/title: / 关键字列表 a|b|c）。
[2026-08-09 09:44:16] FairyGUI: 商店窗口未找到商品列表（Shop）。可在 Mir2Config.ini 设置 [FairyGUI] MobileShop.List=idx:... 指定商品列表（或 path:/name:/item:/url:/title: / 关键字列表 a|b|c）。
[2026-08-09 09:44:18] FairyGUI: 商店窗口未找到商品列表（Shop）。可在 Mir2Config.ini 设置 [FairyGUI] MobileShop.List=idx:... 指定商品列表（或 path:/name:/item:/url:/title: / 关键字列表 a|b|c）。
[2026-08-09 09:44:20] FairyGUI: 主界面腰带栏未找到物品格子（Belt）。可在 Mir2Config.ini 设置 [FairyGUI] MobileMainHud.BeltGrid=idx:... 指定格子根节点（或 path:/name:/item:/url:/title: / 关键字列表 a|b|c）。
[2026-08-09 09:44:20] FairyGUI: 商店窗口未找到商品列表（Shop）。可在 Mir2Config.ini 设置 [FairyGUI] MobileShop.List=idx:... 指定商品列表（或 path:/name:/item:/url:/title: / 关键字列表 a|b|c）。
[2026-08-09 09:44:22] FairyGUI: 商店窗口未找到商品列表（Shop）。可在 Mir2Config.ini 设置 [FairyGUI] MobileShop.List=idx:... 指定商品列表（或 path:/name:/item:/url:/title: / 关键字列表 a|b|c）。
[2026-08-09 09:44:24] FairyGUI: 商店窗口未找到商品列表（Shop）。可在 Mir2Config.ini 设置 [FairyGUI] MobileShop.List=idx:... 指定商品列表（或 path:/name:/item:/url:/title: / 关键字列表 a|b|c）。
[2026-08-09 09:44:26] FairyGUI: 商店窗口未找到商品列表（Shop）。可在 Mir2Config.ini 设置 [FairyGUI] MobileShop.List=idx:... 指定商品列表（或 path:/name:/item:/url:/title: / 关键字列表 a|b|c）。
[2026-08-09 09:44:28] FairyGUI: 商店窗口未找到商品列表（Shop）。可在 Mir2Config.ini 设置 [FairyGUI] MobileShop.List=idx:... 指定商品列表（或 path:/name:/item:/url:/title: / 关键字列表 a|b|c）。
[2026-08-09 09:44:30] FairyGUI: 商店窗口未找到商品列表（Shop）。可在 Mir2Config.ini 设置 [FairyGUI] MobileShop.List=idx:... 指定商品列表（或 path:/name:/item:/url:/title: / 关键字列表 a|b|c）。
[2026-08-09 09:44:32] FairyGUI: 商店窗口未找到商品列表（Shop）。可在 Mir2Config.ini 设置 [FairyGUI] MobileShop.List=idx:... 指定商品列表（或 path:/name:/item:/url:/title: / 关键字列表 a|b|c）。
[2026-08-09 09:44:34] FairyGUI: 商店窗口未找到商品列表（Shop）。可在 Mir2Config.ini 设置 [FairyGUI] MobileShop.List=idx:... 指定商品列表（或 path:/name:/item:/url:/title: / 关键字列表 a|b|c）。
[2026-08-09 09:44:36] FairyGUI: 商店窗口未找到商品列表（Shop）。可在 Mir2Config.ini 设置 [FairyGUI] MobileShop.List=idx:... 指定商品列表（或 path:/name:/item:/url:/title: / 关键字列表 a|b|c）。
[2026-08-09 09:44:38] FairyGUI: 商店窗口未找到商品列表（Shop）。可在 Mir2Config.ini 设置 [FairyGUI] MobileShop.List=idx:... 指定商品列表（或 path:/name:/item:/url:/title: / 关键字列表 a|b|c）。
[2026-08-09 09:44:40] FairyGUI: 商店窗口未找到商品列表（Shop）。可在 Mir2Config.ini 设置 [FairyGUI] MobileShop.List=idx:... 指定商品列表（或 path:/name:/item:/url:/title: / 关键字列表 a|b|c）。
[2026-08-09 09:44:43] FairyGUI: 商店窗口未找到商品列表（Shop）。可在 Mir2Config.ini 设置 [FairyGUI] MobileShop.List=idx:... 指定商品列表（或 path:/name:/item:/url:/title: / 关键字列表 a|b|c）。
[2026-08-09 09:44:45] FairyGUI: 商店窗口未找到商品列表（Shop）。可在 Mir2Config.ini 设置 [FairyGUI] MobileShop.List=idx:... 指定商品列表（或 path:/name:/item:/url:/title: / 关键字列表 a|b|c）。
[2026-08-09 09:44:47] FairyGUI: 商店窗口未找到商品列表（Shop）。可在 Mir2Config.ini 设置 [FairyGUI] MobileShop.List=idx:... 指定商品列表（或 path:/name:/item:/url:/title: / 关键字列表 a|b|c）。
[2026-08-09 09:44:49] FairyGUI: 商店窗口未找到商品列表（Shop）。可在 Mir2Config.ini 设置 [FairyGUI] MobileShop.List=idx:... 指定商品列表（或 path:/name:/item:/url:/title: / 关键字列表 a|b|c）。
[2026-08-09 09:44:51] FairyGUI: 主界面腰带栏未找到物品格子（Belt）。可在 Mir2Config.ini 设置 [FairyGUI] MobileMainHud.BeltGrid=idx:... 指定格子根节点（或 path:/name:/item:/url:/title: / 关键字列表 a|b|c）。
[2026-08-09 09:44:51] FairyGUI: 商店窗口未找到商品列表（Shop）。可在 Mir2Config.ini 设置 [FairyGUI] MobileShop.List=idx:... 指定商品列表（或 path:/name:/item:/url:/title: / 关键字列表 a|b|c）。
[2026-08-09 09:44:53] FairyGUI: 商店窗口未找到商品列表（Shop）。可在 Mir2Config.ini 设置 [FairyGUI] MobileShop.List=idx:... 指定商品列表（或 path:/name:/item:/url:/title: / 关键字列表 a|b|c）。
[2026-08-09 09:44:55] FairyGUI: 商店窗口未找到商品列表（Shop）。可在 Mir2Config.ini 设置 [FairyGUI] MobileShop.List=idx:... 指定商品列表（或 path:/name:/item:/url:/title: / 关键字列表 a|b|c）。
[2026-08-09 09:44:57] FairyGUI: 商店窗口未找到商品列表（Shop）。可在 Mir2Config.ini 设置 [FairyGUI] MobileShop.List=idx:... 指定商品列表（或 path:/name:/item:/url:/title: / 关键字列表 a|b|c）。
[2026-08-09 09:44:59] FairyGUI: 商店窗口未找到商品列表（Shop）。可在 Mir2Config.ini 设置 [FairyGUI] MobileShop.List=idx:... 指定商品列表（或 path:/name:/item:/url:/title: / 关键字列表 a|b|c）。
[2026-08-09 09:45:01] FairyGUI: 商店窗口未找到商品列表（Shop）。可在 Mir2Config.ini 设置 [FairyGUI] MobileShop.List=idx:... 指定商品列表（或 path:/name:/item:/url:/title: / 关键字列表 a|b|c）。
[2026-08-09 09:45:03] FairyGUI: 商店窗口未找到商品列表（Shop）。可在 Mir2Config.ini 设置 [FairyGUI] MobileShop.List=idx:... 指定商品列表（或 path:/name:/item:/url:/title: / 关键字列表 a|b|c）。
[2026-08-09 09:45:05] FairyGUI: 商店窗口未找到商品列表（Shop）。可在 Mir2Config.ini 设置 [FairyGUI] MobileShop.List=idx:... 指定商品列表（或 path:/name:/item:/url:/title: / 关键字列表 a|b|c）。
[2026-08-09 09:45:07] FairyGUI: 商店窗口未找到商品列表（Shop）。可在 Mir2Config.ini 设置 [FairyGUI] MobileShop.List=idx:... 指定商品列表（或 path:/name:/item:/url:/title: / 关键字列表 a|b|c）。
[2026-08-09 09:45:09] FairyGUI: 商店窗口未找到商品列表（Shop）。可在 Mir2Config.ini 设置 [FairyGUI] MobileShop.List=idx:... 指定商品列表（或 path:/name:/item:/url:/title: / 关键字列表 a|b|c）。
[2026-08-09 09:45:11] FairyGUI: 商店窗口未找到商品列表（Shop）。可在 Mir2Config.ini 设置 [FairyGUI] MobileShop.List=idx:... 指定商品列表（或 path:/name:/item:/url:/title: / 关键字列表 a|b|c）。
[2026-08-09 09:45:13] FairyGUI: 商店窗口未找到商品列表（Shop）。可在 Mir2Config.ini 设置 [FairyGUI] MobileShop.List=idx:... 指定商品列表（或 path:/name:/item:/url:/title: / 关键字列表 a|b|c）。
[2026-08-09 09:45:15] FairyGUI: 商店窗口未找到商品列表（Shop）。可在 Mir2Config.ini 设置 [FairyGUI] MobileShop.List=idx:... 指定商品列表（或 path:/name:/item:/url:/title: / 关键字列表 a|b|c）。
[2026-08-09 09:45:17] FairyGUI: 商店窗口未找到商品列表（Shop）。可在 Mir2Config.ini 设置 [FairyGUI] MobileShop.List=idx:... 指定商品列表（或 path:/name:/item:/url:/title: / 关键字列表 a|b|c）。
[2026-08-09 09:45:19] FairyGUI: 商店窗口未找到商品列表（Shop）。可在 Mir2Config.ini 设置 [FairyGUI] MobileShop.List=idx:... 指定商品列表（或 path:/name:/item:/url:/title: / 关键字列表 a|b|c）。
[2026-08-09 09:45:21] FairyGUI: 主界面腰带栏未找到物品格子（Belt）。可在 Mir2Config.ini 设置 [FairyGUI] MobileMainHud.BeltGrid=idx:... 指定格子根节点（或 path:/name:/item:/url:/title: / 关键字列表 a|b|c）。
[2026-08-09 09:45:21] FairyGUI: 商店窗口未找到商品列表（Shop）。可在 Mir2Config.ini 设置 [FairyGUI] MobileShop.List=idx:... 指定商品列表（或 path:/name:/item:/url:/title: / 关键字列表 a|b|c）。
[2026-08-09 09:45:23] FairyGUI: 商店窗口未找到商品列表（Shop）。可在 Mir2Config.ini 设置 [FairyGUI] MobileShop.List=idx:... 指定商品列表（或 path:/name:/item:/url:/title: / 关键字列表 a|b|c）。
[2026-08-09 09:45:26] FairyGUI: 商店窗口未找到商品列表（Shop）。可在 Mir2Config.ini 设置 [FairyGUI] MobileShop.List=idx:... 指定商品列表（或 path:/name:/item:/url:/title: / 关键字列表 a|b|c）。
[2026-08-09 09:45:28] FairyGUI: 商店窗口未找到商品列表（Shop）。可在 Mir2Config.ini 设置 [FairyGUI] MobileShop.List=idx:... 指定商品列表（或 path:/name:/item:/url:/title: / 关键字列表 a|b|c）。
[2026-08-09 09:45:30] FairyGUI: 商店窗口未找到商品列表（Shop）。可在 Mir2Config.ini 设置 [FairyGUI] MobileShop.List=idx:... 指定商品列表（或 path:/name:/item:/url:/title: / 关键字列表 a|b|c）。
[2026-08-09 09:45:32] FairyGUI: 商店窗口未找到商品列表（Shop）。可在 Mir2Config.ini 设置 [FairyGUI] MobileShop.List=idx:... 指定商品列表（或 path:/name:/item:/url:/title: / 关键字列表 a|b|c）。
[2026-08-09 09:45:34] FairyGUI: 商店窗口未找到商品列表（Shop）。可在 Mir2Config.ini 设置 [FairyGUI] MobileShop.List=idx:... 指定商品列表（或 path:/name:/item:/url:/title: / 关键字列表 a|b|c）。
[2026-08-09 09:45:36] FairyGUI: 商店窗口未找到商品列表（Shop）。可在 Mir2Config.ini 设置 [FairyGUI] MobileShop.List=idx:... 指定商品列表（或 path:/name:/item:/url:/title: / 关键字列表 a|b|c）。
[2026-08-09 09:45:38] FairyGUI: 商店窗口未找到商品列表（Shop）。可在 Mir2Config.ini 设置 [FairyGUI] MobileShop.List=idx:... 指定商品列表（或 path:/name:/item:/url:/title: / 关键字列表 a|b|c）。
[2026-08-09 09:45:40] FairyGUI: 商店窗口未找到商品列表（Shop）。可在 Mir2Config.ini 设置 [FairyGUI] MobileShop.List=idx:... 指定商品列表（或 path:/name:/item:/url:/title: / 关键字列表 a|b|c）。
[2026-08-09 09:45:42] FairyGUI: 商店窗口未找到商品列表（Shop）。可在 Mir2Config.ini 设置 [FairyGUI] MobileShop.List=idx:... 指定商品列表（或 path:/name:/item:/url:/title: / 关键字列表 a|b|c）。
[2026-08-09 09:45:44] FairyGUI: 商店窗口未找到商品列表（Shop）。可在 Mir2Config.ini 设置 [FairyGUI] MobileShop.List=idx:... 指定商品列表（或 path:/name:/item:/url:/title: / 关键字列表 a|b|c）。
[2026-08-09 09:46:14] FairyGUI: 主界面腰带栏未找到物品格子（Belt）。可在 Mir2Config.ini 设置 [FairyGUI] MobileMainHud.BeltGrid=idx:... 指定格子根节点（或 path:/name:/item:/url:/title: / 关键字列表 a|b|c）。
[2026-08-09 09:46:45] FairyGUI: 主界面腰带栏未找到物品格子（Belt）。可在 Mir2Config.ini 设置 [FairyGUI] MobileMainHud.BeltGrid=idx:... 指定格子根节点（或 path:/name:/item:/url:/title: / 关键字列表 a|b|c）。
[2026-08-09 09:47:15] FairyGUI: 主界面腰带栏未找到物品格子（Belt）。可在 Mir2Config.ini 设置 [FairyGUI] MobileMainHud.BeltGrid=idx:... 指定格子根节点（或 path:/name:/item:/url:/title: / 关键字列表 a|b|c）。
[2026-08-09 09:47:46] FairyGUI: 主界面腰带栏未找到物品格子（Belt）。可在 Mir2Config.ini 设置 [FairyGUI] MobileMainHud.BeltGrid=idx:... 指定格子根节点（或 path:/name:/item:/url:/title: / 关键字列表 a|b|c）。
