<?xml version="1.0" encoding="utf-8"?>
<TestRun id="a560e5c1-5a13-4756-b63e-1ffd095383f3" name="luo@DESKTOP-4J13TH0 2026-08-10 03:11:57" runUser="DESKTOP-4J13TH0\luo" xmlns="http://microsoft.com/schemas/VisualStudio/TeamTest/2010">
  <Times creation="2026-08-10T03:11:57.2187664+08:00" queuing="2026-08-10T03:11:57.2187667+08:00" start="2026-08-10T03:11:55.6228538+08:00" finish="2026-08-10T03:12:01.7809828+08:00" />
  <TestSettings name="default" id="334e4dd4-95c1-4ae1-8c11-a0fcc90caa99">
    <Deployment runDeploymentRoot="luo_DESKTOP-4J13TH0_2026-08-10_03_11_57" />
  </TestSettings>
  <Results>
    <UnitTestResult executionId="de7d12c4-600a-4137-99e6-cc969518ee5d" testId="2d196359-20a0-fa97-6ef7-6f87679a2f3d" testName="Base05.Tests.SqliteBackupServiceTests.异地复制失败时保留已验证本地副本并持久化失败状态" computerName="DESKTOP-4J13TH0" duration="00:00:00.1485834" startTime="2026-08-10T03:11:56.4457694+08:00" endTime="2026-08-10T03:11:56.5828795+08:00" testType="13cdc9d9-ddb5-4fa4-a97d-d965ccfc6d4b" outcome="Passed" testListId="8c84fa94-04c1-424b-9868-57a2d4851a1d" relativeResultsDirectory="de7d12c4-600a-4137-99e6-cc969518ee5d" />
    <UnitTestResult executionId="5be70141-0c1c-4530-8c59-4e253dbcce6e" testId="ca638db3-333b-c262-a420-ffb2aa8f3f53" testName="Base05.Tests.SqliteBackupServiceTests.损坏副本被完整性检查拒绝且失败状态跨服务实例保留" computerName="DESKTOP-4J13TH0" duration="00:00:00.0224960" startTime="2026-08-10T03:11:56.6775345+08:00" endTime="2026-08-10T03:11:56.6999329+08:00" testType="13cdc9d9-ddb5-4fa4-a97d-d965ccfc6d4b" outcome="Passed" testListId="8c84fa94-04c1-424b-9868-57a2d4851a1d" relativeResultsDirectory="5be70141-0c1c-4530-8c59-4e253dbcce6e" />
    <UnitTestResult executionId="42fcdac2-1627-406b-83b2-ab55f61335c1" testId="c7ff7162-1582-5a76-58b9-4c29816eabcb" testName="Base05.Tests.ProductionSecurityTests.完整受保护配置覆盖运行时明文占位并通过门禁" computerName="DESKTOP-4J13TH0" duration="00:00:00.0296795" startTime="2026-08-10T03:11:59.4735885+08:00" endTime="2026-08-10T03:11:59.5031599+08:00" testType="13cdc9d9-ddb5-4fa4-a97d-d965ccfc6d4b" outcome="Passed" testListId="8c84fa94-04c1-424b-9868-57a2d4851a1d" relativeResultsDirectory="42fcdac2-1627-406b-83b2-ab55f61335c1" />
    <UnitTestResult executionId="b2107c0a-65bb-490f-9cda-e831e5768084" testId="d295eb31-92dc-c1b3-6506-885504452127" testName="Base05.Tests.SqliteBackupServiceTests.在线备份只包含已提交状态并生成通过完整性检查的本地与异地副本" computerName="DESKTOP-4J13TH0" duration="00:00:00.0609142" startTime="2026-08-10T03:11:56.7580576+08:00" endTime="2026-08-10T03:11:56.8188604+08:00" testType="13cdc9d9-ddb5-4fa4-a97d-d965ccfc6d4b" outcome="Passed" testListId="8c84fa94-04c1-424b-9868-57a2d4851a1d" relativeResultsDirectory="b2107c0a-65bb-490f-9cda-e831e5768084" />
    <UnitTestResult executionId="424b3906-14b2-49d4-b16f-b550cf61ec1c" testId="3716e1ac-3210-dcb4-0e0f-81276bb98363" testName="Base05.Tests.ProductionSecurityTests.CI短暂导入后立即清除环境变量并应用秘密" computerName="DESKTOP-4J13TH0" duration="00:00:02.2565597" startTime="2026-08-10T03:11:57.2122565+08:00" endTime="2026-08-10T03:11:59.4686727+08:00" testType="13cdc9d9-ddb5-4fa4-a97d-d965ccfc6d4b" outcome="Passed" testListId="8c84fa94-04c1-424b-9868-57a2d4851a1d" relativeResultsDirectory="424b3906-14b2-49d4-b16f-b550cf61ec1c" />
    <UnitTestResult executionId="8cb50369-80b5-45d7-a61a-3ce00d1758d7" testId="915d5683-19b0-20da-3727-1efec6064ba4" testName="Base05.Tests.SqliteBackupServiceTests.损坏状态文件恢复为失败且目录文件冲突阻止服务构造" computerName="DESKTOP-4J13TH0" duration="00:00:00.0158710" startTime="2026-08-10T03:11:57.1878151+08:00" endTime="2026-08-10T03:11:57.1879490+08:00" testType="13cdc9d9-ddb5-4fa4-a97d-d965ccfc6d4b" outcome="Passed" testListId="8c84fa94-04c1-424b-9868-57a2d4851a1d" relativeResultsDirectory="8cb50369-80b5-45d7-a61a-3ce00d1758d7" />
    <UnitTestResult executionId="c26a7412-1465-4b0f-80d7-29a469d54096" testId="6c974134-fe8a-6eb5-3cd3-87faa8a9ec4d" testName="Base05.Tests.SqliteBackupAdminTests.管理员可一键触发备份且操作员只能查询持久状态" computerName="DESKTOP-4J13TH0" duration="00:00:01.1146879" startTime="2026-08-10T03:12:00.5981090+08:00" endTime="2026-08-10T03:12:01.7132381+08:00" testType="13cdc9d9-ddb5-4fa4-a97d-d965ccfc6d4b" outcome="Passed" testListId="8c84fa94-04c1-424b-9868-57a2d4851a1d" relativeResultsDirectory="c26a7412-1465-4b0f-80d7-29a469d54096" />
    <UnitTestResult executionId="eff1818d-da6f-4a23-9029-2fe980f935b8" testId="8a183943-6145-fd43-1af5-d5a3a7fc3fe2" testName="Base05.Tests.ProductionSecurityTests.Envir在创建工作线程前拒绝正式服弱配置" computerName="DESKTOP-4J13TH0" duration="00:00:00.0101032" startTime="2026-08-10T03:11:57.2023049+08:00" endTime="2026-08-10T03:11:57.2119853+08:00" testType="13cdc9d9-ddb5-4fa4-a97d-d965ccfc6d4b" outcome="Passed" testListId="8c84fa94-04c1-424b-9868-57a2d4851a1d" relativeResultsDirectory="eff1818d-da6f-4a23-9029-2fe980f935b8" />
    <UnitTestResult executionId="960b6a78-5e67-47eb-a276-c59c596cd961" testId="b789395b-3de1-5bde-a2b6-29364d4d2d50" testName="Base05.Tests.SqliteBackupServiceTests.备份目录拒绝根目录及本地异地嵌套配置" computerName="DESKTOP-4J13TH0" duration="00:00:00.0056719" startTime="2026-08-10T03:11:56.4186330+08:00" endTime="2026-08-10T03:11:56.4337384+08:00" testType="13cdc9d9-ddb5-4fa4-a97d-d965ccfc6d4b" outcome="Passed" testListId="8c84fa94-04c1-424b-9868-57a2d4851a1d" relativeResultsDirectory="960b6a78-5e67-47eb-a276-c59c596cd961" />
    <UnitTestResult executionId="3cadb6e1-edb0-4844-9c33-84ae31b51a6c" testId="5908d694-6774-0663-776e-45b113d73c7c" testName="Base05.Tests.AdminSecurityTests.管理审计只记录动作角色来源与结果" computerName="DESKTOP-4J13TH0" duration="00:00:00.0052573" startTime="2026-08-10T03:11:59.5192798+08:00" endTime="2026-08-10T03:11:59.5243696+08:00" testType="13cdc9d9-ddb5-4fa4-a97d-d965ccfc6d4b" outcome="Passed" testListId="8c84fa94-04c1-424b-9868-57a2d4851a1d" relativeResultsDirectory="3cadb6e1-edb0-4844-9c33-84ae31b51a6c" />
    <UnitTestResult executionId="c38b3c4d-a59f-4407-92da-9dd13ab395d8" testId="919559d0-3e75-c39e-b695-08ce2452fef0" testName="Base05.Tests.SqliteBackupServiceTests.自动保留仅删除受管备份且本地与异地各保留最新数量" computerName="DESKTOP-4J13TH0" duration="00:00:00.0943826" startTime="2026-08-10T03:11:56.5837322+08:00" endTime="2026-08-10T03:11:56.6773143+08:00" testType="13cdc9d9-ddb5-4fa4-a97d-d965ccfc6d4b" outcome="Passed" testListId="8c84fa94-04c1-424b-9868-57a2d4851a1d" relativeResultsDirectory="c38b3c4d-a59f-4407-92da-9dd13ab395d8" />
    <UnitTestResult executionId="68278a4e-273d-46e6-959f-cddf096884e8" testId="a17bcd6d-3680-f3b3-ab3f-14350a5860c8" testName="Base05.Tests.ProductionSecurityTests.正式启动策略拒绝默认口令公网明文管理与缺失秘密" computerName="DESKTOP-4J13TH0" duration="00:00:00.0331255" startTime="2026-08-10T03:11:57.1959862+08:00" endTime="2026-08-10T03:11:57.2020427+08:00" testType="13cdc9d9-ddb5-4fa4-a97d-d965ccfc6d4b" outcome="Passed" testListId="8c84fa94-04c1-424b-9868-57a2d4851a1d" relativeResultsDirectory="68278a4e-273d-46e6-959f-cddf096884e8" />
    <UnitTestResult executionId="26c5f6eb-ba93-4e4a-a30c-b3072590a895" testId="c7c32ec9-b74f-05ad-a67b-7907d9018c6d" testName="Base05.Tests.ProductionSecurityTests.DPAPI受保护存储往返且文件不含明文" computerName="DESKTOP-4J13TH0" duration="00:00:00.0064211" startTime="2026-08-10T03:11:59.5075375+08:00" endTime="2026-08-10T03:11:59.5138598+08:00" testType="13cdc9d9-ddb5-4fa4-a97d-d965ccfc6d4b" outcome="Passed" testListId="8c84fa94-04c1-424b-9868-57a2d4851a1d" relativeResultsDirectory="26c5f6eb-ba93-4e4a-a30c-b3072590a895" />
    <UnitTestResult executionId="66fb3b41-f275-4e71-9978-e1b7e37e14e1" testId="64c3a094-a0b2-3afd-4180-59c08c09c8f2" testName="Base05.Tests.SqliteBackupServiceTests.状态文件中的未完成备份在重启后标记为失败" computerName="DESKTOP-4J13TH0" duration="00:00:00.0130691" startTime="2026-08-10T03:11:56.8639703+08:00" endTime="2026-08-10T03:11:56.8769194+08:00" testType="13cdc9d9-ddb5-4fa4-a97d-d965ccfc6d4b" outcome="Passed" testListId="8c84fa94-04c1-424b-9868-57a2d4851a1d" relativeResultsDirectory="66fb3b41-f275-4e71-9978-e1b7e37e14e1" />
    <UnitTestResult executionId="3182e84f-5f15-4f97-8528-fc0e22fb9dd6" testId="c63acc6b-85ad-cfb9-6342-0fb769fa6dc7" testName="Base05.Tests.AdminSecurityTests.独立令牌映射角色且操作员不能执行高权限操作" computerName="DESKTOP-4J13TH0" duration="00:00:00.0043432" startTime="2026-08-10T03:11:59.5245834+08:00" endTime="2026-08-10T03:11:59.5287771+08:00" testType="13cdc9d9-ddb5-4fa4-a97d-d965ccfc6d4b" outcome="Passed" testListId="8c84fa94-04c1-424b-9868-57a2d4851a1d" relativeResultsDirectory="3182e84f-5f15-4f97-8528-fc0e22fb9dd6" />
    <UnitTestResult executionId="339d847e-7f42-4b9b-9a81-e96cbbf5fcd8" testId="30b1f8ad-9b51-d81f-3275-fed61f747379" testName="Base05.Tests.SqliteBackupServiceTests.正式异地门禁拒绝同卷兄弟目录并在可用第二卷执行真实复制" computerName="DESKTOP-4J13TH0" duration="00:00:00.2722024" startTime="2026-08-10T03:11:56.8771159+08:00" endTime="2026-08-10T03:11:57.1492886+08:00" testType="13cdc9d9-ddb5-4fa4-a97d-d965ccfc6d4b" outcome="Passed" testListId="8c84fa94-04c1-424b-9868-57a2d4851a1d" relativeResultsDirectory="339d847e-7f42-4b9b-9a81-e96cbbf5fcd8" />
    <UnitTestResult executionId="369aa60f-81e2-4d07-942b-36f13d44f9be" testId="22678f19-f1cc-fd11-52a6-f5dc3a6052d7" testName="Base05.Tests.AdminSecurityTests.真实管理端点拒绝缺失错误及越权凭据" computerName="DESKTOP-4J13TH0" duration="00:00:01.0639287" startTime="2026-08-10T03:11:59.5289735+08:00" endTime="2026-08-10T03:12:00.5957489+08:00" testType="13cdc9d9-ddb5-4fa4-a97d-d965ccfc6d4b" outcome="Passed" testListId="8c84fa94-04c1-424b-9868-57a2d4851a1d" relativeResultsDirectory="369aa60f-81e2-4d07-942b-36f13d44f9be" />
    <UnitTestResult executionId="fb501427-7be7-4956-9dd1-7ce357eed5c3" testId="0a59a76e-0168-3c6d-060f-4627710e70a8" testName="Base05.Tests.SqliteBackupServiceTests.自动服务启动后立即生成首份备份" computerName="DESKTOP-4J13TH0" duration="00:00:00.0448095" startTime="2026-08-10T03:11:56.8190837+08:00" endTime="2026-08-10T03:11:56.8637624+08:00" testType="13cdc9d9-ddb5-4fa4-a97d-d965ccfc6d4b" outcome="Passed" testListId="8c84fa94-04c1-424b-9868-57a2d4851a1d" relativeResultsDirectory="fb501427-7be7-4956-9dd1-7ce357eed5c3" />
    <UnitTestResult executionId="1d2b6642-35e2-4d58-9527-9ea2106f2a80" testId="2f2b326a-cd17-27e0-2b64-725d585b819c" testName="Base05.Tests.ProductionSecurityTests.历史INI秘密键可严格删除且保留非秘密配置" computerName="DESKTOP-4J13TH0" duration="00:00:00.0040776" startTime="2026-08-10T03:11:59.5034124+08:00" endTime="2026-08-10T03:11:59.5073394+08:00" testType="13cdc9d9-ddb5-4fa4-a97d-d965ccfc6d4b" outcome="Passed" testListId="8c84fa94-04c1-424b-9868-57a2d4851a1d" relativeResultsDirectory="1d2b6642-35e2-4d58-9527-9ea2106f2a80" />
    <UnitTestResult executionId="900a9a56-3217-45e2-b799-798e66f69e45" testId="563e2439-6144-b7f3-43aa-a3d80cbec343" testName="Base05.Tests.SqliteBackupServiceTests.保留清理失败时状态仍指向本次已验证副本" computerName="DESKTOP-4J13TH0" duration="00:00:00.0578198" startTime="2026-08-10T03:11:56.7001479+08:00" endTime="2026-08-10T03:11:56.7578637+08:00" testType="13cdc9d9-ddb5-4fa4-a97d-d965ccfc6d4b" outcome="Passed" testListId="8c84fa94-04c1-424b-9868-57a2d4851a1d" relativeResultsDirectory="900a9a56-3217-45e2-b799-798e66f69e45" />
    <UnitTestResult executionId="ab569039-27a0-4b44-bbaa-b660efd2a3b9" testId="a038dc4b-e361-c1c4-1449-e6a1516dd348" testName="Base05.Tests.ProductionSecurityTests.正式服SQLite拒绝关闭备份或缺少异地目录" computerName="DESKTOP-4J13TH0" duration="00:00:00.0045261" startTime="2026-08-10T03:11:59.4689588+08:00" endTime="2026-08-10T03:11:59.4733621+08:00" testType="13cdc9d9-ddb5-4fa4-a97d-d965ccfc6d4b" outcome="Passed" testListId="8c84fa94-04c1-424b-9868-57a2d4851a1d" relativeResultsDirectory="ab569039-27a0-4b44-bbaa-b660efd2a3b9" />
    <UnitTestResult executionId="f606851e-a1de-4a46-a47d-c8487f95e5a4" testId="d6fe1e6b-883b-2d05-22ca-16451d531a9e" testName="Base05.Tests.AdminSecurityTests.管理监听仅允许回环明文或内网HTTPS" computerName="DESKTOP-4J13TH0" duration="00:00:00.0046856" startTime="2026-08-10T03:11:59.5143442+08:00" endTime="2026-08-10T03:11:59.5190431+08:00" testType="13cdc9d9-ddb5-4fa4-a97d-d965ccfc6d4b" outcome="Passed" testListId="8c84fa94-04c1-424b-9868-57a2d4851a1d" relativeResultsDirectory="f606851e-a1de-4a46-a47d-c8487f95e5a4" />
  </Results>
  <TestDefinitions>
    <UnitTest name="Base05.Tests.SqliteBackupServiceTests.正式异地门禁拒绝同卷兄弟目录并在可用第二卷执行真实复制" storage="c:\users\luo\.codex\worktrees\p3-db03-online-backup-20260810\tests\base05.tests\bin\release\net10.0\base05.tests.dll" id="30b1f8ad-9b51-d81f-3275-fed61f747379">
      <Execution id="339d847e-7f42-4b9b-9a81-e96cbbf5fcd8" />
      <TestMethod codeBase="C:\Users\luo\.codex\worktrees\p3-db03-online-backup-20260810\Tests\Base05.Tests\bin\Release\net10.0\Base05.Tests.dll" adapterTypeName="executor://xunit/VsTestRunner3/netcore/" className="Base05.Tests.SqliteBackupServiceTests" name="正式异地门禁拒绝同卷兄弟目录并在可用第二卷执行真实复制" />
    </UnitTest>
    <UnitTest name="Base05.Tests.ProductionSecurityTests.DPAPI受保护存储往返且文件不含明文" storage="c:\users\luo\.codex\worktrees\p3-db03-online-backup-20260810\tests\base05.tests\bin\release\net10.0\base05.tests.dll" id="c7c32ec9-b74f-05ad-a67b-7907d9018c6d">
      <Execution id="26c5f6eb-ba93-4e4a-a30c-b3072590a895" />
      <TestMethod codeBase="C:\Users\luo\.codex\worktrees\p3-db03-online-backup-20260810\Tests\Base05.Tests\bin\Release\net10.0\Base05.Tests.dll" adapterTypeName="executor://xunit/VsTestRunner3/netcore/" className="Base05.Tests.ProductionSecurityTests" name="DPAPI受保护存储往返且文件不含明文" />
    </UnitTest>
    <UnitTest name="Base05.Tests.ProductionSecurityTests.正式启动策略拒绝默认口令公网明文管理与缺失秘密" storage="c:\users\luo\.codex\worktrees\p3-db03-online-backup-20260810\tests\base05.tests\bin\release\net10.0\base05.tests.dll" id="a17bcd6d-3680-f3b3-ab3f-14350a5860c8">
      <Execution id="68278a4e-273d-46e6-959f-cddf096884e8" />
      <TestMethod codeBase="C:\Users\luo\.codex\worktrees\p3-db03-online-backup-20260810\Tests\Base05.Tests\bin\Release\net10.0\Base05.Tests.dll" adapterTypeName="executor://xunit/VsTestRunner3/netcore/" className="Base05.Tests.ProductionSecurityTests" name="正式启动策略拒绝默认口令公网明文管理与缺失秘密" />
    </UnitTest>
    <UnitTest name="Base05.Tests.AdminSecurityTests.真实管理端点拒绝缺失错误及越权凭据" storage="c:\users\luo\.codex\worktrees\p3-db03-online-backup-20260810\tests\base05.tests\bin\release\net10.0\base05.tests.dll" id="22678f19-f1cc-fd11-52a6-f5dc3a6052d7">
      <Execution id="369aa60f-81e2-4d07-942b-36f13d44f9be" />
      <TestMethod codeBase="C:\Users\luo\.codex\worktrees\p3-db03-online-backup-20260810\Tests\Base05.Tests\bin\Release\net10.0\Base05.Tests.dll" adapterTypeName="executor://xunit/VsTestRunner3/netcore/" className="Base05.Tests.AdminSecurityTests" name="真实管理端点拒绝缺失错误及越权凭据" />
    </UnitTest>
    <UnitTest name="Base05.Tests.ProductionSecurityTests.Envir在创建工作线程前拒绝正式服弱配置" storage="c:\users\luo\.codex\worktrees\p3-db03-online-backup-20260810\tests\base05.tests\bin\release\net10.0\base05.tests.dll" id="8a183943-6145-fd43-1af5-d5a3a7fc3fe2">
      <Execution id="eff1818d-da6f-4a23-9029-2fe980f935b8" />
      <TestMethod codeBase="C:\Users\luo\.codex\worktrees\p3-db03-online-backup-20260810\Tests\Base05.Tests\bin\Release\net10.0\Base05.Tests.dll" adapterTypeName="executor://xunit/VsTestRunner3/netcore/" className="Base05.Tests.ProductionSecurityTests" name="Envir在创建工作线程前拒绝正式服弱配置" />
    </UnitTest>
    <UnitTest name="Base05.Tests.SqliteBackupServiceTests.在线备份只包含已提交状态并生成通过完整性检查的本地与异地副本" storage="c:\users\luo\.codex\worktrees\p3-db03-online-backup-20260810\tests\base05.tests\bin\release\net10.0\base05.tests.dll" id="d295eb31-92dc-c1b3-6506-885504452127">
      <Execution id="b2107c0a-65bb-490f-9cda-e831e5768084" />
      <TestMethod codeBase="C:\Users\luo\.codex\worktrees\p3-db03-online-backup-20260810\Tests\Base05.Tests\bin\Release\net10.0\Base05.Tests.dll" adapterTypeName="executor://xunit/VsTestRunner3/netcore/" className="Base05.Tests.SqliteBackupServiceTests" name="在线备份只包含已提交状态并生成通过完整性检查的本地与异地副本" />
    </UnitTest>
    <UnitTest name="Base05.Tests.SqliteBackupServiceTests.保留清理失败时状态仍指向本次已验证副本" storage="c:\users\luo\.codex\worktrees\p3-db03-online-backup-20260810\tests\base05.tests\bin\release\net10.0\base05.tests.dll" id="563e2439-6144-b7f3-43aa-a3d80cbec343">
      <Execution id="900a9a56-3217-45e2-b799-798e66f69e45" />
      <TestMethod codeBase="C:\Users\luo\.codex\worktrees\p3-db03-online-backup-20260810\Tests\Base05.Tests\bin\Release\net10.0\Base05.Tests.dll" adapterTypeName="executor://xunit/VsTestRunner3/netcore/" className="Base05.Tests.SqliteBackupServiceTests" name="保留清理失败时状态仍指向本次已验证副本" />
    </UnitTest>
    <UnitTest name="Base05.Tests.SqliteBackupServiceTests.损坏副本被完整性检查拒绝且失败状态跨服务实例保留" storage="c:\users\luo\.codex\worktrees\p3-db03-online-backup-20260810\tests\base05.tests\bin\release\net10.0\base05.tests.dll" id="ca638db3-333b-c262-a420-ffb2aa8f3f53">
      <Execution id="5be70141-0c1c-4530-8c59-4e253dbcce6e" />
      <TestMethod codeBase="C:\Users\luo\.codex\worktrees\p3-db03-online-backup-20260810\Tests\Base05.Tests\bin\Release\net10.0\Base05.Tests.dll" adapterTypeName="executor://xunit/VsTestRunner3/netcore/" className="Base05.Tests.SqliteBackupServiceTests" name="损坏副本被完整性检查拒绝且失败状态跨服务实例保留" />
    </UnitTest>
    <UnitTest name="Base05.Tests.ProductionSecurityTests.正式服SQLite拒绝关闭备份或缺少异地目录" storage="c:\users\luo\.codex\worktrees\p3-db03-online-backup-20260810\tests\base05.tests\bin\release\net10.0\base05.tests.dll" id="a038dc4b-e361-c1c4-1449-e6a1516dd348">
      <Execution id="ab569039-27a0-4b44-bbaa-b660efd2a3b9" />
      <TestMethod codeBase="C:\Users\luo\.codex\worktrees\p3-db03-online-backup-20260810\Tests\Base05.Tests\bin\Release\net10.0\Base05.Tests.dll" adapterTypeName="executor://xunit/VsTestRunner3/netcore/" className="Base05.Tests.ProductionSecurityTests" name="正式服SQLite拒绝关闭备份或缺少异地目录" />
    </UnitTest>
    <UnitTest name="Base05.Tests.ProductionSecurityTests.CI短暂导入后立即清除环境变量并应用秘密" storage="c:\users\luo\.codex\worktrees\p3-db03-online-backup-20260810\tests\base05.tests\bin\release\net10.0\base05.tests.dll" id="3716e1ac-3210-dcb4-0e0f-81276bb98363">
      <Execution id="424b3906-14b2-49d4-b16f-b550cf61ec1c" />
      <TestMethod codeBase="C:\Users\luo\.codex\worktrees\p3-db03-online-backup-20260810\Tests\Base05.Tests\bin\Release\net10.0\Base05.Tests.dll" adapterTypeName="executor://xunit/VsTestRunner3/netcore/" className="Base05.Tests.ProductionSecurityTests" name="CI短暂导入后立即清除环境变量并应用秘密" />
    </UnitTest>
    <UnitTest name="Base05.Tests.SqliteBackupServiceTests.备份目录拒绝根目录及本地异地嵌套配置" storage="c:\users\luo\.codex\worktrees\p3-db03-online-backup-20260810\tests\base05.tests\bin\release\net10.0\base05.tests.dll" id="b789395b-3de1-5bde-a2b6-29364d4d2d50">
      <Execution id="960b6a78-5e67-47eb-a276-c59c596cd961" />
      <TestMethod codeBase="C:\Users\luo\.codex\worktrees\p3-db03-online-backup-20260810\Tests\Base05.Tests\bin\Release\net10.0\Base05.Tests.dll" adapterTypeName="executor://xunit/VsTestRunner3/netcore/" className="Base05.Tests.SqliteBackupServiceTests" name="备份目录拒绝根目录及本地异地嵌套配置" />
    </UnitTest>
    <UnitTest name="Base05.Tests.SqliteBackupServiceTests.状态文件中的未完成备份在重启后标记为失败" storage="c:\users\luo\.codex\worktrees\p3-db03-online-backup-20260810\tests\base05.tests\bin\release\net10.0\base05.tests.dll" id="64c3a094-a0b2-3afd-4180-59c08c09c8f2">
      <Execution id="66fb3b41-f275-4e71-9978-e1b7e37e14e1" />
      <TestMethod codeBase="C:\Users\luo\.codex\worktrees\p3-db03-online-backup-20260810\Tests\Base05.Tests\bin\Release\net10.0\Base05.Tests.dll" adapterTypeName="executor://xunit/VsTestRunner3/netcore/" className="Base05.Tests.SqliteBackupServiceTests" name="状态文件中的未完成备份在重启后标记为失败" />
    </UnitTest>
    <UnitTest name="Base05.Tests.SqliteBackupAdminTests.管理员可一键触发备份且操作员只能查询持久状态" storage="c:\users\luo\.codex\worktrees\p3-db03-online-backup-20260810\tests\base05.tests\bin\release\net10.0\base05.tests.dll" id="6c974134-fe8a-6eb5-3cd3-87faa8a9ec4d">
      <Execution id="c26a7412-1465-4b0f-80d7-29a469d54096" />
      <TestMethod codeBase="C:\Users\luo\.codex\worktrees\p3-db03-online-backup-20260810\Tests\Base05.Tests\bin\Release\net10.0\Base05.Tests.dll" adapterTypeName="executor://xunit/VsTestRunner3/netcore/" className="Base05.Tests.SqliteBackupAdminTests" name="管理员可一键触发备份且操作员只能查询持久状态" />
    </UnitTest>
    <UnitTest name="Base05.Tests.AdminSecurityTests.管理审计只记录动作角色来源与结果" storage="c:\users\luo\.codex\worktrees\p3-db03-online-backup-20260810\tests\base05.tests\bin\release\net10.0\base05.tests.dll" id="5908d694-6774-0663-776e-45b113d73c7c">
      <Execution id="3cadb6e1-edb0-4844-9c33-84ae31b51a6c" />
      <TestMethod codeBase="C:\Users\luo\.codex\worktrees\p3-db03-online-backup-20260810\Tests\Base05.Tests\bin\Release\net10.0\Base05.Tests.dll" adapterTypeName="executor://xunit/VsTestRunner3/netcore/" className="Base05.Tests.AdminSecurityTests" name="管理审计只记录动作角色来源与结果" />
    </UnitTest>
    <UnitTest name="Base05.Tests.ProductionSecurityTests.历史INI秘密键可严格删除且保留非秘密配置" storage="c:\users\luo\.codex\worktrees\p3-db03-online-backup-20260810\tests\base05.tests\bin\release\net10.0\base05.tests.dll" id="2f2b326a-cd17-27e0-2b64-725d585b819c">
      <Execution id="1d2b6642-35e2-4d58-9527-9ea2106f2a80" />
      <TestMethod codeBase="C:\Users\luo\.codex\worktrees\p3-db03-online-backup-20260810\Tests\Base05.Tests\bin\Release\net10.0\Base05.Tests.dll" adapterTypeName="executor://xunit/VsTestRunner3/netcore/" className="Base05.Tests.ProductionSecurityTests" name="历史INI秘密键可严格删除且保留非秘密配置" />
    </UnitTest>
    <UnitTest name="Base05.Tests.AdminSecurityTests.管理监听仅允许回环明文或内网HTTPS" storage="c:\users\luo\.codex\worktrees\p3-db03-online-backup-20260810\tests\base05.tests\bin\release\net10.0\base05.tests.dll" id="d6fe1e6b-883b-2d05-22ca-16451d531a9e">
      <Execution id="f606851e-a1de-4a46-a47d-c8487f95e5a4" />
      <TestMethod codeBase="C:\Users\luo\.codex\worktrees\p3-db03-online-backup-20260810\Tests\Base05.Tests\bin\Release\net10.0\Base05.Tests.dll" adapterTypeName="executor://xunit/VsTestRunner3/netcore/" className="Base05.Tests.AdminSecurityTests" name="管理监听仅允许回环明文或内网HTTPS" />
    </UnitTest>
    <UnitTest name="Base05.Tests.SqliteBackupServiceTests.损坏状态文件恢复为失败且目录文件冲突阻止服务构造" storage="c:\users\luo\.codex\worktrees\p3-db03-online-backup-20260810\tests\base05.tests\bin\release\net10.0\base05.tests.dll" id="915d5683-19b0-20da-3727-1efec6064ba4">
      <Execution id="8cb50369-80b5-45d7-a61a-3ce00d1758d7" />
      <TestMethod codeBase="C:\Users\luo\.codex\worktrees\p3-db03-online-backup-20260810\Tests\Base05.Tests\bin\Release\net10.0\Base05.Tests.dll" adapterTypeName="executor://xunit/VsTestRunner3/netcore/" className="Base05.Tests.SqliteBackupServiceTests" name="损坏状态文件恢复为失败且目录文件冲突阻止服务构造" />
    </UnitTest>
    <UnitTest name="Base05.Tests.SqliteBackupServiceTests.自动保留仅删除受管备份且本地与异地各保留最新数量" storage="c:\users\luo\.codex\worktrees\p3-db03-online-backup-20260810\tests\base05.tests\bin\release\net10.0\base05.tests.dll" id="919559d0-3e75-c39e-b695-08ce2452fef0">
      <Execution id="c38b3c4d-a59f-4407-92da-9dd13ab395d8" />
      <TestMethod codeBase="C:\Users\luo\.codex\worktrees\p3-db03-online-backup-20260810\Tests\Base05.Tests\bin\Release\net10.0\Base05.Tests.dll" adapterTypeName="executor://xunit/VsTestRunner3/netcore/" className="Base05.Tests.SqliteBackupServiceTests" name="自动保留仅删除受管备份且本地与异地各保留最新数量" />
    </UnitTest>
    <UnitTest name="Base05.Tests.SqliteBackupServiceTests.自动服务启动后立即生成首份备份" storage="c:\users\luo\.codex\worktrees\p3-db03-online-backup-20260810\tests\base05.tests\bin\release\net10.0\base05.tests.dll" id="0a59a76e-0168-3c6d-060f-4627710e70a8">
      <Execution id="fb501427-7be7-4956-9dd1-7ce357eed5c3" />
      <TestMethod codeBase="C:\Users\luo\.codex\worktrees\p3-db03-online-backup-20260810\Tests\Base05.Tests\bin\Release\net10.0\Base05.Tests.dll" adapterTypeName="executor://xunit/VsTestRunner3/netcore/" className="Base05.Tests.SqliteBackupServiceTests" name="自动服务启动后立即生成首份备份" />
    </UnitTest>
    <UnitTest name="Base05.Tests.ProductionSecurityTests.完整受保护配置覆盖运行时明文占位并通过门禁" storage="c:\users\luo\.codex\worktrees\p3-db03-online-backup-20260810\tests\base05.tests\bin\release\net10.0\base05.tests.dll" id="c7ff7162-1582-5a76-58b9-4c29816eabcb">
      <Execution id="42fcdac2-1627-406b-83b2-ab55f61335c1" />
      <TestMethod codeBase="C:\Users\luo\.codex\worktrees\p3-db03-online-backup-20260810\Tests\Base05.Tests\bin\Release\net10.0\Base05.Tests.dll" adapterTypeName="executor://xunit/VsTestRunner3/netcore/" className="Base05.Tests.ProductionSecurityTests" name="完整受保护配置覆盖运行时明文占位并通过门禁" />
    </UnitTest>
    <UnitTest name="Base05.Tests.AdminSecurityTests.独立令牌映射角色且操作员不能执行高权限操作" storage="c:\users\luo\.codex\worktrees\p3-db03-online-backup-20260810\tests\base05.tests\bin\release\net10.0\base05.tests.dll" id="c63acc6b-85ad-cfb9-6342-0fb769fa6dc7">
      <Execution id="3182e84f-5f15-4f97-8528-fc0e22fb9dd6" />
      <TestMethod codeBase="C:\Users\luo\.codex\worktrees\p3-db03-online-backup-20260810\Tests\Base05.Tests\bin\Release\net10.0\Base05.Tests.dll" adapterTypeName="executor://xunit/VsTestRunner3/netcore/" className="Base05.Tests.AdminSecurityTests" name="独立令牌映射角色且操作员不能执行高权限操作" />
    </UnitTest>
    <UnitTest name="Base05.Tests.SqliteBackupServiceTests.异地复制失败时保留已验证本地副本并持久化失败状态" storage="c:\users\luo\.codex\worktrees\p3-db03-online-backup-20260810\tests\base05.tests\bin\release\net10.0\base05.tests.dll" id="2d196359-20a0-fa97-6ef7-6f87679a2f3d">
      <Execution id="de7d12c4-600a-4137-99e6-cc969518ee5d" />
      <TestMethod codeBase="C:\Users\luo\.codex\worktrees\p3-db03-online-backup-20260810\Tests\Base05.Tests\bin\Release\net10.0\Base05.Tests.dll" adapterTypeName="executor://xunit/VsTestRunner3/netcore/" className="Base05.Tests.SqliteBackupServiceTests" name="异地复制失败时保留已验证本地副本并持久化失败状态" />
    </UnitTest>
  </TestDefinitions>
  <TestEntries>
    <TestEntry testId="2d196359-20a0-fa97-6ef7-6f87679a2f3d" executionId="de7d12c4-600a-4137-99e6-cc969518ee5d" testListId="8c84fa94-04c1-424b-9868-57a2d4851a1d" />
    <TestEntry testId="ca638db3-333b-c262-a420-ffb2aa8f3f53" executionId="5be70141-0c1c-4530-8c59-4e253dbcce6e" testListId="8c84fa94-04c1-424b-9868-57a2d4851a1d" />
    <TestEntry testId="c7ff7162-1582-5a76-58b9-4c29816eabcb" executionId="42fcdac2-1627-406b-83b2-ab55f61335c1" testListId="8c84fa94-04c1-424b-9868-57a2d4851a1d" />
    <TestEntry testId="d295eb31-92dc-c1b3-6506-885504452127" executionId="b2107c0a-65bb-490f-9cda-e831e5768084" testListId="8c84fa94-04c1-424b-9868-57a2d4851a1d" />
    <TestEntry testId="3716e1ac-3210-dcb4-0e0f-81276bb98363" executionId="424b3906-14b2-49d4-b16f-b550cf61ec1c" testListId="8c84fa94-04c1-424b-9868-57a2d4851a1d" />
    <TestEntry testId="915d5683-19b0-20da-3727-1efec6064ba4" executionId="8cb50369-80b5-45d7-a61a-3ce00d1758d7" testListId="8c84fa94-04c1-424b-9868-57a2d4851a1d" />
    <TestEntry testId="6c974134-fe8a-6eb5-3cd3-87faa8a9ec4d" executionId="c26a7412-1465-4b0f-80d7-29a469d54096" testListId="8c84fa94-04c1-424b-9868-57a2d4851a1d" />
    <TestEntry testId="8a183943-6145-fd43-1af5-d5a3a7fc3fe2" executionId="eff1818d-da6f-4a23-9029-2fe980f935b8" testListId="8c84fa94-04c1-424b-9868-57a2d4851a1d" />
    <TestEntry testId="b789395b-3de1-5bde-a2b6-29364d4d2d50" executionId="960b6a78-5e67-47eb-a276-c59c596cd961" testListId="8c84fa94-04c1-424b-9868-57a2d4851a1d" />
    <TestEntry testId="5908d694-6774-0663-776e-45b113d73c7c" executionId="3cadb6e1-edb0-4844-9c33-84ae31b51a6c" testListId="8c84fa94-04c1-424b-9868-57a2d4851a1d" />
    <TestEntry testId="919559d0-3e75-c39e-b695-08ce2452fef0" executionId="c38b3c4d-a59f-4407-92da-9dd13ab395d8" testListId="8c84fa94-04c1-424b-9868-57a2d4851a1d" />
    <TestEntry testId="a17bcd6d-3680-f3b3-ab3f-14350a5860c8" executionId="68278a4e-273d-46e6-959f-cddf096884e8" testListId="8c84fa94-04c1-424b-9868-57a2d4851a1d" />
    <TestEntry testId="c7c32ec9-b74f-05ad-a67b-7907d9018c6d" executionId="26c5f6eb-ba93-4e4a-a30c-b3072590a895" testListId="8c84fa94-04c1-424b-9868-57a2d4851a1d" />
    <TestEntry testId="64c3a094-a0b2-3afd-4180-59c08c09c8f2" executionId="66fb3b41-f275-4e71-9978-e1b7e37e14e1" testListId="8c84fa94-04c1-424b-9868-57a2d4851a1d" />
    <TestEntry testId="c63acc6b-85ad-cfb9-6342-0fb769fa6dc7" executionId="3182e84f-5f15-4f97-8528-fc0e22fb9dd6" testListId="8c84fa94-04c1-424b-9868-57a2d4851a1d" />
    <TestEntry testId="30b1f8ad-9b51-d81f-3275-fed61f747379" executionId="339d847e-7f42-4b9b-9a81-e96cbbf5fcd8" testListId="8c84fa94-04c1-424b-9868-57a2d4851a1d" />
    <TestEntry testId="22678f19-f1cc-fd11-52a6-f5dc3a6052d7" executionId="369aa60f-81e2-4d07-942b-36f13d44f9be" testListId="8c84fa94-04c1-424b-9868-57a2d4851a1d" />
    <TestEntry testId="0a59a76e-0168-3c6d-060f-4627710e70a8" executionId="fb501427-7be7-4956-9dd1-7ce357eed5c3" testListId="8c84fa94-04c1-424b-9868-57a2d4851a1d" />
    <TestEntry testId="2f2b326a-cd17-27e0-2b64-725d585b819c" executionId="1d2b6642-35e2-4d58-9527-9ea2106f2a80" testListId="8c84fa94-04c1-424b-9868-57a2d4851a1d" />
    <TestEntry testId="563e2439-6144-b7f3-43aa-a3d80cbec343" executionId="900a9a56-3217-45e2-b799-798e66f69e45" testListId="8c84fa94-04c1-424b-9868-57a2d4851a1d" />
    <TestEntry testId="a038dc4b-e361-c1c4-1449-e6a1516dd348" executionId="ab569039-27a0-4b44-bbaa-b660efd2a3b9" testListId="8c84fa94-04c1-424b-9868-57a2d4851a1d" />
    <TestEntry testId="d6fe1e6b-883b-2d05-22ca-16451d531a9e" executionId="f606851e-a1de-4a46-a47d-c8487f95e5a4" testListId="8c84fa94-04c1-424b-9868-57a2d4851a1d" />
  </TestEntries>
  <TestLists>
    <TestList name="列表中未列出的结果" id="8c84fa94-04c1-424b-9868-57a2d4851a1d" />
    <TestList name="所有已加载的结果" id="19431567-8539-422a-85d7-44ee4e166bda" />
  </TestLists>
  <ResultSummary outcome="Completed">
    <Counters total="22" executed="22" passed="22" failed="0" error="0" timeout="0" aborted="0" inconclusive="0" passedButRunAborted="0" notRunnable="0" notExecuted="0" disconnected="0" warning="0" completed="0" inProgress="0" pending="0" />
    <Output>
      <StdOut>[xUnit.net 00:00:00.00] xUnit.net VSTest Adapter v3.0.2+dd36e86129 (64-bit .NET 10.0.4)&#xD;
[xUnit.net 00:00:00.12]   Discovering: Base05.Tests&#xD;
[xUnit.net 00:00:00.20]   Discovered:  Base05.Tests&#xD;
[xUnit.net 00:00:00.23]   Starting:    Base05.Tests&#xD;
[xUnit.net 00:00:05.56]   Finished:    Base05.Tests&#xD;
</StdOut>
    </Output>
  </ResultSummary>
</TestRun>