<?xml version="1.0" encoding="utf-8"?>
<TestRun id="8ce99d47-6824-4471-a478-63bb87b4206a" name="luo@DESKTOP-4J13TH0 2026-08-11 15:56:18" runUser="DESKTOP-4J13TH0\luo" xmlns="http://microsoft.com/schemas/VisualStudio/TeamTest/2010">
  <Times creation="2026-08-11T15:56:18.8191504+08:00" queuing="2026-08-11T15:56:18.8191511+08:00" start="2026-08-11T15:56:17.3993689+08:00" finish="2026-08-11T15:56:30.6299086+08:00" />
  <TestSettings name="default" id="c4b7afb7-457c-4f44-bd96-0ae0f42f96bf">
    <Deployment runDeploymentRoot="luo_DESKTOP-4J13TH0_2026-08-11_15_56_18" />
  </TestSettings>
  <Results>
    <UnitTestResult executionId="5c23a495-e71f-4240-bb25-37d5dc3c9744" testId="b9983ecf-5ed3-b656-eb9f-c28adef59cf4" testName="Launcher.PlayerShellIntegration.LauncherEditorTests.PreflightRejectsTruncatedServerName" computerName="DESKTOP-4J13TH0" duration="00:00:03.0066847" startTime="2026-08-11T15:56:20.1986834+08:00" endTime="2026-08-11T15:56:23.2051853+08:00" testType="13cdc9d9-ddb5-4fa4-a97d-d965ccfc6d4b" outcome="Passed" testListId="8c84fa94-04c1-424b-9868-57a2d4851a1d" relativeResultsDirectory="5c23a495-e71f-4240-bb25-37d5dc3c9744" />
    <UnitTestResult executionId="58b5d643-fbce-48a5-8a4d-d40775d39f92" testId="ac27ac78-c17a-9878-9543-c3dcbd3bb00a" testName="Launcher.PlayerShellIntegration.LauncherEditorTests.SignedSnapshotChainCarriesTrustAcrossTwoKeyRotations" computerName="DESKTOP-4J13TH0" duration="00:00:00.7947900" startTime="2026-08-11T15:56:19.3676492+08:00" endTime="2026-08-11T15:56:20.1619795+08:00" testType="13cdc9d9-ddb5-4fa4-a97d-d965ccfc6d4b" outcome="Passed" testListId="8c84fa94-04c1-424b-9868-57a2d4851a1d" relativeResultsDirectory="58b5d643-fbce-48a5-8a4d-d40775d39f92" />
    <UnitTestResult executionId="61e61f81-b79c-495a-aef5-e3eb735bdbd9" testId="c7237983-3490-bcb1-8e31-3759119932ae" testName="Launcher.PlayerShellIntegration.LauncherEditorTests.GatewayPackageContainsRunnableTemplateAndNonSecretProjectConfig" computerName="DESKTOP-4J13TH0" duration="00:00:00.0473357" startTime="2026-08-11T15:56:27.1558060+08:00" endTime="2026-08-11T15:56:27.2029619+08:00" testType="13cdc9d9-ddb5-4fa4-a97d-d965ccfc6d4b" outcome="Passed" testListId="8c84fa94-04c1-424b-9868-57a2d4851a1d" relativeResultsDirectory="61e61f81-b79c-495a-aef5-e3eb735bdbd9" />
    <UnitTestResult executionId="a83f7e96-ac4e-4e5a-838e-d06cdb493c0e" testId="2d7e924e-c04a-d591-32a6-8e97999ef034" testName="Launcher.PlayerShellIntegration.LauncherThemeRuntimeTests.SessionFailoverRequiresThreeConsecutiveFailures" computerName="DESKTOP-4J13TH0" duration="00:00:00.0006212" startTime="2026-08-11T15:56:27.9082167+08:00" endTime="2026-08-11T15:56:27.9086224+08:00" testType="13cdc9d9-ddb5-4fa4-a97d-d965ccfc6d4b" outcome="Passed" testListId="8c84fa94-04c1-424b-9868-57a2d4851a1d" relativeResultsDirectory="a83f7e96-ac4e-4e5a-838e-d06cdb493c0e" />
    <UnitTestResult executionId="d7c0926d-83c1-4392-bd7a-f218ad1b7f99" testId="e77a452e-dfd1-228a-85a3-89feeee0477f" testName="Launcher.PlayerShellIntegration.LauncherThemeRuntimeTests.RunningGameSessionMarkerDefersPlayerEntryReplacement" computerName="DESKTOP-4J13TH0" duration="00:00:00.1216713" startTime="2026-08-11T15:56:18.7543592+08:00" endTime="2026-08-11T15:56:18.8144364+08:00" testType="13cdc9d9-ddb5-4fa4-a97d-d965ccfc6d4b" outcome="Passed" testListId="8c84fa94-04c1-424b-9868-57a2d4851a1d" relativeResultsDirectory="d7c0926d-83c1-4392-bd7a-f218ad1b7f99" />
    <UnitTestResult executionId="0161c044-4b1a-4ac7-81db-4b231527b3ac" testId="1c7088a1-fa97-2183-1a56-9ce0622baadc" testName="Launcher.PlayerShellIntegration.LauncherThemeRuntimeTests.DisplayModesAreIntersectionWithFixedEngineCapabilities" computerName="DESKTOP-4J13TH0" duration="00:00:00.0694408" startTime="2026-08-11T15:56:27.9276142+08:00" endTime="2026-08-11T15:56:27.9968612+08:00" testType="13cdc9d9-ddb5-4fa4-a97d-d965ccfc6d4b" outcome="Passed" testListId="8c84fa94-04c1-424b-9868-57a2d4851a1d" relativeResultsDirectory="0161c044-4b1a-4ac7-81db-4b231527b3ac" />
    <UnitTestResult executionId="562f7c83-8a57-4718-8b34-00696fa25bc7" testId="cdb20253-b2f9-1a5f-d0ac-5dbb781170ef" testName="Launcher.PlayerShellIntegration.LauncherEditorTests.NewProjectsGenerateDifferentMicroUsers" computerName="DESKTOP-4J13TH0" duration="00:00:00.8510663" startTime="2026-08-11T15:56:18.4114171+08:00" endTime="2026-08-11T15:56:19.2714074+08:00" testType="13cdc9d9-ddb5-4fa4-a97d-d965ccfc6d4b" outcome="Passed" testListId="8c84fa94-04c1-424b-9868-57a2d4851a1d" relativeResultsDirectory="562f7c83-8a57-4718-8b34-00696fa25bc7" />
    <UnitTestResult executionId="0c34ad3e-6c7f-43f2-9c10-1466a64c9e83" testId="5d544517-080d-2fbd-a487-778847a97d60" testName="Launcher.PlayerShellIntegration.LauncherEditorTests.ServerMicroOverrideRequiresSharedCredentialEvenWhenDefaultIsDisabled" computerName="DESKTOP-4J13TH0" duration="00:00:00.0011547" startTime="2026-08-11T15:56:19.3664400+08:00" endTime="2026-08-11T15:56:19.3669730+08:00" testType="13cdc9d9-ddb5-4fa4-a97d-d965ccfc6d4b" outcome="Passed" testListId="8c84fa94-04c1-424b-9868-57a2d4851a1d" relativeResultsDirectory="0c34ad3e-6c7f-43f2-9c10-1466a64c9e83" />
    <UnitTestResult executionId="fe79b3e8-a411-4747-86be-40cf02ad979d" testId="52140599-6237-1247-3f29-194d5210779a" testName="Launcher.PlayerShellIntegration.LauncherThemeRuntimeTests.PerMonitorV2WindowProcessesRealDpiMessageAndHitTests(kind: Classic, dpi: 120)" computerName="DESKTOP-4J13TH0" duration="00:00:00.2426159" startTime="2026-08-11T15:56:22.2830952+08:00" endTime="2026-08-11T15:56:22.5254398+08:00" testType="13cdc9d9-ddb5-4fa4-a97d-d965ccfc6d4b" outcome="Passed" testListId="8c84fa94-04c1-424b-9868-57a2d4851a1d" relativeResultsDirectory="fe79b3e8-a411-4747-86be-40cf02ad979d" />
    <UnitTestResult executionId="363ad8bf-cd2e-455a-92aa-2fcc0f46ce23" testId="e9da03d3-7aea-cd42-3db2-6f36ffdba611" testName="Launcher.PlayerShellIntegration.LauncherThemeRuntimeTests.UnsignedRemoteAndCacheAreNeverLoadedByDefault" computerName="DESKTOP-4J13TH0" duration="00:00:00.0071793" startTime="2026-08-11T15:56:27.9088575+08:00" endTime="2026-08-11T15:56:27.9159229+08:00" testType="13cdc9d9-ddb5-4fa4-a97d-d965ccfc6d4b" outcome="Passed" testListId="8c84fa94-04c1-424b-9868-57a2d4851a1d" relativeResultsDirectory="363ad8bf-cd2e-455a-92aa-2fcc0f46ce23" />
    <UnitTestResult executionId="48bca770-23bd-4264-95b8-16dc548fa20c" testId="e3e378fc-cde2-29de-8579-b2e78bfe4f91" testName="Launcher.PlayerShellIntegration.Windows.PlayerPayloadPackageTests.玩家入口重命名后仍能校验并解包全部载荷" computerName="DESKTOP-4J13TH0" duration="00:00:00.2598690" startTime="2026-08-11T15:56:18.4113896+08:00" endTime="2026-08-11T15:56:18.6800830+08:00" testType="13cdc9d9-ddb5-4fa4-a97d-d965ccfc6d4b" outcome="Passed" testListId="8c84fa94-04c1-424b-9868-57a2d4851a1d" relativeResultsDirectory="48bca770-23bd-4264-95b8-16dc548fa20c" />
    <UnitTestResult executionId="74daf6d8-6bf8-4316-b686-7ade35eddfd0" testId="f4d2b5d6-c720-794e-13b0-ed91742df9cc" testName="Launcher.PlayerShellIntegration.LauncherEditorTests.ClientImportIsReadOnlyMapsRemoteListAndOmitsSecrets" computerName="DESKTOP-4J13TH0" duration="00:00:00.1351848" startTime="2026-08-11T15:56:27.2033149+08:00" endTime="2026-08-11T15:56:27.3383755+08:00" testType="13cdc9d9-ddb5-4fa4-a97d-d965ccfc6d4b" outcome="Passed" testListId="8c84fa94-04c1-424b-9868-57a2d4851a1d" relativeResultsDirectory="74daf6d8-6bf8-4316-b686-7ade35eddfd0" />
    <UnitTestResult executionId="255c2916-d392-4a35-a871-aa1326ee8803" testId="6c4624c8-6608-8a4c-a599-5644de425ee8" testName="Launcher.PlayerShellIntegration.LauncherThemeRuntimeTests.PerMonitorV2WindowProcessesRealDpiMessageAndHitTests(kind: Compact, dpi: 192)" computerName="DESKTOP-4J13TH0" duration="00:00:00.4847587" startTime="2026-08-11T15:56:20.7957363+08:00" endTime="2026-08-11T15:56:21.2803518+08:00" testType="13cdc9d9-ddb5-4fa4-a97d-d965ccfc6d4b" outcome="Passed" testListId="8c84fa94-04c1-424b-9868-57a2d4851a1d" relativeResultsDirectory="255c2916-d392-4a35-a871-aa1326ee8803" />
    <UnitTestResult executionId="0857ebfc-20e7-495c-96d6-2da9a34368eb" testId="13305e02-d2c1-c7f8-6da4-d4c0fe2af552" testName="Launcher.PlayerShellIntegration.Windows.NativeExecutableBrandingTests.Windows可以读取生成后玩家入口的品牌与版本资源" computerName="DESKTOP-4J13TH0" duration="00:00:00.0570534" startTime="2026-08-11T15:56:18.4113571+08:00" endTime="2026-08-11T15:56:18.4828818+08:00" testType="13cdc9d9-ddb5-4fa4-a97d-d965ccfc6d4b" outcome="Passed" testListId="8c84fa94-04c1-424b-9868-57a2d4851a1d" relativeResultsDirectory="0857ebfc-20e7-495c-96d6-2da9a34368eb" />
    <UnitTestResult executionId="4d90dbb5-34b2-479a-8072-a6cd4442bb4c" testId="79859e81-5b96-859a-aa53-70a9905c980b" testName="Launcher.PlayerShellIntegration.LauncherThemeRuntimeTests.SignedPlayerEntryUpdateStagesSameDirectoryAndBindsReplacementJournal" computerName="DESKTOP-4J13TH0" duration="00:00:00.9732880" startTime="2026-08-11T15:56:23.8797674+08:00" endTime="2026-08-11T15:56:24.8726787+08:00" testType="13cdc9d9-ddb5-4fa4-a97d-d965ccfc6d4b" outcome="Passed" testListId="8c84fa94-04c1-424b-9868-57a2d4851a1d" relativeResultsDirectory="4d90dbb5-34b2-479a-8072-a6cd4442bb4c" />
    <UnitTestResult executionId="62e29f58-43c8-43cd-b1f6-a51d7ac073dd" testId="9f879fdd-e05c-6c19-eac4-adb36ae1f60f" testName="Launcher.PlayerShellIntegration.LauncherThemeRuntimeTests.ProgressReportsTwoLevelsSpeedAndRemainingCapacity" computerName="DESKTOP-4J13TH0" duration="00:00:00.0052797" startTime="2026-08-11T15:56:18.6628797+08:00" endTime="2026-08-11T15:56:18.6679780+08:00" testType="13cdc9d9-ddb5-4fa4-a97d-d965ccfc6d4b" outcome="Passed" testListId="8c84fa94-04c1-424b-9868-57a2d4851a1d" relativeResultsDirectory="62e29f58-43c8-43cd-b1f6-a51d7ac073dd" />
    <UnitTestResult executionId="01de6caf-7e52-453d-8efc-f32e8861d97a" testId="22f6eb1e-e32f-75b3-8b11-972c8b730249" testName="Launcher.PlayerShellIntegration.Windows.PlayerPayloadPackageTests.已解包载荷被修改后必须拒绝复用" computerName="DESKTOP-4J13TH0" duration="00:00:00.2213415" startTime="2026-08-11T15:56:19.7070677+08:00" endTime="2026-08-11T15:56:19.9281965+08:00" testType="13cdc9d9-ddb5-4fa4-a97d-d965ccfc6d4b" outcome="Passed" testListId="8c84fa94-04c1-424b-9868-57a2d4851a1d" relativeResultsDirectory="01de6caf-7e52-453d-8efc-f32e8861d97a" />
    <UnitTestResult executionId="c64a9afa-d57d-48bc-879f-4d45e587b7eb" testId="767ebb52-30d1-ff84-0c3a-66a894762609" testName="Launcher.PlayerShellIntegration.LauncherThemeRuntimeTests.CredentialManagerSeparatesProjects" computerName="DESKTOP-4J13TH0" duration="00:00:00.1260216" startTime="2026-08-11T15:56:24.8732768+08:00" endTime="2026-08-11T15:56:24.9897974+08:00" testType="13cdc9d9-ddb5-4fa4-a97d-d965ccfc6d4b" outcome="Passed" testListId="8c84fa94-04c1-424b-9868-57a2d4851a1d" relativeResultsDirectory="c64a9afa-d57d-48bc-879f-4d45e587b7eb" />
    <UnitTestResult executionId="b64ff55d-864d-4c96-9877-c93ae00804c9" testId="5ab52fa2-49db-b600-4a48-63bd9811cc76" testName="Launcher.PlayerShellIntegration.Windows.PlayerReplacementCoordinatorTests.待替换入口被篡改时拒绝替换且旧版保持完整" computerName="DESKTOP-4J13TH0" duration="00:00:00.0498240" startTime="2026-08-11T15:56:18.8099805+08:00" endTime="2026-08-11T15:56:18.8570602+08:00" testType="13cdc9d9-ddb5-4fa4-a97d-d965ccfc6d4b" outcome="Passed" testListId="8c84fa94-04c1-424b-9868-57a2d4851a1d" relativeResultsDirectory="b64ff55d-864d-4c96-9877-c93ae00804c9" />
    <UnitTestResult executionId="e040edd8-a169-454d-98f2-19e632397977" testId="e1389e16-e515-146c-657d-29327f416878" testName="Launcher.PlayerShellIntegration.LauncherThemeRuntimeTests.MicroResponseCacheRejectsParentJunctionEscape" computerName="DESKTOP-4J13TH0" duration="00:00:00.1362209" startTime="2026-08-11T15:56:18.4112993+08:00" endTime="2026-08-11T15:56:18.5565088+08:00" testType="13cdc9d9-ddb5-4fa4-a97d-d965ccfc6d4b" outcome="Passed" testListId="8c84fa94-04c1-424b-9868-57a2d4851a1d" relativeResultsDirectory="e040edd8-a169-454d-98f2-19e632397977" />
    <UnitTestResult executionId="143e25a1-314c-4f7b-b473-cb2a15916a5f" testId="4f95ffae-c604-f673-08f8-8d70e27551e2" testName="Launcher.PlayerShellIntegration.LauncherEditorTests.ProjectSynchronizesOneMicroUserAcrossPlayerAndGateway" computerName="DESKTOP-4J13TH0" duration="00:00:00.0004455" startTime="2026-08-11T15:56:19.2720311+08:00" endTime="2026-08-11T15:56:19.2721798+08:00" testType="13cdc9d9-ddb5-4fa4-a97d-d965ccfc6d4b" outcome="Passed" testListId="8c84fa94-04c1-424b-9868-57a2d4851a1d" relativeResultsDirectory="143e25a1-314c-4f7b-b473-cb2a15916a5f" />
    <UnitTestResult executionId="af5e9370-d16b-405b-8b4e-4e15e798acbb" testId="0d831441-3126-4d1f-fd8c-6b23d1dcaf13" testName="Launcher.PlayerShellIntegration.LauncherThemeRuntimeTests.PerMonitorV2WindowProcessesRealDpiMessageAndHitTests(kind: Compact, dpi: 144)" computerName="DESKTOP-4J13TH0" duration="00:00:00.6734325" startTime="2026-08-11T15:56:21.2811736+08:00" endTime="2026-08-11T15:56:21.9539023+08:00" testType="13cdc9d9-ddb5-4fa4-a97d-d965ccfc6d4b" outcome="Passed" testListId="8c84fa94-04c1-424b-9868-57a2d4851a1d" relativeResultsDirectory="af5e9370-d16b-405b-8b4e-4e15e798acbb" />
    <UnitTestResult executionId="3e0fd2d4-a6be-42a7-b061-fa182b22986e" testId="23ac2183-6975-1826-e351-0fbf22b88404" testName="Launcher.PlayerShellIntegration.LauncherEditorTests.ProjectKeysAreUniqueRecoverableAndNeverStoredInProjectJson" computerName="DESKTOP-4J13TH0" duration="00:00:03.8132094" startTime="2026-08-11T15:56:23.2056583+08:00" endTime="2026-08-11T15:56:27.0187143+08:00" testType="13cdc9d9-ddb5-4fa4-a97d-d965ccfc6d4b" outcome="Passed" testListId="8c84fa94-04c1-424b-9868-57a2d4851a1d" relativeResultsDirectory="3e0fd2d4-a6be-42a7-b061-fa182b22986e" />
    <UnitTestResult executionId="255d3311-1291-4147-aa6c-54db07c059c4" testId="2d6ce7ac-78ce-94fd-f60a-d38b6763470f" testName="Launcher.PlayerShellIntegration.LauncherThemeRuntimeTests.SignedRemoteReleasePromotesAtomicallyAndKeepsLastKnownGood" computerName="DESKTOP-4J13TH0" duration="00:00:01.0449849" startTime="2026-08-11T15:56:25.4147537+08:00" endTime="2026-08-11T15:56:26.4690814+08:00" testType="13cdc9d9-ddb5-4fa4-a97d-d965ccfc6d4b" outcome="Passed" testListId="8c84fa94-04c1-424b-9868-57a2d4851a1d" relativeResultsDirectory="255d3311-1291-4147-aa6c-54db07c059c4" />
    <UnitTestResult executionId="e21e778f-a9f1-4aaf-aacc-0de686b66d67" testId="8e46f264-82d2-cacc-99b6-ab09c9f12fe8" testName="Launcher.PlayerShellIntegration.Windows.PlayerReplacementCoordinatorTests.只有签名清单授权的新入口才会原子替换并保留旧版" computerName="DESKTOP-4J13TH0" duration="00:00:00.3374198" startTime="2026-08-11T15:56:18.8607600+08:00" endTime="2026-08-11T15:56:19.1946622+08:00" testType="13cdc9d9-ddb5-4fa4-a97d-d965ccfc6d4b" outcome="Passed" testListId="8c84fa94-04c1-424b-9868-57a2d4851a1d" relativeResultsDirectory="e21e778f-a9f1-4aaf-aacc-0de686b66d67" />
    <UnitTestResult executionId="ab640a94-b1ce-4638-9fa5-d46aedc86df7" testId="28f5a5d5-9cdb-69e3-4871-4cf49a9b10c6" testName="Launcher.PlayerShellIntegration.LauncherEditorTests.ImmutablePublishRecoversSequenceAndRollbackCreatesHigherSignedVersion" computerName="DESKTOP-4J13TH0" duration="00:00:00.4415627" startTime="2026-08-11T15:56:27.3849995+08:00" endTime="2026-08-11T15:56:27.8262830+08:00" testType="13cdc9d9-ddb5-4fa4-a97d-d965ccfc6d4b" outcome="Passed" testListId="8c84fa94-04c1-424b-9868-57a2d4851a1d" relativeResultsDirectory="ab640a94-b1ce-4638-9fa5-d46aedc86df7" />
    <UnitTestResult executionId="25aa1a19-6f04-4b64-9510-5445464bcd1c" testId="86762162-794f-8a5e-3c77-7dc262b0f1f3" testName="Launcher.PlayerShellIntegration.LauncherThemeRuntimeTests.PerMonitorV2WindowProcessesRealDpiMessageAndHitTests(kind: Widescreen, dpi: 96)" computerName="DESKTOP-4J13TH0" duration="00:00:00.4075932" startTime="2026-08-11T15:56:20.1168600+08:00" endTime="2026-08-11T15:56:20.5215037+08:00" testType="13cdc9d9-ddb5-4fa4-a97d-d965ccfc6d4b" outcome="Passed" testListId="8c84fa94-04c1-424b-9868-57a2d4851a1d" relativeResultsDirectory="25aa1a19-6f04-4b64-9510-5445464bcd1c" />
    <UnitTestResult executionId="73c313e5-7883-4d94-a9fa-f50da5757ad2" testId="79b21954-c1bd-0970-46db-a460838b9e48" testName="Launcher.PlayerShellIntegration.LauncherThemeRuntimeTests.LoadFallsBackAcrossThreeCompleteLayers" computerName="DESKTOP-4J13TH0" duration="00:00:00.1366426" startTime="2026-08-11T15:56:25.2536096+08:00" endTime="2026-08-11T15:56:25.4142637+08:00" testType="13cdc9d9-ddb5-4fa4-a97d-d965ccfc6d4b" outcome="Passed" testListId="8c84fa94-04c1-424b-9868-57a2d4851a1d" relativeResultsDirectory="73c313e5-7883-4d94-a9fa-f50da5757ad2" />
    <UnitTestResult executionId="4c990d78-1444-4a5c-9600-fdaba55d452f" testId="b7eb676b-429e-ae91-28e4-e89bef75fc3a" testName="Launcher.PlayerShellIntegration.LauncherThemeRuntimeTests.ThreeTemplatesAndGmFixedModesValidate(template: Compact, mode: Dropdown)" computerName="DESKTOP-4J13TH0" duration="00:00:00.0000129" startTime="2026-08-11T15:56:18.7539677+08:00" endTime="2026-08-11T15:56:18.7540752+08:00" testType="13cdc9d9-ddb5-4fa4-a97d-d965ccfc6d4b" outcome="Passed" testListId="8c84fa94-04c1-424b-9868-57a2d4851a1d" relativeResultsDirectory="4c990d78-1444-4a5c-9600-fdaba55d452f" />
    <UnitTestResult executionId="f1c83c1c-5993-41f4-8f07-bfaa69e90720" testId="6e3abb81-78b3-e3f6-3931-9e5a7edf4601" testName="Launcher.PlayerShellIntegration.LauncherThemeRuntimeTests.PerMonitorV2WindowProcessesRealDpiMessageAndHitTests(kind: Classic, dpi: 144)" computerName="DESKTOP-4J13TH0" duration="00:00:00.3670309" startTime="2026-08-11T15:56:22.9501856+08:00" endTime="2026-08-11T15:56:23.3167959+08:00" testType="13cdc9d9-ddb5-4fa4-a97d-d965ccfc6d4b" outcome="Passed" testListId="8c84fa94-04c1-424b-9868-57a2d4851a1d" relativeResultsDirectory="f1c83c1c-5993-41f4-8f07-bfaa69e90720" />
    <UnitTestResult executionId="f369f23c-eccf-41b9-bd11-981c51c3437c" testId="c5d07c57-ad53-498d-24e1-fba89a5c973d" testName="Launcher.PlayerShellIntegration.LauncherThemeRuntimeTests.CredentialEnvelopeIsProjectBoundAndNotPlaintext" computerName="DESKTOP-4J13TH0" duration="00:00:00.0011261" startTime="2026-08-11T15:56:27.9162249+08:00" endTime="2026-08-11T15:56:27.9173481+08:00" testType="13cdc9d9-ddb5-4fa4-a97d-d965ccfc6d4b" outcome="Passed" testListId="8c84fa94-04c1-424b-9868-57a2d4851a1d" relativeResultsDirectory="f369f23c-eccf-41b9-bd11-981c51c3437c" />
    <UnitTestResult executionId="64d94546-0295-44f9-8fe6-d9fefb7cea32" testId="e1fb03fb-0dc3-48a5-f33d-ba35515fd73c" testName="Launcher.PlayerShellIntegration.LauncherEditorTests.ProjectCreationRejectsExistingJunctionBeforeWritingAssets" computerName="DESKTOP-4J13TH0" duration="00:00:00.0935266" startTime="2026-08-11T15:56:19.2726100+08:00" endTime="2026-08-11T15:56:19.3656668+08:00" testType="13cdc9d9-ddb5-4fa4-a97d-d965ccfc6d4b" outcome="Passed" testListId="8c84fa94-04c1-424b-9868-57a2d4851a1d" relativeResultsDirectory="64d94546-0295-44f9-8fe6-d9fefb7cea32" />
    <UnitTestResult executionId="85ec9f4f-8b1d-436f-8a2e-95d0005d6467" testId="31ff9c85-675a-d440-e4fb-43f3944ab31f" testName="Launcher.PlayerShellIntegration.LauncherThemeRuntimeTests.PerMonitorV2WindowProcessesRealDpiMessageAndHitTests(kind: Widescreen, dpi: 192)" computerName="DESKTOP-4J13TH0" duration="00:00:00.2741716" startTime="2026-08-11T15:56:20.5226843+08:00" endTime="2026-08-11T15:56:20.7954025+08:00" testType="13cdc9d9-ddb5-4fa4-a97d-d965ccfc6d4b" outcome="Passed" testListId="8c84fa94-04c1-424b-9868-57a2d4851a1d" relativeResultsDirectory="85ec9f4f-8b1d-436f-8a2e-95d0005d6467" />
    <UnitTestResult executionId="103f0f95-6678-4414-94dc-c6a5c0def92b" testId="2d20b936-d5a6-9fbc-0fa3-7b38369472b9" testName="Launcher.PlayerShellIntegration.LauncherEditorTests.TamperedKeyIdCannotEscapeProjectSecretsDirectory" computerName="DESKTOP-4J13TH0" duration="00:00:00.0362341" startTime="2026-08-11T15:56:20.1623779+08:00" endTime="2026-08-11T15:56:20.1983866+08:00" testType="13cdc9d9-ddb5-4fa4-a97d-d965ccfc6d4b" outcome="Passed" testListId="8c84fa94-04c1-424b-9868-57a2d4851a1d" relativeResultsDirectory="103f0f95-6678-4414-94dc-c6a5c0def92b" />
    <UnitTestResult executionId="cca2e367-f9ad-4088-a179-bbb8ee16b787" testId="c5ad8fd6-98fe-8a1b-24ff-42cc3b58973c" testName="Launcher.PlayerShellIntegration.LauncherEditorTests.AllSevenGmOperatingStatusesAreAvailable" computerName="DESKTOP-4J13TH0" duration="00:00:00.0010143" startTime="2026-08-11T15:56:27.0194753+08:00" endTime="2026-08-11T15:56:27.0198032+08:00" testType="13cdc9d9-ddb5-4fa4-a97d-d965ccfc6d4b" outcome="Passed" testListId="8c84fa94-04c1-424b-9868-57a2d4851a1d" relativeResultsDirectory="cca2e367-f9ad-4088-a179-bbb8ee16b787" />
    <UnitTestResult executionId="6ade6eae-825d-44e3-ba63-9964f499f60a" testId="de705857-6209-c873-eb14-622493b31edb" testName="Launcher.PlayerShellIntegration.LauncherEditorTests.BmpThemeAssetIsConvertedToPng" computerName="DESKTOP-4J13TH0" duration="00:00:00.0460780" startTime="2026-08-11T15:56:27.3387108+08:00" endTime="2026-08-11T15:56:27.3845765+08:00" testType="13cdc9d9-ddb5-4fa4-a97d-d965ccfc6d4b" outcome="Passed" testListId="8c84fa94-04c1-424b-9868-57a2d4851a1d" relativeResultsDirectory="6ade6eae-825d-44e3-ba63-9964f499f60a" />
    <UnitTestResult executionId="99ffcba8-71b4-4e3c-b86d-10816127667a" testId="74862d10-537c-59c7-3b48-bccd6d0b505c" testName="Launcher.PlayerShellIntegration.LauncherThemeRuntimeTests.PerMonitorV2WindowProcessesRealDpiMessageAndHitTests(kind: Compact, dpi: 96)" computerName="DESKTOP-4J13TH0" duration="00:00:00.0956066" startTime="2026-08-11T15:56:22.1872060+08:00" endTime="2026-08-11T15:56:22.2825899+08:00" testType="13cdc9d9-ddb5-4fa4-a97d-d965ccfc6d4b" outcome="Passed" testListId="8c84fa94-04c1-424b-9868-57a2d4851a1d" relativeResultsDirectory="99ffcba8-71b4-4e3c-b86d-10816127667a" />
    <UnitTestResult executionId="b9079c9f-f7f8-4ec7-a4a1-3033f0eb84a7" testId="3c6090f8-89a4-da30-8d36-e9270831684a" testName="Launcher.PlayerShellIntegration.LauncherEditorTests.SignedReleaseLoadsFromRealStaticHttpAndMicroLauncherEndpoint" computerName="DESKTOP-4J13TH0" duration="00:00:02.4390571" startTime="2026-08-11T15:56:27.8267890+08:00" endTime="2026-08-11T15:56:30.2657902+08:00" testType="13cdc9d9-ddb5-4fa4-a97d-d965ccfc6d4b" outcome="Passed" testListId="8c84fa94-04c1-424b-9868-57a2d4851a1d" relativeResultsDirectory="b9079c9f-f7f8-4ec7-a4a1-3033f0eb84a7" />
    <UnitTestResult executionId="fe1083d4-d9d6-4fa4-8a9f-4014a50cdb18" testId="ee464502-24a9-f32e-0e31-43c764f9c0c3" testName="Launcher.PlayerShellIntegration.LauncherThemeRuntimeTests.UnmarkedLegacyClientIsRejectedWithoutModification" computerName="DESKTOP-4J13TH0" duration="00:00:00.2487013" startTime="2026-08-11T15:56:25.0046451+08:00" endTime="2026-08-11T15:56:25.2530471+08:00" testType="13cdc9d9-ddb5-4fa4-a97d-d965ccfc6d4b" outcome="Passed" testListId="8c84fa94-04c1-424b-9868-57a2d4851a1d" relativeResultsDirectory="fe1083d4-d9d6-4fa4-8a9f-4014a50cdb18" />
    <UnitTestResult executionId="3fce8013-70cf-408f-b94e-7ec2a0bdb3f6" testId="88c56199-9ebd-8fcb-01d4-9f75697b03ed" testName="Launcher.PlayerShellIntegration.LauncherEditorTests.ButtonBaseImageAndFourStateOverridesRenderFromProjectAssets" computerName="DESKTOP-4J13TH0" duration="00:00:00.0960913" startTime="2026-08-11T15:56:30.2665803+08:00" endTime="2026-08-11T15:56:30.3619882+08:00" testType="13cdc9d9-ddb5-4fa4-a97d-d965ccfc6d4b" outcome="Passed" testListId="8c84fa94-04c1-424b-9868-57a2d4851a1d" relativeResultsDirectory="3fce8013-70cf-408f-b94e-7ec2a0bdb3f6" />
    <UnitTestResult executionId="3e2eaf78-7b43-4dcb-91f3-120aa1663581" testId="9f41f2a3-5ae3-3480-e899-4304850ebe6e" testName="Launcher.PlayerShellIntegration.LauncherThemeRuntimeTests.SnapshotRejectsCodeAndUnsafeAssetsBySchema" computerName="DESKTOP-4J13TH0" duration="00:00:00.0003868" startTime="2026-08-11T15:56:28.0949457+08:00" endTime="2026-08-11T15:56:28.0950931+08:00" testType="13cdc9d9-ddb5-4fa4-a97d-d965ccfc6d4b" outcome="Passed" testListId="8c84fa94-04c1-424b-9868-57a2d4851a1d" relativeResultsDirectory="3e2eaf78-7b43-4dcb-91f3-120aa1663581" />
    <UnitTestResult executionId="8e033b40-8035-4dc5-9db0-888e54cdfa0a" testId="90733bd4-994f-6caa-ce01-241b10b51127" testName="Launcher.PlayerShellIntegration.LauncherThemeRuntimeTests.ProgressChannelPublishesRealTwoLevelStateAtomically" computerName="DESKTOP-4J13TH0" duration="00:00:00.1060004" startTime="2026-08-11T15:56:18.5576353+08:00" endTime="2026-08-11T15:56:18.6625599+08:00" testType="13cdc9d9-ddb5-4fa4-a97d-d965ccfc6d4b" outcome="Passed" testListId="8c84fa94-04c1-424b-9868-57a2d4851a1d" relativeResultsDirectory="8e033b40-8035-4dc5-9db0-888e54cdfa0a" />
    <UnitTestResult executionId="4fafcda0-ea92-4797-8afe-df6219a06c44" testId="12d0a768-103f-a6a2-ace6-4d22f6831d52" testName="Launcher.PlayerShellIntegration.LauncherThemeRuntimeTests.PerMonitorV2WindowProcessesRealDpiMessageAndHitTests(kind: Classic, dpi: 96)" computerName="DESKTOP-4J13TH0" duration="00:00:01.2571237" startTime="2026-08-11T15:56:18.8563577+08:00" endTime="2026-08-11T15:56:20.1131746+08:00" testType="13cdc9d9-ddb5-4fa4-a97d-d965ccfc6d4b" outcome="Passed" testListId="8c84fa94-04c1-424b-9868-57a2d4851a1d" relativeResultsDirectory="4fafcda0-ea92-4797-8afe-df6219a06c44" />
    <UnitTestResult executionId="2348bee4-5f09-4eaa-ace9-fb4f6cc59f15" testId="7e4a0a6c-7da5-e82a-dc65-395d4993f43c" testName="Launcher.PlayerShellIntegration.LauncherEditorTests.ImportRejectsOversizedIniBeforeReadingIt" computerName="DESKTOP-4J13TH0" duration="00:00:00.1355040" startTime="2026-08-11T15:56:27.0201816+08:00" endTime="2026-08-11T15:56:27.1554999+08:00" testType="13cdc9d9-ddb5-4fa4-a97d-d965ccfc6d4b" outcome="Passed" testListId="8c84fa94-04c1-424b-9868-57a2d4851a1d" relativeResultsDirectory="2348bee4-5f09-4eaa-ace9-fb4f6cc59f15" />
    <UnitTestResult executionId="46ce939d-4159-49b2-b0c0-b7fa56144cdd" testId="121f7663-9474-90ca-3190-c3c22e94dcbc" testName="Launcher.PlayerShellIntegration.LauncherThemeRuntimeTests.PlayerSettingsRoundTripEveryExposedCapability" computerName="DESKTOP-4J13TH0" duration="00:00:00.0236427" startTime="2026-08-11T15:56:18.6683440+08:00" endTime="2026-08-11T15:56:18.6917300+08:00" testType="13cdc9d9-ddb5-4fa4-a97d-d965ccfc6d4b" outcome="Passed" testListId="8c84fa94-04c1-424b-9868-57a2d4851a1d" relativeResultsDirectory="46ce939d-4159-49b2-b0c0-b7fa56144cdd" />
    <UnitTestResult executionId="69ded1ae-60c8-4326-9e09-879523af29bb" testId="06d63066-9ec2-857e-6c9c-5f96d7c4fe99" testName="Launcher.PlayerShellIntegration.LauncherThemeRuntimeTests.AllTemplatesRenderAtFourDpiScalesWithoutOverflowException" computerName="DESKTOP-4J13TH0" duration="00:00:01.4386857" startTime="2026-08-11T15:56:26.4695368+08:00" endTime="2026-08-11T15:56:27.9079074+08:00" testType="13cdc9d9-ddb5-4fa4-a97d-d965ccfc6d4b" outcome="Passed" testListId="8c84fa94-04c1-424b-9868-57a2d4851a1d" relativeResultsDirectory="69ded1ae-60c8-4326-9e09-879523af29bb" />
    <UnitTestResult executionId="b71a2642-d5d4-4033-bea6-3b583ccfd513" testId="b9b36ae2-49e9-51e8-e766-9a35441da392" testName="Launcher.PlayerShellIntegration.LauncherThemeRuntimeTests.PerMonitorV2WindowProcessesRealDpiMessageAndHitTests(kind: Classic, dpi: 192)" computerName="DESKTOP-4J13TH0" duration="00:00:00.2534432" startTime="2026-08-11T15:56:23.6261137+08:00" endTime="2026-08-11T15:56:23.8793109+08:00" testType="13cdc9d9-ddb5-4fa4-a97d-d965ccfc6d4b" outcome="Passed" testListId="8c84fa94-04c1-424b-9868-57a2d4851a1d" relativeResultsDirectory="b71a2642-d5d4-4033-bea6-3b583ccfd513" />
    <UnitTestResult executionId="53ea2aab-60f7-4523-8a5b-66813a598b03" testId="be4d9e5d-5a51-7941-42e7-a26a6cab98da" testName="Launcher.PlayerShellIntegration.LauncherThemeRuntimeTests.ClientSelectionRequiresMatchingCapabilityMarker" computerName="DESKTOP-4J13TH0" duration="00:00:00.0406643" startTime="2026-08-11T15:56:18.8148882+08:00" endTime="2026-08-11T15:56:18.8558531+08:00" testType="13cdc9d9-ddb5-4fa4-a97d-d965ccfc6d4b" outcome="Passed" testListId="8c84fa94-04c1-424b-9868-57a2d4851a1d" relativeResultsDirectory="53ea2aab-60f7-4523-8a5b-66813a598b03" />
    <UnitTestResult executionId="41e926f3-ea8c-4f7f-a8be-d10683f246f6" testId="e235083a-70e1-7f6b-5338-4a48fc2d047d" testName="Launcher.PlayerShellIntegration.LauncherThemeRuntimeTests.SessionFailoverOccursAtMostOnce" computerName="DESKTOP-4J13TH0" duration="00:00:00.0051443" startTime="2026-08-11T15:56:28.0639781+08:00" endTime="2026-08-11T15:56:28.0673911+08:00" testType="13cdc9d9-ddb5-4fa4-a97d-d965ccfc6d4b" outcome="Passed" testListId="8c84fa94-04c1-424b-9868-57a2d4851a1d" relativeResultsDirectory="41e926f3-ea8c-4f7f-a8be-d10683f246f6" />
    <UnitTestResult executionId="2a4c9a99-3a06-49e8-a7bb-6000cdbe519f" testId="a503c561-d587-a0b3-d03e-6ba92a658f6d" testName="Launcher.PlayerShellIntegration.Windows.PlayerReplacementCoordinatorTests.强停发生在新版切换后会复验新版并提交日志" computerName="DESKTOP-4J13TH0" duration="00:00:00.2921900" startTime="2026-08-11T15:56:18.4091019+08:00" endTime="2026-08-11T15:56:18.7544682+08:00" testType="13cdc9d9-ddb5-4fa4-a97d-d965ccfc6d4b" outcome="Passed" testListId="8c84fa94-04c1-424b-9868-57a2d4851a1d" relativeResultsDirectory="2a4c9a99-3a06-49e8-a7bb-6000cdbe519f" />
    <UnitTestResult executionId="1d47153f-2da4-49a6-9a2d-c065e124723d" testId="881874b3-0abd-6b3c-2fcb-8b73c4fcc4ec" testName="Launcher.PlayerShellIntegration.LauncherThemeRuntimeTests.PerMonitorV2WindowProcessesRealDpiMessageAndHitTests(kind: Compact, dpi: 120)" computerName="DESKTOP-4J13TH0" duration="00:00:00.4239984" startTime="2026-08-11T15:56:22.5258471+08:00" endTime="2026-08-11T15:56:22.9496183+08:00" testType="13cdc9d9-ddb5-4fa4-a97d-d965ccfc6d4b" outcome="Passed" testListId="8c84fa94-04c1-424b-9868-57a2d4851a1d" relativeResultsDirectory="1d47153f-2da4-49a6-9a2d-c065e124723d" />
    <UnitTestResult executionId="aa2577f9-05fe-4531-a3ac-541a3de7f22e" testId="e3131172-2a93-08d6-bdd9-f9837a139bd1" testName="Launcher.PlayerShellIntegration.LauncherThemeRuntimeTests.SettingsPanelComesFromSharedCapabilityRegistry" computerName="DESKTOP-4J13TH0" duration="00:00:00.0142544" startTime="2026-08-11T15:56:24.9902546+08:00" endTime="2026-08-11T15:56:25.0042053+08:00" testType="13cdc9d9-ddb5-4fa4-a97d-d965ccfc6d4b" outcome="Passed" testListId="8c84fa94-04c1-424b-9868-57a2d4851a1d" relativeResultsDirectory="aa2577f9-05fe-4531-a3ac-541a3de7f22e" />
    <UnitTestResult executionId="d3a56768-1b1c-4155-b802-d5448d7840e8" testId="ef7670b7-d424-852a-3ae0-cc3c00fe2629" testName="Launcher.PlayerShellIntegration.LauncherThemeRuntimeTests.PerMonitorV2WindowProcessesRealDpiMessageAndHitTests(kind: Widescreen, dpi: 120)" computerName="DESKTOP-4J13TH0" duration="00:00:00.3088018" startTime="2026-08-11T15:56:23.3171989+08:00" endTime="2026-08-11T15:56:23.6257382+08:00" testType="13cdc9d9-ddb5-4fa4-a97d-d965ccfc6d4b" outcome="Passed" testListId="8c84fa94-04c1-424b-9868-57a2d4851a1d" relativeResultsDirectory="d3a56768-1b1c-4155-b802-d5448d7840e8" />
    <UnitTestResult executionId="da0faf1a-a15f-4d24-acd9-0f8cd31d5ed4" testId="1608c3c7-9377-0ab5-8ee2-4894e6819912" testName="Launcher.PlayerShellIntegration.LauncherThemeRuntimeTests.ThemeAssetsRejectJunctionEscape" computerName="DESKTOP-4J13TH0" duration="00:00:00.0649164" startTime="2026-08-11T15:56:27.9971464+08:00" endTime="2026-08-11T15:56:28.0619284+08:00" testType="13cdc9d9-ddb5-4fa4-a97d-d965ccfc6d4b" outcome="Passed" testListId="8c84fa94-04c1-424b-9868-57a2d4851a1d" relativeResultsDirectory="da0faf1a-a15f-4d24-acd9-0f8cd31d5ed4" />
    <UnitTestResult executionId="6cef7a61-e2c2-4f12-b6a2-b130ed894b3b" testId="07db7cbf-e632-7ae4-3a81-b052b9729eeb" testName="Launcher.PlayerShellIntegration.LauncherThemeRuntimeTests.MicroResponseCacheStoresOnlyBoundedRebuildableCacheData" computerName="DESKTOP-4J13TH0" duration="00:00:00.0132977" startTime="2026-08-11T15:56:28.0816116+08:00" endTime="2026-08-11T15:56:28.0945577+08:00" testType="13cdc9d9-ddb5-4fa4-a97d-d965ccfc6d4b" outcome="Passed" testListId="8c84fa94-04c1-424b-9868-57a2d4851a1d" relativeResultsDirectory="6cef7a61-e2c2-4f12-b6a2-b130ed894b3b" />
    <UnitTestResult executionId="85839e36-f100-4756-9b3c-990d016bb73b" testId="42f4f4be-4e4f-3d90-af36-c03fd5f03525" testName="Launcher.PlayerShellIntegration.LauncherThemeRuntimeTests.IniSanitizerRemovesLegacyMicroCode" computerName="DESKTOP-4J13TH0" duration="00:00:00.0137138" startTime="2026-08-11T15:56:28.0678893+08:00" endTime="2026-08-11T15:56:28.0811549+08:00" testType="13cdc9d9-ddb5-4fa4-a97d-d965ccfc6d4b" outcome="Passed" testListId="8c84fa94-04c1-424b-9868-57a2d4851a1d" relativeResultsDirectory="85839e36-f100-4756-9b3c-990d016bb73b" />
    <UnitTestResult executionId="1d405105-55fc-46a6-9a1d-8ad9ea65acf5" testId="b3f08652-2ddf-41b8-5473-31579228719f" testName="Launcher.PlayerShellIntegration.LauncherThemeRuntimeTests.PerMonitorV2WindowProcessesRealDpiMessageAndHitTests(kind: Widescreen, dpi: 144)" computerName="DESKTOP-4J13TH0" duration="00:00:00.2327442" startTime="2026-08-11T15:56:21.9543016+08:00" endTime="2026-08-11T15:56:22.1867943+08:00" testType="13cdc9d9-ddb5-4fa4-a97d-d965ccfc6d4b" outcome="Passed" testListId="8c84fa94-04c1-424b-9868-57a2d4851a1d" relativeResultsDirectory="1d405105-55fc-46a6-9a1d-8ad9ea65acf5" />
    <UnitTestResult executionId="28475875-bcae-4977-9a09-e0a2ad170738" testId="ca740aa1-2514-73a3-975e-b949942bfae1" testName="Launcher.PlayerShellIntegration.LauncherThemeRuntimeTests.ThreeTemplatesAndGmFixedModesValidate(template: Widescreen, mode: Sidebar)" computerName="DESKTOP-4J13TH0" duration="00:00:00.0003346" startTime="2026-08-11T15:56:18.7536386+08:00" endTime="2026-08-11T15:56:18.7537457+08:00" testType="13cdc9d9-ddb5-4fa4-a97d-d965ccfc6d4b" outcome="Passed" testListId="8c84fa94-04c1-424b-9868-57a2d4851a1d" relativeResultsDirectory="28475875-bcae-4977-9a09-e0a2ad170738" />
    <UnitTestResult executionId="e4d359d3-3fdd-4ef9-9e1d-6ba9b226cd4c" testId="2550ab09-891d-d18c-c439-6b88906b20e4" testName="Launcher.PlayerShellIntegration.LauncherThemeRuntimeTests.ClientLocatorReturnsUniqueCandidatesWithoutFollowingReparsePoints" computerName="DESKTOP-4J13TH0" duration="00:00:00.0099683" startTime="2026-08-11T15:56:27.9179753+08:00" endTime="2026-08-11T15:56:27.9273127+08:00" testType="13cdc9d9-ddb5-4fa4-a97d-d965ccfc6d4b" outcome="Passed" testListId="8c84fa94-04c1-424b-9868-57a2d4851a1d" relativeResultsDirectory="e4d359d3-3fdd-4ef9-9e1d-6ba9b226cd4c" />
    <UnitTestResult executionId="a00b2cab-366d-4894-b1ed-5059b577fe01" testId="d31b3dbf-3b3d-d420-9eec-972f02b95135" testName="Launcher.PlayerShellIntegration.LauncherThemeRuntimeTests.ThreeTemplatesAndGmFixedModesValidate(template: Classic, mode: Dropdown)" computerName="DESKTOP-4J13TH0" duration="00:00:00.0003395" startTime="2026-08-11T15:56:18.7527902+08:00" endTime="2026-08-11T15:56:18.7530000+08:00" testType="13cdc9d9-ddb5-4fa4-a97d-d965ccfc6d4b" outcome="Passed" testListId="8c84fa94-04c1-424b-9868-57a2d4851a1d" relativeResultsDirectory="a00b2cab-366d-4894-b1ed-5059b577fe01" />
    <UnitTestResult executionId="8e9b3cb1-c795-4136-9a38-83ec0ce10aa2" testId="bf0cb94c-9303-0e34-1dc1-1b500864e204" testName="Launcher.PlayerShellIntegration.Windows.PlayerPayloadPackageTests.超过八十MiB时拒绝生成且不遗留正式入口" computerName="DESKTOP-4J13TH0" duration="00:00:01.0263625" startTime="2026-08-11T15:56:18.6804869+08:00" endTime="2026-08-11T15:56:19.7066511+08:00" testType="13cdc9d9-ddb5-4fa4-a97d-d965ccfc6d4b" outcome="Passed" testListId="8c84fa94-04c1-424b-9868-57a2d4851a1d" relativeResultsDirectory="8e9b3cb1-c795-4136-9a38-83ec0ce10aa2" />
    <UnitTestResult executionId="aa09d32d-3fb9-450a-89e7-a9e259d8e75b" testId="c9e0aeaf-e00c-4eb1-201f-94b7d5ff2939" testName="Launcher.PlayerShellIntegration.Windows.PlayerReplacementCoordinatorTests.旧版路径缺失但恢复点完整时会继续完成新版切换" computerName="DESKTOP-4J13TH0" duration="00:00:00.0945460" startTime="2026-08-11T15:56:18.7547659+08:00" endTime="2026-08-11T15:56:18.8094996+08:00" testType="13cdc9d9-ddb5-4fa4-a97d-d965ccfc6d4b" outcome="Passed" testListId="8c84fa94-04c1-424b-9868-57a2d4851a1d" relativeResultsDirectory="aa09d32d-3fb9-450a-89e7-a9e259d8e75b" />
    <UnitTestResult executionId="cf73b924-7fb3-469b-897c-125e27f25db5" testId="8b784c4d-9504-d52a-9405-9f98a5afa40d" testName="Launcher.PlayerShellIntegration.LauncherEditorTests.OfflineProjectCanBeCreatedSavedLoadedAndRendered" computerName="DESKTOP-4J13TH0" duration="00:00:00.0975655" startTime="2026-08-11T15:56:30.3621491+08:00" endTime="2026-08-11T15:56:30.4596539+08:00" testType="13cdc9d9-ddb5-4fa4-a97d-d965ccfc6d4b" outcome="Passed" testListId="8c84fa94-04c1-424b-9868-57a2d4851a1d" relativeResultsDirectory="cf73b924-7fb3-469b-897c-125e27f25db5" />
  </Results>
  <TestDefinitions>
    <UnitTest name="Launcher.PlayerShellIntegration.Windows.PlayerPayloadPackageTests.已解包载荷被修改后必须拒绝复用" storage="d:\chuanqi\kmyq\lyocrystal-main\windowsintegration\launcher.playershellintegration\bin\release\net10.0-windows\launcher.playershellintegration.windows.dll" id="22f6eb1e-e32f-75b3-8b11-972c8b730249">
      <Execution id="01de6caf-7e52-453d-8efc-f32e8861d97a" />
      <TestMethod codeBase="D:\ChuanQi\Kmyq\LyoCrystal-main\WindowsIntegration\Launcher.PlayerShellIntegration\bin\Release\net10.0-windows\Launcher.PlayerShellIntegration.Windows.dll" adapterTypeName="executor://xunit/VsTestRunner3/netcore/" className="Launcher.PlayerShellIntegration.Windows.PlayerPayloadPackageTests" name="已解包载荷被修改后必须拒绝复用" />
    </UnitTest>
    <UnitTest name="Launcher.PlayerShellIntegration.LauncherEditorTests.ProjectSynchronizesOneMicroUserAcrossPlayerAndGateway" storage="d:\chuanqi\kmyq\lyocrystal-main\windowsintegration\launcher.playershellintegration\bin\release\net10.0-windows\launcher.playershellintegration.windows.dll" id="4f95ffae-c604-f673-08f8-8d70e27551e2">
      <Execution id="143e25a1-314c-4f7b-b473-cb2a15916a5f" />
      <TestMethod codeBase="D:\ChuanQi\Kmyq\LyoCrystal-main\WindowsIntegration\Launcher.PlayerShellIntegration\bin\Release\net10.0-windows\Launcher.PlayerShellIntegration.Windows.dll" adapterTypeName="executor://xunit/VsTestRunner3/netcore/" className="Launcher.PlayerShellIntegration.LauncherEditorTests" name="ProjectSynchronizesOneMicroUserAcrossPlayerAndGateway" />
    </UnitTest>
    <UnitTest name="Launcher.PlayerShellIntegration.LauncherThemeRuntimeTests.LoadFallsBackAcrossThreeCompleteLayers" storage="d:\chuanqi\kmyq\lyocrystal-main\windowsintegration\launcher.playershellintegration\bin\release\net10.0-windows\launcher.playershellintegration.windows.dll" id="79b21954-c1bd-0970-46db-a460838b9e48">
      <Execution id="73c313e5-7883-4d94-a9fa-f50da5757ad2" />
      <TestMethod codeBase="D:\ChuanQi\Kmyq\LyoCrystal-main\WindowsIntegration\Launcher.PlayerShellIntegration\bin\Release\net10.0-windows\Launcher.PlayerShellIntegration.Windows.dll" adapterTypeName="executor://xunit/VsTestRunner3/netcore/" className="Launcher.PlayerShellIntegration.LauncherThemeRuntimeTests" name="LoadFallsBackAcrossThreeCompleteLayers" />
    </UnitTest>
    <UnitTest name="Launcher.PlayerShellIntegration.LauncherThemeRuntimeTests.ClientLocatorReturnsUniqueCandidatesWithoutFollowingReparsePoints" storage="d:\chuanqi\kmyq\lyocrystal-main\windowsintegration\launcher.playershellintegration\bin\release\net10.0-windows\launcher.playershellintegration.windows.dll" id="2550ab09-891d-d18c-c439-6b88906b20e4">
      <Execution id="e4d359d3-3fdd-4ef9-9e1d-6ba9b226cd4c" />
      <TestMethod codeBase="D:\ChuanQi\Kmyq\LyoCrystal-main\WindowsIntegration\Launcher.PlayerShellIntegration\bin\Release\net10.0-windows\Launcher.PlayerShellIntegration.Windows.dll" adapterTypeName="executor://xunit/VsTestRunner3/netcore/" className="Launcher.PlayerShellIntegration.LauncherThemeRuntimeTests" name="ClientLocatorReturnsUniqueCandidatesWithoutFollowingReparsePoints" />
    </UnitTest>
    <UnitTest name="Launcher.PlayerShellIntegration.LauncherThemeRuntimeTests.ProgressReportsTwoLevelsSpeedAndRemainingCapacity" storage="d:\chuanqi\kmyq\lyocrystal-main\windowsintegration\launcher.playershellintegration\bin\release\net10.0-windows\launcher.playershellintegration.windows.dll" id="9f879fdd-e05c-6c19-eac4-adb36ae1f60f">
      <Execution id="62e29f58-43c8-43cd-b1f6-a51d7ac073dd" />
      <TestMethod codeBase="D:\ChuanQi\Kmyq\LyoCrystal-main\WindowsIntegration\Launcher.PlayerShellIntegration\bin\Release\net10.0-windows\Launcher.PlayerShellIntegration.Windows.dll" adapterTypeName="executor://xunit/VsTestRunner3/netcore/" className="Launcher.PlayerShellIntegration.LauncherThemeRuntimeTests" name="ProgressReportsTwoLevelsSpeedAndRemainingCapacity" />
    </UnitTest>
    <UnitTest name="Launcher.PlayerShellIntegration.LauncherThemeRuntimeTests.PerMonitorV2WindowProcessesRealDpiMessageAndHitTests(kind: Compact, dpi: 144)" storage="d:\chuanqi\kmyq\lyocrystal-main\windowsintegration\launcher.playershellintegration\bin\release\net10.0-windows\launcher.playershellintegration.windows.dll" id="0d831441-3126-4d1f-fd8c-6b23d1dcaf13">
      <Execution id="af5e9370-d16b-405b-8b4e-4e15e798acbb" />
      <TestMethod codeBase="D:\ChuanQi\Kmyq\LyoCrystal-main\WindowsIntegration\Launcher.PlayerShellIntegration\bin\Release\net10.0-windows\Launcher.PlayerShellIntegration.Windows.dll" adapterTypeName="executor://xunit/VsTestRunner3/netcore/" className="Launcher.PlayerShellIntegration.LauncherThemeRuntimeTests" name="PerMonitorV2WindowProcessesRealDpiMessageAndHitTests" />
    </UnitTest>
    <UnitTest name="Launcher.PlayerShellIntegration.LauncherEditorTests.GatewayPackageContainsRunnableTemplateAndNonSecretProjectConfig" storage="d:\chuanqi\kmyq\lyocrystal-main\windowsintegration\launcher.playershellintegration\bin\release\net10.0-windows\launcher.playershellintegration.windows.dll" id="c7237983-3490-bcb1-8e31-3759119932ae">
      <Execution id="61e61f81-b79c-495a-aef5-e3eb735bdbd9" />
      <TestMethod codeBase="D:\ChuanQi\Kmyq\LyoCrystal-main\WindowsIntegration\Launcher.PlayerShellIntegration\bin\Release\net10.0-windows\Launcher.PlayerShellIntegration.Windows.dll" adapterTypeName="executor://xunit/VsTestRunner3/netcore/" className="Launcher.PlayerShellIntegration.LauncherEditorTests" name="GatewayPackageContainsRunnableTemplateAndNonSecretProjectConfig" />
    </UnitTest>
    <UnitTest name="Launcher.PlayerShellIntegration.LauncherEditorTests.ServerMicroOverrideRequiresSharedCredentialEvenWhenDefaultIsDisabled" storage="d:\chuanqi\kmyq\lyocrystal-main\windowsintegration\launcher.playershellintegration\bin\release\net10.0-windows\launcher.playershellintegration.windows.dll" id="5d544517-080d-2fbd-a487-778847a97d60">
      <Execution id="0c34ad3e-6c7f-43f2-9c10-1466a64c9e83" />
      <TestMethod codeBase="D:\ChuanQi\Kmyq\LyoCrystal-main\WindowsIntegration\Launcher.PlayerShellIntegration\bin\Release\net10.0-windows\Launcher.PlayerShellIntegration.Windows.dll" adapterTypeName="executor://xunit/VsTestRunner3/netcore/" className="Launcher.PlayerShellIntegration.LauncherEditorTests" name="ServerMicroOverrideRequiresSharedCredentialEvenWhenDefaultIsDisabled" />
    </UnitTest>
    <UnitTest name="Launcher.PlayerShellIntegration.LauncherThemeRuntimeTests.ThreeTemplatesAndGmFixedModesValidate(template: Widescreen, mode: Sidebar)" storage="d:\chuanqi\kmyq\lyocrystal-main\windowsintegration\launcher.playershellintegration\bin\release\net10.0-windows\launcher.playershellintegration.windows.dll" id="ca740aa1-2514-73a3-975e-b949942bfae1">
      <Execution id="28475875-bcae-4977-9a09-e0a2ad170738" />
      <TestMethod codeBase="D:\ChuanQi\Kmyq\LyoCrystal-main\WindowsIntegration\Launcher.PlayerShellIntegration\bin\Release\net10.0-windows\Launcher.PlayerShellIntegration.Windows.dll" adapterTypeName="executor://xunit/VsTestRunner3/netcore/" className="Launcher.PlayerShellIntegration.LauncherThemeRuntimeTests" name="ThreeTemplatesAndGmFixedModesValidate" />
    </UnitTest>
    <UnitTest name="Launcher.PlayerShellIntegration.LauncherEditorTests.AllSevenGmOperatingStatusesAreAvailable" storage="d:\chuanqi\kmyq\lyocrystal-main\windowsintegration\launcher.playershellintegration\bin\release\net10.0-windows\launcher.playershellintegration.windows.dll" id="c5ad8fd6-98fe-8a1b-24ff-42cc3b58973c">
      <Execution id="cca2e367-f9ad-4088-a179-bbb8ee16b787" />
      <TestMethod codeBase="D:\ChuanQi\Kmyq\LyoCrystal-main\WindowsIntegration\Launcher.PlayerShellIntegration\bin\Release\net10.0-windows\Launcher.PlayerShellIntegration.Windows.dll" adapterTypeName="executor://xunit/VsTestRunner3/netcore/" className="Launcher.PlayerShellIntegration.LauncherEditorTests" name="AllSevenGmOperatingStatusesAreAvailable" />
    </UnitTest>
    <UnitTest name="Launcher.PlayerShellIntegration.LauncherEditorTests.TamperedKeyIdCannotEscapeProjectSecretsDirectory" storage="d:\chuanqi\kmyq\lyocrystal-main\windowsintegration\launcher.playershellintegration\bin\release\net10.0-windows\launcher.playershellintegration.windows.dll" id="2d20b936-d5a6-9fbc-0fa3-7b38369472b9">
      <Execution id="103f0f95-6678-4414-94dc-c6a5c0def92b" />
      <TestMethod codeBase="D:\ChuanQi\Kmyq\LyoCrystal-main\WindowsIntegration\Launcher.PlayerShellIntegration\bin\Release\net10.0-windows\Launcher.PlayerShellIntegration.Windows.dll" adapterTypeName="executor://xunit/VsTestRunner3/netcore/" className="Launcher.PlayerShellIntegration.LauncherEditorTests" name="TamperedKeyIdCannotEscapeProjectSecretsDirectory" />
    </UnitTest>
    <UnitTest name="Launcher.PlayerShellIntegration.LauncherThemeRuntimeTests.SnapshotRejectsCodeAndUnsafeAssetsBySchema" storage="d:\chuanqi\kmyq\lyocrystal-main\windowsintegration\launcher.playershellintegration\bin\release\net10.0-windows\launcher.playershellintegration.windows.dll" id="9f41f2a3-5ae3-3480-e899-4304850ebe6e">
      <Execution id="3e2eaf78-7b43-4dcb-91f3-120aa1663581" />
      <TestMethod codeBase="D:\ChuanQi\Kmyq\LyoCrystal-main\WindowsIntegration\Launcher.PlayerShellIntegration\bin\Release\net10.0-windows\Launcher.PlayerShellIntegration.Windows.dll" adapterTypeName="executor://xunit/VsTestRunner3/netcore/" className="Launcher.PlayerShellIntegration.LauncherThemeRuntimeTests" name="SnapshotRejectsCodeAndUnsafeAssetsBySchema" />
    </UnitTest>
    <UnitTest name="Launcher.PlayerShellIntegration.LauncherEditorTests.ImmutablePublishRecoversSequenceAndRollbackCreatesHigherSignedVersion" storage="d:\chuanqi\kmyq\lyocrystal-main\windowsintegration\launcher.playershellintegration\bin\release\net10.0-windows\launcher.playershellintegration.windows.dll" id="28f5a5d5-9cdb-69e3-4871-4cf49a9b10c6">
      <Execution id="ab640a94-b1ce-4638-9fa5-d46aedc86df7" />
      <TestMethod codeBase="D:\ChuanQi\Kmyq\LyoCrystal-main\WindowsIntegration\Launcher.PlayerShellIntegration\bin\Release\net10.0-windows\Launcher.PlayerShellIntegration.Windows.dll" adapterTypeName="executor://xunit/VsTestRunner3/netcore/" className="Launcher.PlayerShellIntegration.LauncherEditorTests" name="ImmutablePublishRecoversSequenceAndRollbackCreatesHigherSignedVersion" />
    </UnitTest>
    <UnitTest name="Launcher.PlayerShellIntegration.LauncherThemeRuntimeTests.PerMonitorV2WindowProcessesRealDpiMessageAndHitTests(kind: Widescreen, dpi: 120)" storage="d:\chuanqi\kmyq\lyocrystal-main\windowsintegration\launcher.playershellintegration\bin\release\net10.0-windows\launcher.playershellintegration.windows.dll" id="ef7670b7-d424-852a-3ae0-cc3c00fe2629">
      <Execution id="d3a56768-1b1c-4155-b802-d5448d7840e8" />
      <TestMethod codeBase="D:\ChuanQi\Kmyq\LyoCrystal-main\WindowsIntegration\Launcher.PlayerShellIntegration\bin\Release\net10.0-windows\Launcher.PlayerShellIntegration.Windows.dll" adapterTypeName="executor://xunit/VsTestRunner3/netcore/" className="Launcher.PlayerShellIntegration.LauncherThemeRuntimeTests" name="PerMonitorV2WindowProcessesRealDpiMessageAndHitTests" />
    </UnitTest>
    <UnitTest name="Launcher.PlayerShellIntegration.LauncherThemeRuntimeTests.PerMonitorV2WindowProcessesRealDpiMessageAndHitTests(kind: Classic, dpi: 96)" storage="d:\chuanqi\kmyq\lyocrystal-main\windowsintegration\launcher.playershellintegration\bin\release\net10.0-windows\launcher.playershellintegration.windows.dll" id="12d0a768-103f-a6a2-ace6-4d22f6831d52">
      <Execution id="4fafcda0-ea92-4797-8afe-df6219a06c44" />
      <TestMethod codeBase="D:\ChuanQi\Kmyq\LyoCrystal-main\WindowsIntegration\Launcher.PlayerShellIntegration\bin\Release\net10.0-windows\Launcher.PlayerShellIntegration.Windows.dll" adapterTypeName="executor://xunit/VsTestRunner3/netcore/" className="Launcher.PlayerShellIntegration.LauncherThemeRuntimeTests" name="PerMonitorV2WindowProcessesRealDpiMessageAndHitTests" />
    </UnitTest>
    <UnitTest name="Launcher.PlayerShellIntegration.LauncherEditorTests.SignedReleaseLoadsFromRealStaticHttpAndMicroLauncherEndpoint" storage="d:\chuanqi\kmyq\lyocrystal-main\windowsintegration\launcher.playershellintegration\bin\release\net10.0-windows\launcher.playershellintegration.windows.dll" id="3c6090f8-89a4-da30-8d36-e9270831684a">
      <Execution id="b9079c9f-f7f8-4ec7-a4a1-3033f0eb84a7" />
      <TestMethod codeBase="D:\ChuanQi\Kmyq\LyoCrystal-main\WindowsIntegration\Launcher.PlayerShellIntegration\bin\Release\net10.0-windows\Launcher.PlayerShellIntegration.Windows.dll" adapterTypeName="executor://xunit/VsTestRunner3/netcore/" className="Launcher.PlayerShellIntegration.LauncherEditorTests" name="SignedReleaseLoadsFromRealStaticHttpAndMicroLauncherEndpoint" />
    </UnitTest>
    <UnitTest name="Launcher.PlayerShellIntegration.LauncherThemeRuntimeTests.MicroResponseCacheRejectsParentJunctionEscape" storage="d:\chuanqi\kmyq\lyocrystal-main\windowsintegration\launcher.playershellintegration\bin\release\net10.0-windows\launcher.playershellintegration.windows.dll" id="e1389e16-e515-146c-657d-29327f416878">
      <Execution id="e040edd8-a169-454d-98f2-19e632397977" />
      <TestMethod codeBase="D:\ChuanQi\Kmyq\LyoCrystal-main\WindowsIntegration\Launcher.PlayerShellIntegration\bin\Release\net10.0-windows\Launcher.PlayerShellIntegration.Windows.dll" adapterTypeName="executor://xunit/VsTestRunner3/netcore/" className="Launcher.PlayerShellIntegration.LauncherThemeRuntimeTests" name="MicroResponseCacheRejectsParentJunctionEscape" />
    </UnitTest>
    <UnitTest name="Launcher.PlayerShellIntegration.LauncherThemeRuntimeTests.SessionFailoverRequiresThreeConsecutiveFailures" storage="d:\chuanqi\kmyq\lyocrystal-main\windowsintegration\launcher.playershellintegration\bin\release\net10.0-windows\launcher.playershellintegration.windows.dll" id="2d7e924e-c04a-d591-32a6-8e97999ef034">
      <Execution id="a83f7e96-ac4e-4e5a-838e-d06cdb493c0e" />
      <TestMethod codeBase="D:\ChuanQi\Kmyq\LyoCrystal-main\WindowsIntegration\Launcher.PlayerShellIntegration\bin\Release\net10.0-windows\Launcher.PlayerShellIntegration.Windows.dll" adapterTypeName="executor://xunit/VsTestRunner3/netcore/" className="Launcher.PlayerShellIntegration.LauncherThemeRuntimeTests" name="SessionFailoverRequiresThreeConsecutiveFailures" />
    </UnitTest>
    <UnitTest name="Launcher.PlayerShellIntegration.LauncherEditorTests.ClientImportIsReadOnlyMapsRemoteListAndOmitsSecrets" storage="d:\chuanqi\kmyq\lyocrystal-main\windowsintegration\launcher.playershellintegration\bin\release\net10.0-windows\launcher.playershellintegration.windows.dll" id="f4d2b5d6-c720-794e-13b0-ed91742df9cc">
      <Execution id="74daf6d8-6bf8-4316-b686-7ade35eddfd0" />
      <TestMethod codeBase="D:\ChuanQi\Kmyq\LyoCrystal-main\WindowsIntegration\Launcher.PlayerShellIntegration\bin\Release\net10.0-windows\Launcher.PlayerShellIntegration.Windows.dll" adapterTypeName="executor://xunit/VsTestRunner3/netcore/" className="Launcher.PlayerShellIntegration.LauncherEditorTests" name="ClientImportIsReadOnlyMapsRemoteListAndOmitsSecrets" />
    </UnitTest>
    <UnitTest name="Launcher.PlayerShellIntegration.LauncherThemeRuntimeTests.SignedPlayerEntryUpdateStagesSameDirectoryAndBindsReplacementJournal" storage="d:\chuanqi\kmyq\lyocrystal-main\windowsintegration\launcher.playershellintegration\bin\release\net10.0-windows\launcher.playershellintegration.windows.dll" id="79859e81-5b96-859a-aa53-70a9905c980b">
      <Execution id="4d90dbb5-34b2-479a-8072-a6cd4442bb4c" />
      <TestMethod codeBase="D:\ChuanQi\Kmyq\LyoCrystal-main\WindowsIntegration\Launcher.PlayerShellIntegration\bin\Release\net10.0-windows\Launcher.PlayerShellIntegration.Windows.dll" adapterTypeName="executor://xunit/VsTestRunner3/netcore/" className="Launcher.PlayerShellIntegration.LauncherThemeRuntimeTests" name="SignedPlayerEntryUpdateStagesSameDirectoryAndBindsReplacementJournal" />
    </UnitTest>
    <UnitTest name="Launcher.PlayerShellIntegration.LauncherThemeRuntimeTests.MicroResponseCacheStoresOnlyBoundedRebuildableCacheData" storage="d:\chuanqi\kmyq\lyocrystal-main\windowsintegration\launcher.playershellintegration\bin\release\net10.0-windows\launcher.playershellintegration.windows.dll" id="07db7cbf-e632-7ae4-3a81-b052b9729eeb">
      <Execution id="6cef7a61-e2c2-4f12-b6a2-b130ed894b3b" />
      <TestMethod codeBase="D:\ChuanQi\Kmyq\LyoCrystal-main\WindowsIntegration\Launcher.PlayerShellIntegration\bin\Release\net10.0-windows\Launcher.PlayerShellIntegration.Windows.dll" adapterTypeName="executor://xunit/VsTestRunner3/netcore/" className="Launcher.PlayerShellIntegration.LauncherThemeRuntimeTests" name="MicroResponseCacheStoresOnlyBoundedRebuildableCacheData" />
    </UnitTest>
    <UnitTest name="Launcher.PlayerShellIntegration.LauncherEditorTests.NewProjectsGenerateDifferentMicroUsers" storage="d:\chuanqi\kmyq\lyocrystal-main\windowsintegration\launcher.playershellintegration\bin\release\net10.0-windows\launcher.playershellintegration.windows.dll" id="cdb20253-b2f9-1a5f-d0ac-5dbb781170ef">
      <Execution id="562f7c83-8a57-4718-8b34-00696fa25bc7" />
      <TestMethod codeBase="D:\ChuanQi\Kmyq\LyoCrystal-main\WindowsIntegration\Launcher.PlayerShellIntegration\bin\Release\net10.0-windows\Launcher.PlayerShellIntegration.Windows.dll" adapterTypeName="executor://xunit/VsTestRunner3/netcore/" className="Launcher.PlayerShellIntegration.LauncherEditorTests" name="NewProjectsGenerateDifferentMicroUsers" />
    </UnitTest>
    <UnitTest name="Launcher.PlayerShellIntegration.LauncherThemeRuntimeTests.UnmarkedLegacyClientIsRejectedWithoutModification" storage="d:\chuanqi\kmyq\lyocrystal-main\windowsintegration\launcher.playershellintegration\bin\release\net10.0-windows\launcher.playershellintegration.windows.dll" id="ee464502-24a9-f32e-0e31-43c764f9c0c3">
      <Execution id="fe1083d4-d9d6-4fa4-8a9f-4014a50cdb18" />
      <TestMethod codeBase="D:\ChuanQi\Kmyq\LyoCrystal-main\WindowsIntegration\Launcher.PlayerShellIntegration\bin\Release\net10.0-windows\Launcher.PlayerShellIntegration.Windows.dll" adapterTypeName="executor://xunit/VsTestRunner3/netcore/" className="Launcher.PlayerShellIntegration.LauncherThemeRuntimeTests" name="UnmarkedLegacyClientIsRejectedWithoutModification" />
    </UnitTest>
    <UnitTest name="Launcher.PlayerShellIntegration.LauncherEditorTests.ProjectKeysAreUniqueRecoverableAndNeverStoredInProjectJson" storage="d:\chuanqi\kmyq\lyocrystal-main\windowsintegration\launcher.playershellintegration\bin\release\net10.0-windows\launcher.playershellintegration.windows.dll" id="23ac2183-6975-1826-e351-0fbf22b88404">
      <Execution id="3e0fd2d4-a6be-42a7-b061-fa182b22986e" />
      <TestMethod codeBase="D:\ChuanQi\Kmyq\LyoCrystal-main\WindowsIntegration\Launcher.PlayerShellIntegration\bin\Release\net10.0-windows\Launcher.PlayerShellIntegration.Windows.dll" adapterTypeName="executor://xunit/VsTestRunner3/netcore/" className="Launcher.PlayerShellIntegration.LauncherEditorTests" name="ProjectKeysAreUniqueRecoverableAndNeverStoredInProjectJson" />
    </UnitTest>
    <UnitTest name="Launcher.PlayerShellIntegration.LauncherThemeRuntimeTests.ProgressChannelPublishesRealTwoLevelStateAtomically" storage="d:\chuanqi\kmyq\lyocrystal-main\windowsintegration\launcher.playershellintegration\bin\release\net10.0-windows\launcher.playershellintegration.windows.dll" id="90733bd4-994f-6caa-ce01-241b10b51127">
      <Execution id="8e033b40-8035-4dc5-9db0-888e54cdfa0a" />
      <TestMethod codeBase="D:\ChuanQi\Kmyq\LyoCrystal-main\WindowsIntegration\Launcher.PlayerShellIntegration\bin\Release\net10.0-windows\Launcher.PlayerShellIntegration.Windows.dll" adapterTypeName="executor://xunit/VsTestRunner3/netcore/" className="Launcher.PlayerShellIntegration.LauncherThemeRuntimeTests" name="ProgressChannelPublishesRealTwoLevelStateAtomically" />
    </UnitTest>
    <UnitTest name="Launcher.PlayerShellIntegration.LauncherThemeRuntimeTests.DisplayModesAreIntersectionWithFixedEngineCapabilities" storage="d:\chuanqi\kmyq\lyocrystal-main\windowsintegration\launcher.playershellintegration\bin\release\net10.0-windows\launcher.playershellintegration.windows.dll" id="1c7088a1-fa97-2183-1a56-9ce0622baadc">
      <Execution id="0161c044-4b1a-4ac7-81db-4b231527b3ac" />
      <TestMethod codeBase="D:\ChuanQi\Kmyq\LyoCrystal-main\WindowsIntegration\Launcher.PlayerShellIntegration\bin\Release\net10.0-windows\Launcher.PlayerShellIntegration.Windows.dll" adapterTypeName="executor://xunit/VsTestRunner3/netcore/" className="Launcher.PlayerShellIntegration.LauncherThemeRuntimeTests" name="DisplayModesAreIntersectionWithFixedEngineCapabilities" />
    </UnitTest>
    <UnitTest name="Launcher.PlayerShellIntegration.Windows.NativeExecutableBrandingTests.Windows可以读取生成后玩家入口的品牌与版本资源" storage="d:\chuanqi\kmyq\lyocrystal-main\windowsintegration\launcher.playershellintegration\bin\release\net10.0-windows\launcher.playershellintegration.windows.dll" id="13305e02-d2c1-c7f8-6da4-d4c0fe2af552">
      <Execution id="0857ebfc-20e7-495c-96d6-2da9a34368eb" />
      <TestMethod codeBase="D:\ChuanQi\Kmyq\LyoCrystal-main\WindowsIntegration\Launcher.PlayerShellIntegration\bin\Release\net10.0-windows\Launcher.PlayerShellIntegration.Windows.dll" adapterTypeName="executor://xunit/VsTestRunner3/netcore/" className="Launcher.PlayerShellIntegration.Windows.NativeExecutableBrandingTests" name="Windows可以读取生成后玩家入口的品牌与版本资源" />
    </UnitTest>
    <UnitTest name="Launcher.PlayerShellIntegration.LauncherEditorTests.SignedSnapshotChainCarriesTrustAcrossTwoKeyRotations" storage="d:\chuanqi\kmyq\lyocrystal-main\windowsintegration\launcher.playershellintegration\bin\release\net10.0-windows\launcher.playershellintegration.windows.dll" id="ac27ac78-c17a-9878-9543-c3dcbd3bb00a">
      <Execution id="58b5d643-fbce-48a5-8a4d-d40775d39f92" />
      <TestMethod codeBase="D:\ChuanQi\Kmyq\LyoCrystal-main\WindowsIntegration\Launcher.PlayerShellIntegration\bin\Release\net10.0-windows\Launcher.PlayerShellIntegration.Windows.dll" adapterTypeName="executor://xunit/VsTestRunner3/netcore/" className="Launcher.PlayerShellIntegration.LauncherEditorTests" name="SignedSnapshotChainCarriesTrustAcrossTwoKeyRotations" />
    </UnitTest>
    <UnitTest name="Launcher.PlayerShellIntegration.LauncherThemeRuntimeTests.CredentialEnvelopeIsProjectBoundAndNotPlaintext" storage="d:\chuanqi\kmyq\lyocrystal-main\windowsintegration\launcher.playershellintegration\bin\release\net10.0-windows\launcher.playershellintegration.windows.dll" id="c5d07c57-ad53-498d-24e1-fba89a5c973d">
      <Execution id="f369f23c-eccf-41b9-bd11-981c51c3437c" />
      <TestMethod codeBase="D:\ChuanQi\Kmyq\LyoCrystal-main\WindowsIntegration\Launcher.PlayerShellIntegration\bin\Release\net10.0-windows\Launcher.PlayerShellIntegration.Windows.dll" adapterTypeName="executor://xunit/VsTestRunner3/netcore/" className="Launcher.PlayerShellIntegration.LauncherThemeRuntimeTests" name="CredentialEnvelopeIsProjectBoundAndNotPlaintext" />
    </UnitTest>
    <UnitTest name="Launcher.PlayerShellIntegration.Windows.PlayerReplacementCoordinatorTests.旧版路径缺失但恢复点完整时会继续完成新版切换" storage="d:\chuanqi\kmyq\lyocrystal-main\windowsintegration\launcher.playershellintegration\bin\release\net10.0-windows\launcher.playershellintegration.windows.dll" id="c9e0aeaf-e00c-4eb1-201f-94b7d5ff2939">
      <Execution id="aa09d32d-3fb9-450a-89e7-a9e259d8e75b" />
      <TestMethod codeBase="D:\ChuanQi\Kmyq\LyoCrystal-main\WindowsIntegration\Launcher.PlayerShellIntegration\bin\Release\net10.0-windows\Launcher.PlayerShellIntegration.Windows.dll" adapterTypeName="executor://xunit/VsTestRunner3/netcore/" className="Launcher.PlayerShellIntegration.Windows.PlayerReplacementCoordinatorTests" name="旧版路径缺失但恢复点完整时会继续完成新版切换" />
    </UnitTest>
    <UnitTest name="Launcher.PlayerShellIntegration.LauncherThemeRuntimeTests.AllTemplatesRenderAtFourDpiScalesWithoutOverflowException" storage="d:\chuanqi\kmyq\lyocrystal-main\windowsintegration\launcher.playershellintegration\bin\release\net10.0-windows\launcher.playershellintegration.windows.dll" id="06d63066-9ec2-857e-6c9c-5f96d7c4fe99">
      <Execution id="69ded1ae-60c8-4326-9e09-879523af29bb" />
      <TestMethod codeBase="D:\ChuanQi\Kmyq\LyoCrystal-main\WindowsIntegration\Launcher.PlayerShellIntegration\bin\Release\net10.0-windows\Launcher.PlayerShellIntegration.Windows.dll" adapterTypeName="executor://xunit/VsTestRunner3/netcore/" className="Launcher.PlayerShellIntegration.LauncherThemeRuntimeTests" name="AllTemplatesRenderAtFourDpiScalesWithoutOverflowException" />
    </UnitTest>
    <UnitTest name="Launcher.PlayerShellIntegration.LauncherThemeRuntimeTests.SessionFailoverOccursAtMostOnce" storage="d:\chuanqi\kmyq\lyocrystal-main\windowsintegration\launcher.playershellintegration\bin\release\net10.0-windows\launcher.playershellintegration.windows.dll" id="e235083a-70e1-7f6b-5338-4a48fc2d047d">
      <Execution id="41e926f3-ea8c-4f7f-a8be-d10683f246f6" />
      <TestMethod codeBase="D:\ChuanQi\Kmyq\LyoCrystal-main\WindowsIntegration\Launcher.PlayerShellIntegration\bin\Release\net10.0-windows\Launcher.PlayerShellIntegration.Windows.dll" adapterTypeName="executor://xunit/VsTestRunner3/netcore/" className="Launcher.PlayerShellIntegration.LauncherThemeRuntimeTests" name="SessionFailoverOccursAtMostOnce" />
    </UnitTest>
    <UnitTest name="Launcher.PlayerShellIntegration.LauncherEditorTests.BmpThemeAssetIsConvertedToPng" storage="d:\chuanqi\kmyq\lyocrystal-main\windowsintegration\launcher.playershellintegration\bin\release\net10.0-windows\launcher.playershellintegration.windows.dll" id="de705857-6209-c873-eb14-622493b31edb">
      <Execution id="6ade6eae-825d-44e3-ba63-9964f499f60a" />
      <TestMethod codeBase="D:\ChuanQi\Kmyq\LyoCrystal-main\WindowsIntegration\Launcher.PlayerShellIntegration\bin\Release\net10.0-windows\Launcher.PlayerShellIntegration.Windows.dll" adapterTypeName="executor://xunit/VsTestRunner3/netcore/" className="Launcher.PlayerShellIntegration.LauncherEditorTests" name="BmpThemeAssetIsConvertedToPng" />
    </UnitTest>
    <UnitTest name="Launcher.PlayerShellIntegration.LauncherThemeRuntimeTests.PerMonitorV2WindowProcessesRealDpiMessageAndHitTests(kind: Classic, dpi: 120)" storage="d:\chuanqi\kmyq\lyocrystal-main\windowsintegration\launcher.playershellintegration\bin\release\net10.0-windows\launcher.playershellintegration.windows.dll" id="52140599-6237-1247-3f29-194d5210779a">
      <Execution id="fe79b3e8-a411-4747-86be-40cf02ad979d" />
      <TestMethod codeBase="D:\ChuanQi\Kmyq\LyoCrystal-main\WindowsIntegration\Launcher.PlayerShellIntegration\bin\Release\net10.0-windows\Launcher.PlayerShellIntegration.Windows.dll" adapterTypeName="executor://xunit/VsTestRunner3/netcore/" className="Launcher.PlayerShellIntegration.LauncherThemeRuntimeTests" name="PerMonitorV2WindowProcessesRealDpiMessageAndHitTests" />
    </UnitTest>
    <UnitTest name="Launcher.PlayerShellIntegration.LauncherThemeRuntimeTests.ClientSelectionRequiresMatchingCapabilityMarker" storage="d:\chuanqi\kmyq\lyocrystal-main\windowsintegration\launcher.playershellintegration\bin\release\net10.0-windows\launcher.playershellintegration.windows.dll" id="be4d9e5d-5a51-7941-42e7-a26a6cab98da">
      <Execution id="53ea2aab-60f7-4523-8a5b-66813a598b03" />
      <TestMethod codeBase="D:\ChuanQi\Kmyq\LyoCrystal-main\WindowsIntegration\Launcher.PlayerShellIntegration\bin\Release\net10.0-windows\Launcher.PlayerShellIntegration.Windows.dll" adapterTypeName="executor://xunit/VsTestRunner3/netcore/" className="Launcher.PlayerShellIntegration.LauncherThemeRuntimeTests" name="ClientSelectionRequiresMatchingCapabilityMarker" />
    </UnitTest>
    <UnitTest name="Launcher.PlayerShellIntegration.LauncherThemeRuntimeTests.RunningGameSessionMarkerDefersPlayerEntryReplacement" storage="d:\chuanqi\kmyq\lyocrystal-main\windowsintegration\launcher.playershellintegration\bin\release\net10.0-windows\launcher.playershellintegration.windows.dll" id="e77a452e-dfd1-228a-85a3-89feeee0477f">
      <Execution id="d7c0926d-83c1-4392-bd7a-f218ad1b7f99" />
      <TestMethod codeBase="D:\ChuanQi\Kmyq\LyoCrystal-main\WindowsIntegration\Launcher.PlayerShellIntegration\bin\Release\net10.0-windows\Launcher.PlayerShellIntegration.Windows.dll" adapterTypeName="executor://xunit/VsTestRunner3/netcore/" className="Launcher.PlayerShellIntegration.LauncherThemeRuntimeTests" name="RunningGameSessionMarkerDefersPlayerEntryReplacement" />
    </UnitTest>
    <UnitTest name="Launcher.PlayerShellIntegration.LauncherThemeRuntimeTests.PerMonitorV2WindowProcessesRealDpiMessageAndHitTests(kind: Classic, dpi: 144)" storage="d:\chuanqi\kmyq\lyocrystal-main\windowsintegration\launcher.playershellintegration\bin\release\net10.0-windows\launcher.playershellintegration.windows.dll" id="6e3abb81-78b3-e3f6-3931-9e5a7edf4601">
      <Execution id="f1c83c1c-5993-41f4-8f07-bfaa69e90720" />
      <TestMethod codeBase="D:\ChuanQi\Kmyq\LyoCrystal-main\WindowsIntegration\Launcher.PlayerShellIntegration\bin\Release\net10.0-windows\Launcher.PlayerShellIntegration.Windows.dll" adapterTypeName="executor://xunit/VsTestRunner3/netcore/" className="Launcher.PlayerShellIntegration.LauncherThemeRuntimeTests" name="PerMonitorV2WindowProcessesRealDpiMessageAndHitTests" />
    </UnitTest>
    <UnitTest name="Launcher.PlayerShellIntegration.LauncherThemeRuntimeTests.PerMonitorV2WindowProcessesRealDpiMessageAndHitTests(kind: Widescreen, dpi: 144)" storage="d:\chuanqi\kmyq\lyocrystal-main\windowsintegration\launcher.playershellintegration\bin\release\net10.0-windows\launcher.playershellintegration.windows.dll" id="b3f08652-2ddf-41b8-5473-31579228719f">
      <Execution id="1d405105-55fc-46a6-9a1d-8ad9ea65acf5" />
      <TestMethod codeBase="D:\ChuanQi\Kmyq\LyoCrystal-main\WindowsIntegration\Launcher.PlayerShellIntegration\bin\Release\net10.0-windows\Launcher.PlayerShellIntegration.Windows.dll" adapterTypeName="executor://xunit/VsTestRunner3/netcore/" className="Launcher.PlayerShellIntegration.LauncherThemeRuntimeTests" name="PerMonitorV2WindowProcessesRealDpiMessageAndHitTests" />
    </UnitTest>
    <UnitTest name="Launcher.PlayerShellIntegration.LauncherThemeRuntimeTests.PerMonitorV2WindowProcessesRealDpiMessageAndHitTests(kind: Compact, dpi: 192)" storage="d:\chuanqi\kmyq\lyocrystal-main\windowsintegration\launcher.playershellintegration\bin\release\net10.0-windows\launcher.playershellintegration.windows.dll" id="6c4624c8-6608-8a4c-a599-5644de425ee8">
      <Execution id="255c2916-d392-4a35-a871-aa1326ee8803" />
      <TestMethod codeBase="D:\ChuanQi\Kmyq\LyoCrystal-main\WindowsIntegration\Launcher.PlayerShellIntegration\bin\Release\net10.0-windows\Launcher.PlayerShellIntegration.Windows.dll" adapterTypeName="executor://xunit/VsTestRunner3/netcore/" className="Launcher.PlayerShellIntegration.LauncherThemeRuntimeTests" name="PerMonitorV2WindowProcessesRealDpiMessageAndHitTests" />
    </UnitTest>
    <UnitTest name="Launcher.PlayerShellIntegration.LauncherEditorTests.ProjectCreationRejectsExistingJunctionBeforeWritingAssets" storage="d:\chuanqi\kmyq\lyocrystal-main\windowsintegration\launcher.playershellintegration\bin\release\net10.0-windows\launcher.playershellintegration.windows.dll" id="e1fb03fb-0dc3-48a5-f33d-ba35515fd73c">
      <Execution id="64d94546-0295-44f9-8fe6-d9fefb7cea32" />
      <TestMethod codeBase="D:\ChuanQi\Kmyq\LyoCrystal-main\WindowsIntegration\Launcher.PlayerShellIntegration\bin\Release\net10.0-windows\Launcher.PlayerShellIntegration.Windows.dll" adapterTypeName="executor://xunit/VsTestRunner3/netcore/" className="Launcher.PlayerShellIntegration.LauncherEditorTests" name="ProjectCreationRejectsExistingJunctionBeforeWritingAssets" />
    </UnitTest>
    <UnitTest name="Launcher.PlayerShellIntegration.LauncherThemeRuntimeTests.PlayerSettingsRoundTripEveryExposedCapability" storage="d:\chuanqi\kmyq\lyocrystal-main\windowsintegration\launcher.playershellintegration\bin\release\net10.0-windows\launcher.playershellintegration.windows.dll" id="121f7663-9474-90ca-3190-c3c22e94dcbc">
      <Execution id="46ce939d-4159-49b2-b0c0-b7fa56144cdd" />
      <TestMethod codeBase="D:\ChuanQi\Kmyq\LyoCrystal-main\WindowsIntegration\Launcher.PlayerShellIntegration\bin\Release\net10.0-windows\Launcher.PlayerShellIntegration.Windows.dll" adapterTypeName="executor://xunit/VsTestRunner3/netcore/" className="Launcher.PlayerShellIntegration.LauncherThemeRuntimeTests" name="PlayerSettingsRoundTripEveryExposedCapability" />
    </UnitTest>
    <UnitTest name="Launcher.PlayerShellIntegration.LauncherEditorTests.OfflineProjectCanBeCreatedSavedLoadedAndRendered" storage="d:\chuanqi\kmyq\lyocrystal-main\windowsintegration\launcher.playershellintegration\bin\release\net10.0-windows\launcher.playershellintegration.windows.dll" id="8b784c4d-9504-d52a-9405-9f98a5afa40d">
      <Execution id="cf73b924-7fb3-469b-897c-125e27f25db5" />
      <TestMethod codeBase="D:\ChuanQi\Kmyq\LyoCrystal-main\WindowsIntegration\Launcher.PlayerShellIntegration\bin\Release\net10.0-windows\Launcher.PlayerShellIntegration.Windows.dll" adapterTypeName="executor://xunit/VsTestRunner3/netcore/" className="Launcher.PlayerShellIntegration.LauncherEditorTests" name="OfflineProjectCanBeCreatedSavedLoadedAndRendered" />
    </UnitTest>
    <UnitTest name="Launcher.PlayerShellIntegration.LauncherThemeRuntimeTests.PerMonitorV2WindowProcessesRealDpiMessageAndHitTests(kind: Widescreen, dpi: 96)" storage="d:\chuanqi\kmyq\lyocrystal-main\windowsintegration\launcher.playershellintegration\bin\release\net10.0-windows\launcher.playershellintegration.windows.dll" id="86762162-794f-8a5e-3c77-7dc262b0f1f3">
      <Execution id="25aa1a19-6f04-4b64-9510-5445464bcd1c" />
      <TestMethod codeBase="D:\ChuanQi\Kmyq\LyoCrystal-main\WindowsIntegration\Launcher.PlayerShellIntegration\bin\Release\net10.0-windows\Launcher.PlayerShellIntegration.Windows.dll" adapterTypeName="executor://xunit/VsTestRunner3/netcore/" className="Launcher.PlayerShellIntegration.LauncherThemeRuntimeTests" name="PerMonitorV2WindowProcessesRealDpiMessageAndHitTests" />
    </UnitTest>
    <UnitTest name="Launcher.PlayerShellIntegration.Windows.PlayerPayloadPackageTests.超过八十MiB时拒绝生成且不遗留正式入口" storage="d:\chuanqi\kmyq\lyocrystal-main\windowsintegration\launcher.playershellintegration\bin\release\net10.0-windows\launcher.playershellintegration.windows.dll" id="bf0cb94c-9303-0e34-1dc1-1b500864e204">
      <Execution id="8e9b3cb1-c795-4136-9a38-83ec0ce10aa2" />
      <TestMethod codeBase="D:\ChuanQi\Kmyq\LyoCrystal-main\WindowsIntegration\Launcher.PlayerShellIntegration\bin\Release\net10.0-windows\Launcher.PlayerShellIntegration.Windows.dll" adapterTypeName="executor://xunit/VsTestRunner3/netcore/" className="Launcher.PlayerShellIntegration.Windows.PlayerPayloadPackageTests" name="超过八十MiB时拒绝生成且不遗留正式入口" />
    </UnitTest>
    <UnitTest name="Launcher.PlayerShellIntegration.LauncherEditorTests.ImportRejectsOversizedIniBeforeReadingIt" storage="d:\chuanqi\kmyq\lyocrystal-main\windowsintegration\launcher.playershellintegration\bin\release\net10.0-windows\launcher.playershellintegration.windows.dll" id="7e4a0a6c-7da5-e82a-dc65-395d4993f43c">
      <Execution id="2348bee4-5f09-4eaa-ace9-fb4f6cc59f15" />
      <TestMethod codeBase="D:\ChuanQi\Kmyq\LyoCrystal-main\WindowsIntegration\Launcher.PlayerShellIntegration\bin\Release\net10.0-windows\Launcher.PlayerShellIntegration.Windows.dll" adapterTypeName="executor://xunit/VsTestRunner3/netcore/" className="Launcher.PlayerShellIntegration.LauncherEditorTests" name="ImportRejectsOversizedIniBeforeReadingIt" />
    </UnitTest>
    <UnitTest name="Launcher.PlayerShellIntegration.LauncherThemeRuntimeTests.CredentialManagerSeparatesProjects" storage="d:\chuanqi\kmyq\lyocrystal-main\windowsintegration\launcher.playershellintegration\bin\release\net10.0-windows\launcher.playershellintegration.windows.dll" id="767ebb52-30d1-ff84-0c3a-66a894762609">
      <Execution id="c64a9afa-d57d-48bc-879f-4d45e587b7eb" />
      <TestMethod codeBase="D:\ChuanQi\Kmyq\LyoCrystal-main\WindowsIntegration\Launcher.PlayerShellIntegration\bin\Release\net10.0-windows\Launcher.PlayerShellIntegration.Windows.dll" adapterTypeName="executor://xunit/VsTestRunner3/netcore/" className="Launcher.PlayerShellIntegration.LauncherThemeRuntimeTests" name="CredentialManagerSeparatesProjects" />
    </UnitTest>
    <UnitTest name="Launcher.PlayerShellIntegration.LauncherThemeRuntimeTests.PerMonitorV2WindowProcessesRealDpiMessageAndHitTests(kind: Compact, dpi: 96)" storage="d:\chuanqi\kmyq\lyocrystal-main\windowsintegration\launcher.playershellintegration\bin\release\net10.0-windows\launcher.playershellintegration.windows.dll" id="74862d10-537c-59c7-3b48-bccd6d0b505c">
      <Execution id="99ffcba8-71b4-4e3c-b86d-10816127667a" />
      <TestMethod codeBase="D:\ChuanQi\Kmyq\LyoCrystal-main\WindowsIntegration\Launcher.PlayerShellIntegration\bin\Release\net10.0-windows\Launcher.PlayerShellIntegration.Windows.dll" adapterTypeName="executor://xunit/VsTestRunner3/netcore/" className="Launcher.PlayerShellIntegration.LauncherThemeRuntimeTests" name="PerMonitorV2WindowProcessesRealDpiMessageAndHitTests" />
    </UnitTest>
    <UnitTest name="Launcher.PlayerShellIntegration.Windows.PlayerReplacementCoordinatorTests.强停发生在新版切换后会复验新版并提交日志" storage="d:\chuanqi\kmyq\lyocrystal-main\windowsintegration\launcher.playershellintegration\bin\release\net10.0-windows\launcher.playershellintegration.windows.dll" id="a503c561-d587-a0b3-d03e-6ba92a658f6d">
      <Execution id="2a4c9a99-3a06-49e8-a7bb-6000cdbe519f" />
      <TestMethod codeBase="D:\ChuanQi\Kmyq\LyoCrystal-main\WindowsIntegration\Launcher.PlayerShellIntegration\bin\Release\net10.0-windows\Launcher.PlayerShellIntegration.Windows.dll" adapterTypeName="executor://xunit/VsTestRunner3/netcore/" className="Launcher.PlayerShellIntegration.Windows.PlayerReplacementCoordinatorTests" name="强停发生在新版切换后会复验新版并提交日志" />
    </UnitTest>
    <UnitTest name="Launcher.PlayerShellIntegration.LauncherThemeRuntimeTests.SignedRemoteReleasePromotesAtomicallyAndKeepsLastKnownGood" storage="d:\chuanqi\kmyq\lyocrystal-main\windowsintegration\launcher.playershellintegration\bin\release\net10.0-windows\launcher.playershellintegration.windows.dll" id="2d6ce7ac-78ce-94fd-f60a-d38b6763470f">
      <Execution id="255d3311-1291-4147-aa6c-54db07c059c4" />
      <TestMethod codeBase="D:\ChuanQi\Kmyq\LyoCrystal-main\WindowsIntegration\Launcher.PlayerShellIntegration\bin\Release\net10.0-windows\Launcher.PlayerShellIntegration.Windows.dll" adapterTypeName="executor://xunit/VsTestRunner3/netcore/" className="Launcher.PlayerShellIntegration.LauncherThemeRuntimeTests" name="SignedRemoteReleasePromotesAtomicallyAndKeepsLastKnownGood" />
    </UnitTest>
    <UnitTest name="Launcher.PlayerShellIntegration.LauncherThemeRuntimeTests.PerMonitorV2WindowProcessesRealDpiMessageAndHitTests(kind: Widescreen, dpi: 192)" storage="d:\chuanqi\kmyq\lyocrystal-main\windowsintegration\launcher.playershellintegration\bin\release\net10.0-windows\launcher.playershellintegration.windows.dll" id="31ff9c85-675a-d440-e4fb-43f3944ab31f">
      <Execution id="85ec9f4f-8b1d-436f-8a2e-95d0005d6467" />
      <TestMethod codeBase="D:\ChuanQi\Kmyq\LyoCrystal-main\WindowsIntegration\Launcher.PlayerShellIntegration\bin\Release\net10.0-windows\Launcher.PlayerShellIntegration.Windows.dll" adapterTypeName="executor://xunit/VsTestRunner3/netcore/" className="Launcher.PlayerShellIntegration.LauncherThemeRuntimeTests" name="PerMonitorV2WindowProcessesRealDpiMessageAndHitTests" />
    </UnitTest>
    <UnitTest name="Launcher.PlayerShellIntegration.LauncherThemeRuntimeTests.PerMonitorV2WindowProcessesRealDpiMessageAndHitTests(kind: Compact, dpi: 120)" storage="d:\chuanqi\kmyq\lyocrystal-main\windowsintegration\launcher.playershellintegration\bin\release\net10.0-windows\launcher.playershellintegration.windows.dll" id="881874b3-0abd-6b3c-2fcb-8b73c4fcc4ec">
      <Execution id="1d47153f-2da4-49a6-9a2d-c065e124723d" />
      <TestMethod codeBase="D:\ChuanQi\Kmyq\LyoCrystal-main\WindowsIntegration\Launcher.PlayerShellIntegration\bin\Release\net10.0-windows\Launcher.PlayerShellIntegration.Windows.dll" adapterTypeName="executor://xunit/VsTestRunner3/netcore/" className="Launcher.PlayerShellIntegration.LauncherThemeRuntimeTests" name="PerMonitorV2WindowProcessesRealDpiMessageAndHitTests" />
    </UnitTest>
    <UnitTest name="Launcher.PlayerShellIntegration.LauncherThemeRuntimeTests.ThemeAssetsRejectJunctionEscape" storage="d:\chuanqi\kmyq\lyocrystal-main\windowsintegration\launcher.playershellintegration\bin\release\net10.0-windows\launcher.playershellintegration.windows.dll" id="1608c3c7-9377-0ab5-8ee2-4894e6819912">
      <Execution id="da0faf1a-a15f-4d24-acd9-0f8cd31d5ed4" />
      <TestMethod codeBase="D:\ChuanQi\Kmyq\LyoCrystal-main\WindowsIntegration\Launcher.PlayerShellIntegration\bin\Release\net10.0-windows\Launcher.PlayerShellIntegration.Windows.dll" adapterTypeName="executor://xunit/VsTestRunner3/netcore/" className="Launcher.PlayerShellIntegration.LauncherThemeRuntimeTests" name="ThemeAssetsRejectJunctionEscape" />
    </UnitTest>
    <UnitTest name="Launcher.PlayerShellIntegration.LauncherThemeRuntimeTests.IniSanitizerRemovesLegacyMicroCode" storage="d:\chuanqi\kmyq\lyocrystal-main\windowsintegration\launcher.playershellintegration\bin\release\net10.0-windows\launcher.playershellintegration.windows.dll" id="42f4f4be-4e4f-3d90-af36-c03fd5f03525">
      <Execution id="85839e36-f100-4756-9b3c-990d016bb73b" />
      <TestMethod codeBase="D:\ChuanQi\Kmyq\LyoCrystal-main\WindowsIntegration\Launcher.PlayerShellIntegration\bin\Release\net10.0-windows\Launcher.PlayerShellIntegration.Windows.dll" adapterTypeName="executor://xunit/VsTestRunner3/netcore/" className="Launcher.PlayerShellIntegration.LauncherThemeRuntimeTests" name="IniSanitizerRemovesLegacyMicroCode" />
    </UnitTest>
    <UnitTest name="Launcher.PlayerShellIntegration.LauncherThemeRuntimeTests.SettingsPanelComesFromSharedCapabilityRegistry" storage="d:\chuanqi\kmyq\lyocrystal-main\windowsintegration\launcher.playershellintegration\bin\release\net10.0-windows\launcher.playershellintegration.windows.dll" id="e3131172-2a93-08d6-bdd9-f9837a139bd1">
      <Execution id="aa2577f9-05fe-4531-a3ac-541a3de7f22e" />
      <TestMethod codeBase="D:\ChuanQi\Kmyq\LyoCrystal-main\WindowsIntegration\Launcher.PlayerShellIntegration\bin\Release\net10.0-windows\Launcher.PlayerShellIntegration.Windows.dll" adapterTypeName="executor://xunit/VsTestRunner3/netcore/" className="Launcher.PlayerShellIntegration.LauncherThemeRuntimeTests" name="SettingsPanelComesFromSharedCapabilityRegistry" />
    </UnitTest>
    <UnitTest name="Launcher.PlayerShellIntegration.Windows.PlayerPayloadPackageTests.玩家入口重命名后仍能校验并解包全部载荷" storage="d:\chuanqi\kmyq\lyocrystal-main\windowsintegration\launcher.playershellintegration\bin\release\net10.0-windows\launcher.playershellintegration.windows.dll" id="e3e378fc-cde2-29de-8579-b2e78bfe4f91">
      <Execution id="48bca770-23bd-4264-95b8-16dc548fa20c" />
      <TestMethod codeBase="D:\ChuanQi\Kmyq\LyoCrystal-main\WindowsIntegration\Launcher.PlayerShellIntegration\bin\Release\net10.0-windows\Launcher.PlayerShellIntegration.Windows.dll" adapterTypeName="executor://xunit/VsTestRunner3/netcore/" className="Launcher.PlayerShellIntegration.Windows.PlayerPayloadPackageTests" name="玩家入口重命名后仍能校验并解包全部载荷" />
    </UnitTest>
    <UnitTest name="Launcher.PlayerShellIntegration.LauncherEditorTests.ButtonBaseImageAndFourStateOverridesRenderFromProjectAssets" storage="d:\chuanqi\kmyq\lyocrystal-main\windowsintegration\launcher.playershellintegration\bin\release\net10.0-windows\launcher.playershellintegration.windows.dll" id="88c56199-9ebd-8fcb-01d4-9f75697b03ed">
      <Execution id="3fce8013-70cf-408f-b94e-7ec2a0bdb3f6" />
      <TestMethod codeBase="D:\ChuanQi\Kmyq\LyoCrystal-main\WindowsIntegration\Launcher.PlayerShellIntegration\bin\Release\net10.0-windows\Launcher.PlayerShellIntegration.Windows.dll" adapterTypeName="executor://xunit/VsTestRunner3/netcore/" className="Launcher.PlayerShellIntegration.LauncherEditorTests" name="ButtonBaseImageAndFourStateOverridesRenderFromProjectAssets" />
    </UnitTest>
    <UnitTest name="Launcher.PlayerShellIntegration.LauncherEditorTests.PreflightRejectsTruncatedServerName" storage="d:\chuanqi\kmyq\lyocrystal-main\windowsintegration\launcher.playershellintegration\bin\release\net10.0-windows\launcher.playershellintegration.windows.dll" id="b9983ecf-5ed3-b656-eb9f-c28adef59cf4">
      <Execution id="5c23a495-e71f-4240-bb25-37d5dc3c9744" />
      <TestMethod codeBase="D:\ChuanQi\Kmyq\LyoCrystal-main\WindowsIntegration\Launcher.PlayerShellIntegration\bin\Release\net10.0-windows\Launcher.PlayerShellIntegration.Windows.dll" adapterTypeName="executor://xunit/VsTestRunner3/netcore/" className="Launcher.PlayerShellIntegration.LauncherEditorTests" name="PreflightRejectsTruncatedServerName" />
    </UnitTest>
    <UnitTest name="Launcher.PlayerShellIntegration.LauncherThemeRuntimeTests.UnsignedRemoteAndCacheAreNeverLoadedByDefault" storage="d:\chuanqi\kmyq\lyocrystal-main\windowsintegration\launcher.playershellintegration\bin\release\net10.0-windows\launcher.playershellintegration.windows.dll" id="e9da03d3-7aea-cd42-3db2-6f36ffdba611">
      <Execution id="363ad8bf-cd2e-455a-92aa-2fcc0f46ce23" />
      <TestMethod codeBase="D:\ChuanQi\Kmyq\LyoCrystal-main\WindowsIntegration\Launcher.PlayerShellIntegration\bin\Release\net10.0-windows\Launcher.PlayerShellIntegration.Windows.dll" adapterTypeName="executor://xunit/VsTestRunner3/netcore/" className="Launcher.PlayerShellIntegration.LauncherThemeRuntimeTests" name="UnsignedRemoteAndCacheAreNeverLoadedByDefault" />
    </UnitTest>
    <UnitTest name="Launcher.PlayerShellIntegration.LauncherThemeRuntimeTests.ThreeTemplatesAndGmFixedModesValidate(template: Compact, mode: Dropdown)" storage="d:\chuanqi\kmyq\lyocrystal-main\windowsintegration\launcher.playershellintegration\bin\release\net10.0-windows\launcher.playershellintegration.windows.dll" id="b7eb676b-429e-ae91-28e4-e89bef75fc3a">
      <Execution id="4c990d78-1444-4a5c-9600-fdaba55d452f" />
      <TestMethod codeBase="D:\ChuanQi\Kmyq\LyoCrystal-main\WindowsIntegration\Launcher.PlayerShellIntegration\bin\Release\net10.0-windows\Launcher.PlayerShellIntegration.Windows.dll" adapterTypeName="executor://xunit/VsTestRunner3/netcore/" className="Launcher.PlayerShellIntegration.LauncherThemeRuntimeTests" name="ThreeTemplatesAndGmFixedModesValidate" />
    </UnitTest>
    <UnitTest name="Launcher.PlayerShellIntegration.Windows.PlayerReplacementCoordinatorTests.待替换入口被篡改时拒绝替换且旧版保持完整" storage="d:\chuanqi\kmyq\lyocrystal-main\windowsintegration\launcher.playershellintegration\bin\release\net10.0-windows\launcher.playershellintegration.windows.dll" id="5ab52fa2-49db-b600-4a48-63bd9811cc76">
      <Execution id="b64ff55d-864d-4c96-9877-c93ae00804c9" />
      <TestMethod codeBase="D:\ChuanQi\Kmyq\LyoCrystal-main\WindowsIntegration\Launcher.PlayerShellIntegration\bin\Release\net10.0-windows\Launcher.PlayerShellIntegration.Windows.dll" adapterTypeName="executor://xunit/VsTestRunner3/netcore/" className="Launcher.PlayerShellIntegration.Windows.PlayerReplacementCoordinatorTests" name="待替换入口被篡改时拒绝替换且旧版保持完整" />
    </UnitTest>
    <UnitTest name="Launcher.PlayerShellIntegration.Windows.PlayerReplacementCoordinatorTests.只有签名清单授权的新入口才会原子替换并保留旧版" storage="d:\chuanqi\kmyq\lyocrystal-main\windowsintegration\launcher.playershellintegration\bin\release\net10.0-windows\launcher.playershellintegration.windows.dll" id="8e46f264-82d2-cacc-99b6-ab09c9f12fe8">
      <Execution id="e21e778f-a9f1-4aaf-aacc-0de686b66d67" />
      <TestMethod codeBase="D:\ChuanQi\Kmyq\LyoCrystal-main\WindowsIntegration\Launcher.PlayerShellIntegration\bin\Release\net10.0-windows\Launcher.PlayerShellIntegration.Windows.dll" adapterTypeName="executor://xunit/VsTestRunner3/netcore/" className="Launcher.PlayerShellIntegration.Windows.PlayerReplacementCoordinatorTests" name="只有签名清单授权的新入口才会原子替换并保留旧版" />
    </UnitTest>
    <UnitTest name="Launcher.PlayerShellIntegration.LauncherThemeRuntimeTests.PerMonitorV2WindowProcessesRealDpiMessageAndHitTests(kind: Classic, dpi: 192)" storage="d:\chuanqi\kmyq\lyocrystal-main\windowsintegration\launcher.playershellintegration\bin\release\net10.0-windows\launcher.playershellintegration.windows.dll" id="b9b36ae2-49e9-51e8-e766-9a35441da392">
      <Execution id="b71a2642-d5d4-4033-bea6-3b583ccfd513" />
      <TestMethod codeBase="D:\ChuanQi\Kmyq\LyoCrystal-main\WindowsIntegration\Launcher.PlayerShellIntegration\bin\Release\net10.0-windows\Launcher.PlayerShellIntegration.Windows.dll" adapterTypeName="executor://xunit/VsTestRunner3/netcore/" className="Launcher.PlayerShellIntegration.LauncherThemeRuntimeTests" name="PerMonitorV2WindowProcessesRealDpiMessageAndHitTests" />
    </UnitTest>
    <UnitTest name="Launcher.PlayerShellIntegration.LauncherThemeRuntimeTests.ThreeTemplatesAndGmFixedModesValidate(template: Classic, mode: Dropdown)" storage="d:\chuanqi\kmyq\lyocrystal-main\windowsintegration\launcher.playershellintegration\bin\release\net10.0-windows\launcher.playershellintegration.windows.dll" id="d31b3dbf-3b3d-d420-9eec-972f02b95135">
      <Execution id="a00b2cab-366d-4894-b1ed-5059b577fe01" />
      <TestMethod codeBase="D:\ChuanQi\Kmyq\LyoCrystal-main\WindowsIntegration\Launcher.PlayerShellIntegration\bin\Release\net10.0-windows\Launcher.PlayerShellIntegration.Windows.dll" adapterTypeName="executor://xunit/VsTestRunner3/netcore/" className="Launcher.PlayerShellIntegration.LauncherThemeRuntimeTests" name="ThreeTemplatesAndGmFixedModesValidate" />
    </UnitTest>
  </TestDefinitions>
  <TestEntries>
    <TestEntry testId="b9983ecf-5ed3-b656-eb9f-c28adef59cf4" executionId="5c23a495-e71f-4240-bb25-37d5dc3c9744" testListId="8c84fa94-04c1-424b-9868-57a2d4851a1d" />
    <TestEntry testId="ac27ac78-c17a-9878-9543-c3dcbd3bb00a" executionId="58b5d643-fbce-48a5-8a4d-d40775d39f92" testListId="8c84fa94-04c1-424b-9868-57a2d4851a1d" />
    <TestEntry testId="c7237983-3490-bcb1-8e31-3759119932ae" executionId="61e61f81-b79c-495a-aef5-e3eb735bdbd9" testListId="8c84fa94-04c1-424b-9868-57a2d4851a1d" />
    <TestEntry testId="2d7e924e-c04a-d591-32a6-8e97999ef034" executionId="a83f7e96-ac4e-4e5a-838e-d06cdb493c0e" testListId="8c84fa94-04c1-424b-9868-57a2d4851a1d" />
    <TestEntry testId="e77a452e-dfd1-228a-85a3-89feeee0477f" executionId="d7c0926d-83c1-4392-bd7a-f218ad1b7f99" testListId="8c84fa94-04c1-424b-9868-57a2d4851a1d" />
    <TestEntry testId="1c7088a1-fa97-2183-1a56-9ce0622baadc" executionId="0161c044-4b1a-4ac7-81db-4b231527b3ac" testListId="8c84fa94-04c1-424b-9868-57a2d4851a1d" />
    <TestEntry testId="cdb20253-b2f9-1a5f-d0ac-5dbb781170ef" executionId="562f7c83-8a57-4718-8b34-00696fa25bc7" testListId="8c84fa94-04c1-424b-9868-57a2d4851a1d" />
    <TestEntry testId="5d544517-080d-2fbd-a487-778847a97d60" executionId="0c34ad3e-6c7f-43f2-9c10-1466a64c9e83" testListId="8c84fa94-04c1-424b-9868-57a2d4851a1d" />
    <TestEntry testId="52140599-6237-1247-3f29-194d5210779a" executionId="fe79b3e8-a411-4747-86be-40cf02ad979d" testListId="8c84fa94-04c1-424b-9868-57a2d4851a1d" />
    <TestEntry testId="e9da03d3-7aea-cd42-3db2-6f36ffdba611" executionId="363ad8bf-cd2e-455a-92aa-2fcc0f46ce23" testListId="8c84fa94-04c1-424b-9868-57a2d4851a1d" />
    <TestEntry testId="e3e378fc-cde2-29de-8579-b2e78bfe4f91" executionId="48bca770-23bd-4264-95b8-16dc548fa20c" testListId="8c84fa94-04c1-424b-9868-57a2d4851a1d" />
    <TestEntry testId="f4d2b5d6-c720-794e-13b0-ed91742df9cc" executionId="74daf6d8-6bf8-4316-b686-7ade35eddfd0" testListId="8c84fa94-04c1-424b-9868-57a2d4851a1d" />
    <TestEntry testId="6c4624c8-6608-8a4c-a599-5644de425ee8" executionId="255c2916-d392-4a35-a871-aa1326ee8803" testListId="8c84fa94-04c1-424b-9868-57a2d4851a1d" />
    <TestEntry testId="13305e02-d2c1-c7f8-6da4-d4c0fe2af552" executionId="0857ebfc-20e7-495c-96d6-2da9a34368eb" testListId="8c84fa94-04c1-424b-9868-57a2d4851a1d" />
    <TestEntry testId="79859e81-5b96-859a-aa53-70a9905c980b" executionId="4d90dbb5-34b2-479a-8072-a6cd4442bb4c" testListId="8c84fa94-04c1-424b-9868-57a2d4851a1d" />
    <TestEntry testId="9f879fdd-e05c-6c19-eac4-adb36ae1f60f" executionId="62e29f58-43c8-43cd-b1f6-a51d7ac073dd" testListId="8c84fa94-04c1-424b-9868-57a2d4851a1d" />
    <TestEntry testId="22f6eb1e-e32f-75b3-8b11-972c8b730249" executionId="01de6caf-7e52-453d-8efc-f32e8861d97a" testListId="8c84fa94-04c1-424b-9868-57a2d4851a1d" />
    <TestEntry testId="767ebb52-30d1-ff84-0c3a-66a894762609" executionId="c64a9afa-d57d-48bc-879f-4d45e587b7eb" testListId="8c84fa94-04c1-424b-9868-57a2d4851a1d" />
    <TestEntry testId="5ab52fa2-49db-b600-4a48-63bd9811cc76" executionId="b64ff55d-864d-4c96-9877-c93ae00804c9" testListId="8c84fa94-04c1-424b-9868-57a2d4851a1d" />
    <TestEntry testId="e1389e16-e515-146c-657d-29327f416878" executionId="e040edd8-a169-454d-98f2-19e632397977" testListId="8c84fa94-04c1-424b-9868-57a2d4851a1d" />
    <TestEntry testId="4f95ffae-c604-f673-08f8-8d70e27551e2" executionId="143e25a1-314c-4f7b-b473-cb2a15916a5f" testListId="8c84fa94-04c1-424b-9868-57a2d4851a1d" />
    <TestEntry testId="0d831441-3126-4d1f-fd8c-6b23d1dcaf13" executionId="af5e9370-d16b-405b-8b4e-4e15e798acbb" testListId="8c84fa94-04c1-424b-9868-57a2d4851a1d" />
    <TestEntry testId="23ac2183-6975-1826-e351-0fbf22b88404" executionId="3e0fd2d4-a6be-42a7-b061-fa182b22986e" testListId="8c84fa94-04c1-424b-9868-57a2d4851a1d" />
    <TestEntry testId="2d6ce7ac-78ce-94fd-f60a-d38b6763470f" executionId="255d3311-1291-4147-aa6c-54db07c059c4" testListId="8c84fa94-04c1-424b-9868-57a2d4851a1d" />
    <TestEntry testId="8e46f264-82d2-cacc-99b6-ab09c9f12fe8" executionId="e21e778f-a9f1-4aaf-aacc-0de686b66d67" testListId="8c84fa94-04c1-424b-9868-57a2d4851a1d" />
    <TestEntry testId="28f5a5d5-9cdb-69e3-4871-4cf49a9b10c6" executionId="ab640a94-b1ce-4638-9fa5-d46aedc86df7" testListId="8c84fa94-04c1-424b-9868-57a2d4851a1d" />
    <TestEntry testId="86762162-794f-8a5e-3c77-7dc262b0f1f3" executionId="25aa1a19-6f04-4b64-9510-5445464bcd1c" testListId="8c84fa94-04c1-424b-9868-57a2d4851a1d" />
    <TestEntry testId="79b21954-c1bd-0970-46db-a460838b9e48" executionId="73c313e5-7883-4d94-a9fa-f50da5757ad2" testListId="8c84fa94-04c1-424b-9868-57a2d4851a1d" />
    <TestEntry testId="b7eb676b-429e-ae91-28e4-e89bef75fc3a" executionId="4c990d78-1444-4a5c-9600-fdaba55d452f" testListId="8c84fa94-04c1-424b-9868-57a2d4851a1d" />
    <TestEntry testId="6e3abb81-78b3-e3f6-3931-9e5a7edf4601" executionId="f1c83c1c-5993-41f4-8f07-bfaa69e90720" testListId="8c84fa94-04c1-424b-9868-57a2d4851a1d" />
    <TestEntry testId="c5d07c57-ad53-498d-24e1-fba89a5c973d" executionId="f369f23c-eccf-41b9-bd11-981c51c3437c" testListId="8c84fa94-04c1-424b-9868-57a2d4851a1d" />
    <TestEntry testId="e1fb03fb-0dc3-48a5-f33d-ba35515fd73c" executionId="64d94546-0295-44f9-8fe6-d9fefb7cea32" testListId="8c84fa94-04c1-424b-9868-57a2d4851a1d" />
    <TestEntry testId="31ff9c85-675a-d440-e4fb-43f3944ab31f" executionId="85ec9f4f-8b1d-436f-8a2e-95d0005d6467" testListId="8c84fa94-04c1-424b-9868-57a2d4851a1d" />
    <TestEntry testId="2d20b936-d5a6-9fbc-0fa3-7b38369472b9" executionId="103f0f95-6678-4414-94dc-c6a5c0def92b" testListId="8c84fa94-04c1-424b-9868-57a2d4851a1d" />
    <TestEntry testId="c5ad8fd6-98fe-8a1b-24ff-42cc3b58973c" executionId="cca2e367-f9ad-4088-a179-bbb8ee16b787" testListId="8c84fa94-04c1-424b-9868-57a2d4851a1d" />
    <TestEntry testId="de705857-6209-c873-eb14-622493b31edb" executionId="6ade6eae-825d-44e3-ba63-9964f499f60a" testListId="8c84fa94-04c1-424b-9868-57a2d4851a1d" />
    <TestEntry testId="74862d10-537c-59c7-3b48-bccd6d0b505c" executionId="99ffcba8-71b4-4e3c-b86d-10816127667a" testListId="8c84fa94-04c1-424b-9868-57a2d4851a1d" />
    <TestEntry testId="3c6090f8-89a4-da30-8d36-e9270831684a" executionId="b9079c9f-f7f8-4ec7-a4a1-3033f0eb84a7" testListId="8c84fa94-04c1-424b-9868-57a2d4851a1d" />
    <TestEntry testId="ee464502-24a9-f32e-0e31-43c764f9c0c3" executionId="fe1083d4-d9d6-4fa4-8a9f-4014a50cdb18" testListId="8c84fa94-04c1-424b-9868-57a2d4851a1d" />
    <TestEntry testId="88c56199-9ebd-8fcb-01d4-9f75697b03ed" executionId="3fce8013-70cf-408f-b94e-7ec2a0bdb3f6" testListId="8c84fa94-04c1-424b-9868-57a2d4851a1d" />
    <TestEntry testId="9f41f2a3-5ae3-3480-e899-4304850ebe6e" executionId="3e2eaf78-7b43-4dcb-91f3-120aa1663581" testListId="8c84fa94-04c1-424b-9868-57a2d4851a1d" />
    <TestEntry testId="90733bd4-994f-6caa-ce01-241b10b51127" executionId="8e033b40-8035-4dc5-9db0-888e54cdfa0a" testListId="8c84fa94-04c1-424b-9868-57a2d4851a1d" />
    <TestEntry testId="12d0a768-103f-a6a2-ace6-4d22f6831d52" executionId="4fafcda0-ea92-4797-8afe-df6219a06c44" testListId="8c84fa94-04c1-424b-9868-57a2d4851a1d" />
    <TestEntry testId="7e4a0a6c-7da5-e82a-dc65-395d4993f43c" executionId="2348bee4-5f09-4eaa-ace9-fb4f6cc59f15" testListId="8c84fa94-04c1-424b-9868-57a2d4851a1d" />
    <TestEntry testId="121f7663-9474-90ca-3190-c3c22e94dcbc" executionId="46ce939d-4159-49b2-b0c0-b7fa56144cdd" testListId="8c84fa94-04c1-424b-9868-57a2d4851a1d" />
    <TestEntry testId="06d63066-9ec2-857e-6c9c-5f96d7c4fe99" executionId="69ded1ae-60c8-4326-9e09-879523af29bb" testListId="8c84fa94-04c1-424b-9868-57a2d4851a1d" />
    <TestEntry testId="b9b36ae2-49e9-51e8-e766-9a35441da392" executionId="b71a2642-d5d4-4033-bea6-3b583ccfd513" testListId="8c84fa94-04c1-424b-9868-57a2d4851a1d" />
    <TestEntry testId="be4d9e5d-5a51-7941-42e7-a26a6cab98da" executionId="53ea2aab-60f7-4523-8a5b-66813a598b03" testListId="8c84fa94-04c1-424b-9868-57a2d4851a1d" />
    <TestEntry testId="e235083a-70e1-7f6b-5338-4a48fc2d047d" executionId="41e926f3-ea8c-4f7f-a8be-d10683f246f6" testListId="8c84fa94-04c1-424b-9868-57a2d4851a1d" />
    <TestEntry testId="a503c561-d587-a0b3-d03e-6ba92a658f6d" executionId="2a4c9a99-3a06-49e8-a7bb-6000cdbe519f" testListId="8c84fa94-04c1-424b-9868-57a2d4851a1d" />
    <TestEntry testId="881874b3-0abd-6b3c-2fcb-8b73c4fcc4ec" executionId="1d47153f-2da4-49a6-9a2d-c065e124723d" testListId="8c84fa94-04c1-424b-9868-57a2d4851a1d" />
    <TestEntry testId="e3131172-2a93-08d6-bdd9-f9837a139bd1" executionId="aa2577f9-05fe-4531-a3ac-541a3de7f22e" testListId="8c84fa94-04c1-424b-9868-57a2d4851a1d" />
    <TestEntry testId="ef7670b7-d424-852a-3ae0-cc3c00fe2629" executionId="d3a56768-1b1c-4155-b802-d5448d7840e8" testListId="8c84fa94-04c1-424b-9868-57a2d4851a1d" />
    <TestEntry testId="1608c3c7-9377-0ab5-8ee2-4894e6819912" executionId="da0faf1a-a15f-4d24-acd9-0f8cd31d5ed4" testListId="8c84fa94-04c1-424b-9868-57a2d4851a1d" />
    <TestEntry testId="07db7cbf-e632-7ae4-3a81-b052b9729eeb" executionId="6cef7a61-e2c2-4f12-b6a2-b130ed894b3b" testListId="8c84fa94-04c1-424b-9868-57a2d4851a1d" />
    <TestEntry testId="42f4f4be-4e4f-3d90-af36-c03fd5f03525" executionId="85839e36-f100-4756-9b3c-990d016bb73b" testListId="8c84fa94-04c1-424b-9868-57a2d4851a1d" />
    <TestEntry testId="b3f08652-2ddf-41b8-5473-31579228719f" executionId="1d405105-55fc-46a6-9a1d-8ad9ea65acf5" testListId="8c84fa94-04c1-424b-9868-57a2d4851a1d" />
    <TestEntry testId="ca740aa1-2514-73a3-975e-b949942bfae1" executionId="28475875-bcae-4977-9a09-e0a2ad170738" testListId="8c84fa94-04c1-424b-9868-57a2d4851a1d" />
    <TestEntry testId="2550ab09-891d-d18c-c439-6b88906b20e4" executionId="e4d359d3-3fdd-4ef9-9e1d-6ba9b226cd4c" testListId="8c84fa94-04c1-424b-9868-57a2d4851a1d" />
    <TestEntry testId="d31b3dbf-3b3d-d420-9eec-972f02b95135" executionId="a00b2cab-366d-4894-b1ed-5059b577fe01" testListId="8c84fa94-04c1-424b-9868-57a2d4851a1d" />
    <TestEntry testId="bf0cb94c-9303-0e34-1dc1-1b500864e204" executionId="8e9b3cb1-c795-4136-9a38-83ec0ce10aa2" testListId="8c84fa94-04c1-424b-9868-57a2d4851a1d" />
    <TestEntry testId="c9e0aeaf-e00c-4eb1-201f-94b7d5ff2939" executionId="aa09d32d-3fb9-450a-89e7-a9e259d8e75b" testListId="8c84fa94-04c1-424b-9868-57a2d4851a1d" />
    <TestEntry testId="8b784c4d-9504-d52a-9405-9f98a5afa40d" executionId="cf73b924-7fb3-469b-897c-125e27f25db5" testListId="8c84fa94-04c1-424b-9868-57a2d4851a1d" />
  </TestEntries>
  <TestLists>
    <TestList name="列表中未列出的结果" id="8c84fa94-04c1-424b-9868-57a2d4851a1d" />
    <TestList name="所有已加载的结果" id="19431567-8539-422a-85d7-44ee4e166bda" />
  </TestLists>
  <ResultSummary outcome="Completed">
    <Counters total="63" executed="63" passed="63" failed="0" error="0" timeout="0" aborted="0" inconclusive="0" passedButRunAborted="0" notRunnable="0" notExecuted="0" disconnected="0" warning="0" completed="0" inProgress="0" pending="0" />
    <Output>
      <StdOut>[xUnit.net 00:00:00.00] xUnit.net VSTest Adapter v3.0.2+dd36e86129 (64-bit .NET 10.0.4)&#xD;
[xUnit.net 00:00:00.14]   Discovering: Launcher.PlayerShellIntegration.Windows&#xD;
[xUnit.net 00:00:00.21]   Discovered:  Launcher.PlayerShellIntegration.Windows&#xD;
[xUnit.net 00:00:00.26]   Starting:    Launcher.PlayerShellIntegration.Windows&#xD;
[xUnit.net 00:00:12.35]   Finished:    Launcher.PlayerShellIntegration.Windows&#xD;
</StdOut>
    </Output>
  </ResultSummary>
</TestRun>